129.226.151.198 - le989683 [24/Dec/2022:22:00:17 +0000] "GET transfer.aspx HTTP/1.1" 200 312 "https://pwnedcrowdsecbank.net/transfer_complete.aspx" "Mozilla/5.0+(compatible;+MSIE+9.0;+Windows+NT+6.1;+Win64;+x64;+Trident/5.0)"
129.226.151.198 - le989683 [24/Dec/2022:22:00:30 +0000] "GET favico.ico HTTP/1.1" 200 253 "https://pwnedcrowdsecbank.net/transfer.aspx" "Mozilla/5.0+(compatible;+MSIE+9.0;+Windows+NT+6.1;+Win64;+x64;+Trident/5.0)"
129.226.151.198 - le989683 [24/Dec/2022:22:00:30 +0000] "POST transfer.aspx?accountid=561003 HTTP/1.1" 200 277 "https://pwnedcrowdsecbank.net/transfer.aspx" "Mozilla/5.0+(compatible;+MSIE+9.0;+Windows+NT+6.1;+Win64;+x64;+Trident/5.0)"
129.226.151.198 - le989683 [24/Dec/2022:22:00:44 +0000] "GET template.css?v=dkslstdd HTTP/1.1" 200 303 "https://pwnedcrowdsecbank.net/transfer.aspx" "Mozilla/5.0+(compatible;+MSIE+9.0;+Windows+NT+6.1;+Win64;+x64;+Trident/5.0)"
129.226.151.198 - le989683 [24/Dec/2022:22:00:44 +0000] "GET transfer_complete.aspx HTTP/1.1" 200 319 "https://pwnedcrowdsecbank.net/transfer.aspx" "Mozilla/5.0+(compatible;+MSIE+9.0;+Windows+NT+6.1;+Win64;+x64;+Trident/5.0)"
129.226.151.198 - le989683 [24/Dec/2022:22:01:02 +0000] "GET main.css HTTP/1.1" 200 310 "https://pwnedcrowdsecbank.net/transfer_complete.aspx" "Mozilla/5.0+(compatible;+MSIE+9.0;+Windows+NT+6.1;+Win64;+x64;+Trident/5.0)"
129.226.151.198 - le989683 [24/Dec/2022:22:01:02 +0000] "GET transfer.aspx HTTP/1.1" 200 143 "https://pwnedcrowdsecbank.net/transfer_complete.aspx" "Mozilla/5.0+(compatible;+MSIE+9.0;+Windows+NT+6.1;+Win64;+x64;+Trident/5.0)"
129.226.151.198 - le989683 [24/Dec/2022:22:01:11 +0000] "GET template.css?v=wcleidcg HTTP/1.1" 200 262 "https://pwnedcrowdsecbank.net/transfer.aspx" "Mozilla/5.0+(compatible;+MSIE+9.0;+Windows+NT+6.1;+Win64;+x64;+Trident/5.0)"
129.226.151.198 - le989683 [24/Dec/2022:22:01:11 +0000] "POST transfer.aspx?accountid=941568 HTTP/1.1" 200 258 "https://pwnedcrowdsecbank.net/transfer.aspx" "Mozilla/5.0+(compatible;+MSIE+9.0;+Windows+NT+6.1;+Win64;+x64;+Trident/5.0)"
129.226.151.198 - le989683 [24/Dec/2022:22:01:38 +0000] "GET footer.css HTTP/1.1" 200 162 "https://pwnedcrowdsecbank.net/transfer.aspx" "Mozilla/5.0+(compatible;+MSIE+9.0;+Windows+NT+6.1;+Win64;+x64;+Trident/5.0)"
129.226.151.198 - le989683 [24/Dec/2022:22:01:38 +0000] "GET ydnsamcx.css HTTP/1.1" 200 276 "https://pwnedcrowdsecbank.net/transfer.aspx" "Mozilla/5.0+(compatible;+MSIE+9.0;+Windows+NT+6.1;+Win64;+x64;+Trident/5.0)"
129.226.151.198 - le989683 [24/Dec/2022:22:01:38 +0000] "GET main.css HTTP/1.1" 200 325 "https://pwnedcrowdsecbank.net/transfer.aspx" "Mozilla/5.0+(compatible;+MSIE+9.0;+Windows+NT+6.1;+Win64;+x64;+Trident/5.0)"
129.226.151.198 - le989683 [24/Dec/2022:22:01:38 +0000] "GET transfer_complete.aspx HTTP/1.1" 200 346 "https://pwnedcrowdsecbank.net/transfer.aspx" "Mozilla/5.0+(compatible;+MSIE+9.0;+Windows+NT+6.1;+Win64;+x64;+Trident/5.0)"
129.226.151.198 - - [24/Dec/2022:22:01:54 +0000] "GET footer.css HTTP/1.1" 200 295 "https://pwnedcrowdsecbank.net/transfer_complete.aspx" "Mozilla/5.0+(compatible;+MSIE+9.0;+Windows+NT+6.1;+Win64;+x64;+Trident/5.0)"
129.226.151.198 - - [24/Dec/2022:22:01:54 +0000] "GET vgmajzcj.css HTTP/1.1" 200 155 "https://pwnedcrowdsecbank.net/transfer_complete.aspx" "Mozilla/5.0+(compatible;+MSIE+9.0;+Windows+NT+6.1;+Win64;+x64;+Trident/5.0)"
129.226.151.198 - - [24/Dec/2022:22:01:54 +0000] "GET logout.aspx HTTP/1.1" 301 208 "https://pwnedcrowdsecbank.net/transfer_complete.aspx" "Mozilla/5.0+(compatible;+MSIE+9.0;+Windows+NT+6.1;+Win64;+x64;+Trident/5.0)"
149.71.69.182 - - [25/Dec/2022:08:37:59 +0000] "GET fhcsfaex.css HTTP/1.1" 200 268 "-" "Mozilla/5.0+(iPhone;+CPU+iPhone+OS+14_4+like+Mac+OS+X)+AppleWebKit/605.1.15+(KHTML,+like+Gecko)+Version/14.0.3+Mobile/15E148+Safari/604.1+Safari+14"
149.71.69.182 - - [25/Dec/2022:08:37:59 +0000] "GET index.aspx HTTP/1.1" 200 351 "-" "Mozilla/5.0+(iPhone;+CPU+iPhone+OS+14_4+like+Mac+OS+X)+AppleWebKit/605.1.15+(KHTML,+like+Gecko)+Version/14.0.3+Mobile/15E148+Safari/604.1+Safari+14"
149.71.69.182 - - [25/Dec/2022:08:38:23 +0000] "GET template.css?v=mzipihgs HTTP/1.1" 200 172 "https://pwnedcrowdsecbank.net/index.aspx" "Mozilla/5.0+(iPhone;+CPU+iPhone+OS+14_4+like+Mac+OS+X)+AppleWebKit/605.1.15+(KHTML,+like+Gecko)+Version/14.0.3+Mobile/15E148+Safari/604.1+Safari+14"
149.71.69.182 - - [25/Dec/2022:08:38:23 +0000] "GET index.aspx HTTP/1.1" 200 166 "https://pwnedcrowdsecbank.net/index.aspx" "Mozilla/5.0+(iPhone;+CPU+iPhone+OS+14_4+like+Mac+OS+X)+AppleWebKit/605.1.15+(KHTML,+like+Gecko)+Version/14.0.3+Mobile/15E148+Safari/604.1+Safari+14"
149.71.69.182 - - [25/Dec/2022:08:38:52 +0000] "GET footer.css HTTP/1.1" 200 318 "https://pwnedcrowdsecbank.net/index.aspx" "Mozilla/5.0+(iPhone;+CPU+iPhone+OS+14_4+like+Mac+OS+X)+AppleWebKit/605.1.15+(KHTML,+like+Gecko)+Version/14.0.3+Mobile/15E148+Safari/604.1+Safari+14"
149.71.69.182 - - [25/Dec/2022:08:38:52 +0000] "GET main.css HTTP/1.1" 200 239 "https://pwnedcrowdsecbank.net/index.aspx" "Mozilla/5.0+(iPhone;+CPU+iPhone+OS+14_4+like+Mac+OS+X)+AppleWebKit/605.1.15+(KHTML,+like+Gecko)+Version/14.0.3+Mobile/15E148+Safari/604.1+Safari+14"
149.71.69.182 - - [25/Dec/2022:08:38:52 +0000] "GET index.aspx HTTP/1.1" 301 245 "https://pwnedcrowdsecbank.net/index.aspx" "Mozilla/5.0+(iPhone;+CPU+iPhone+OS+14_4+like+Mac+OS+X)+AppleWebKit/605.1.15+(KHTML,+like+Gecko)+Version/14.0.3+Mobile/15E148+Safari/604.1+Safari+14"
149.71.69.182 - - [25/Dec/2022:08:39:20 +0000] "GET template.css?v=krhibfuq HTTP/1.1" 200 279 "https://pwnedcrowdsecbank.net/index.aspx" "Mozilla/5.0+(iPhone;+CPU+iPhone+OS+14_4+like+Mac+OS+X)+AppleWebKit/605.1.15+(KHTML,+like+Gecko)+Version/14.0.3+Mobile/15E148+Safari/604.1+Safari+14"
149.71.69.182 - - [25/Dec/2022:08:39:20 +0000] "GET favico.ico HTTP/1.1" 200 330 "https://pwnedcrowdsecbank.net/index.aspx" "Mozilla/5.0+(iPhone;+CPU+iPhone+OS+14_4+like+Mac+OS+X)+AppleWebKit/605.1.15+(KHTML,+like+Gecko)+Version/14.0.3+Mobile/15E148+Safari/604.1+Safari+14"
149.71.69.182 - - [25/Dec/2022:08:39:20 +0000] "GET onwiumuf.css HTTP/1.1" 200 183 "https://pwnedcrowdsecbank.net/index.aspx" "Mozilla/5.0+(iPhone;+CPU+iPhone+OS+14_4+like+Mac+OS+X)+AppleWebKit/605.1.15+(KHTML,+like+Gecko)+Version/14.0.3+Mobile/15E148+Safari/604.1+Safari+14"
149.71.69.182 - - [25/Dec/2022:08:39:20 +0000] "GET login.aspx HTTP/1.1" 200 134 "https://pwnedcrowdsecbank.net/index.aspx" "Mozilla/5.0+(iPhone;+CPU+iPhone+OS+14_4+like+Mac+OS+X)+AppleWebKit/605.1.15+(KHTML,+like+Gecko)+Version/14.0.3+Mobile/15E148+Safari/604.1+Safari+14"
149.71.69.182 - kw352082 [25/Dec/2022:08:39:42 +0000] "GET dluagazx.css HTTP/1.1" 200 365 "https://pwnedcrowdsecbank.net/login.aspx" "Mozilla/5.0+(iPhone;+CPU+iPhone+OS+14_4+like+Mac+OS+X)+AppleWebKit/605.1.15+(KHTML,+like+Gecko)+Version/14.0.3+Mobile/15E148+Safari/604.1+Safari+14"
149.71.69.182 - kw352082 [25/Dec/2022:08:39:42 +0000] "POST login.aspx HTTP/1.1" 301 221 "https://pwnedcrowdsecbank.net/login.aspx" "Mozilla/5.0+(iPhone;+CPU+iPhone+OS+14_4+like+Mac+OS+X)+AppleWebKit/605.1.15+(KHTML,+like+Gecko)+Version/14.0.3+Mobile/15E148+Safari/604.1+Safari+14"
149.71.69.182 - kw352082 [25/Dec/2022:08:39:56 +0000] "GET ixmblefe.js?v=835831 HTTP/1.1" 200 294 "https://pwnedcrowdsecbank.net/login.aspx" "Mozilla/5.0+(iPhone;+CPU+iPhone+OS+14_4+like+Mac+OS+X)+AppleWebKit/605.1.15+(KHTML,+like+Gecko)+Version/14.0.3+Mobile/15E148+Safari/604.1+Safari+14"
149.71.69.182 - kw352082 [25/Dec/2022:08:39:56 +0000] "GET account_status.aspx HTTP/1.1" 200 251 "https://pwnedcrowdsecbank.net/login.aspx" "Mozilla/5.0+(iPhone;+CPU+iPhone+OS+14_4+like+Mac+OS+X)+AppleWebKit/605.1.15+(KHTML,+like+Gecko)+Version/14.0.3+Mobile/15E148+Safari/604.1+Safari+14"
149.71.69.182 - kw352082 [25/Dec/2022:08:40:12 +0000] "GET main.css HTTP/1.1" 200 324 "https://pwnedcrowdsecbank.net/account_status.aspx" "Mozilla/5.0+(iPhone;+CPU+iPhone+OS+14_4+like+Mac+OS+X)+AppleWebKit/605.1.15+(KHTML,+like+Gecko)+Version/14.0.3+Mobile/15E148+Safari/604.1+Safari+14"
149.71.69.182 - kw352082 [25/Dec/2022:08:40:12 +0000] "GET transactions.aspx?page=2 HTTP/1.1" 200 177 "https://pwnedcrowdsecbank.net/account_status.aspx" "Mozilla/5.0+(iPhone;+CPU+iPhone+OS+14_4+like+Mac+OS+X)+AppleWebKit/605.1.15+(KHTML,+like+Gecko)+Version/14.0.3+Mobile/15E148+Safari/604.1+Safari+14"
149.71.69.182 - kw352082 [25/Dec/2022:08:40:15 +0000] "GET dlfesbmg.css HTTP/1.1" 200 241 "https://pwnedcrowdsecbank.net/transactions.aspx" "Mozilla/5.0+(iPhone;+CPU+iPhone+OS+14_4+like+Mac+OS+X)+AppleWebKit/605.1.15+(KHTML,+like+Gecko)+Version/14.0.3+Mobile/15E148+Safari/604.1+Safari+14"
149.71.69.182 - kw352082 [25/Dec/2022:08:40:15 +0000] "GET tdvljlwp.css HTTP/1.1" 200 312 "https://pwnedcrowdsecbank.net/transactions.aspx" "Mozilla/5.0+(iPhone;+CPU+iPhone+OS+14_4+like+Mac+OS+X)+AppleWebKit/605.1.15+(KHTML,+like+Gecko)+Version/14.0.3+Mobile/15E148+Safari/604.1+Safari+14"
149.71.69.182 - kw352082 [25/Dec/2022:08:40:15 +0000] "GET lnxcojsj.js?v=450215 HTTP/1.1" 200 340 "https://pwnedcrowdsecbank.net/transactions.aspx" "Mozilla/5.0+(iPhone;+CPU+iPhone+OS+14_4+like+Mac+OS+X)+AppleWebKit/605.1.15+(KHTML,+like+Gecko)+Version/14.0.3+Mobile/15E148+Safari/604.1+Safari+14"
149.71.69.182 - kw352082 [25/Dec/2022:08:40:15 +0000] "GET transactions.aspx?page=1 HTTP/1.1" 200 178 "https://pwnedcrowdsecbank.net/transactions.aspx" "Mozilla/5.0+(iPhone;+CPU+iPhone+OS+14_4+like+Mac+OS+X)+AppleWebKit/605.1.15+(KHTML,+like+Gecko)+Version/14.0.3+Mobile/15E148+Safari/604.1+Safari+14"
149.71.69.182 - - [25/Dec/2022:09:19:59 +0000] "GET main.css HTTP/1.1" 200 287 "-" "Mozilla/5.0+(iPhone;+CPU+iPhone+OS+14_4+like+Mac+OS+X)+AppleWebKit/605.1.15+(KHTML,+like+Gecko)+Version/14.0.3+Mobile/15E148+Safari/604.1+Safari+14"
149.71.69.182 - - [25/Dec/2022:09:19:59 +0000] "GET favico.ico HTTP/1.1" 200 339 "-" "Mozilla/5.0+(iPhone;+CPU+iPhone+OS+14_4+like+Mac+OS+X)+AppleWebKit/605.1.15+(KHTML,+like+Gecko)+Version/14.0.3+Mobile/15E148+Safari/604.1+Safari+14"
149.71.69.182 - - [25/Dec/2022:09:19:59 +0000] "GET index.aspx HTTP/1.1" 200 172 "-" "Mozilla/5.0+(iPhone;+CPU+iPhone+OS+14_4+like+Mac+OS+X)+AppleWebKit/605.1.15+(KHTML,+like+Gecko)+Version/14.0.3+Mobile/15E148+Safari/604.1+Safari+14"
149.71.69.182 - - [25/Dec/2022:09:20:03 +0000] "GET favico.ico HTTP/1.1" 200 191 "https://pwnedcrowdsecbank.net/index.aspx" "Mozilla/5.0+(iPhone;+CPU+iPhone+OS+14_4+like+Mac+OS+X)+AppleWebKit/605.1.15+(KHTML,+like+Gecko)+Version/14.0.3+Mobile/15E148+Safari/604.1+Safari+14"
149.71.69.182 - - [25/Dec/2022:09:20:03 +0000] "GET index.aspx HTTP/1.1" 200 239 "https://pwnedcrowdsecbank.net/index.aspx" "Mozilla/5.0+(iPhone;+CPU+iPhone+OS+14_4+like+Mac+OS+X)+AppleWebKit/605.1.15+(KHTML,+like+Gecko)+Version/14.0.3+Mobile/15E148+Safari/604.1+Safari+14"
149.71.69.182 - - [25/Dec/2022:09:20:25 +0000] "GET dewodzbo.css HTTP/1.1" 200 262 "https://pwnedcrowdsecbank.net/index.aspx" "Mozilla/5.0+(iPhone;+CPU+iPhone+OS+14_4+like+Mac+OS+X)+AppleWebKit/605.1.15+(KHTML,+like+Gecko)+Version/14.0.3+Mobile/15E148+Safari/604.1+Safari+14"
149.71.69.182 - - [25/Dec/2022:09:20:25 +0000] "GET tqlfbjpu.js?v=419782 HTTP/1.1" 200 209 "https://pwnedcrowdsecbank.net/index.aspx" "Mozilla/5.0+(iPhone;+CPU+iPhone+OS+14_4+like+Mac+OS+X)+AppleWebKit/605.1.15+(KHTML,+like+Gecko)+Version/14.0.3+Mobile/15E148+Safari/604.1+Safari+14"
149.71.69.182 - - [25/Dec/2022:09:20:25 +0000] "GET wcolkjnn.css HTTP/1.1" 200 274 "https://pwnedcrowdsecbank.net/index.aspx" "Mozilla/5.0+(iPhone;+CPU+iPhone+OS+14_4+like+Mac+OS+X)+AppleWebKit/605.1.15+(KHTML,+like+Gecko)+Version/14.0.3+Mobile/15E148+Safari/604.1+Safari+14"
149.71.69.182 - - [25/Dec/2022:09:20:25 +0000] "GET index.aspx HTTP/1.1" 301 233 "https://pwnedcrowdsecbank.net/index.aspx" "Mozilla/5.0+(iPhone;+CPU+iPhone+OS+14_4+like+Mac+OS+X)+AppleWebKit/605.1.15+(KHTML,+like+Gecko)+Version/14.0.3+Mobile/15E148+Safari/604.1+Safari+14"
149.71.69.182 - - [25/Dec/2022:09:20:43 +0000] "GET favico.ico HTTP/1.1" 200 173 "https://pwnedcrowdsecbank.net/index.aspx" "Mozilla/5.0+(iPhone;+CPU+iPhone+OS+14_4+like+Mac+OS+X)+AppleWebKit/605.1.15+(KHTML,+like+Gecko)+Version/14.0.3+Mobile/15E148+Safari/604.1+Safari+14"
149.71.69.182 - - [25/Dec/2022:09:20:43 +0000] "GET footer.css HTTP/1.1" 200 317 "https://pwnedcrowdsecbank.net/index.aspx" "Mozilla/5.0+(iPhone;+CPU+iPhone+OS+14_4+like+Mac+OS+X)+AppleWebKit/605.1.15+(KHTML,+like+Gecko)+Version/14.0.3+Mobile/15E148+Safari/604.1+Safari+14"
149.71.69.182 - - [25/Dec/2022:09:20:43 +0000] "GET login.aspx HTTP/1.1" 200 134 "https://pwnedcrowdsecbank.net/index.aspx" "Mozilla/5.0+(iPhone;+CPU+iPhone+OS+14_4+like+Mac+OS+X)+AppleWebKit/605.1.15+(KHTML,+like+Gecko)+Version/14.0.3+Mobile/15E148+Safari/604.1+Safari+14"
149.71.69.182 - kw352082 [25/Dec/2022:09:21:03 +0000] "GET template.css?v=rtigikfb HTTP/1.1" 200 169 "https://pwnedcrowdsecbank.net/login.aspx" "Mozilla/5.0+(iPhone;+CPU+iPhone+OS+14_4+like+Mac+OS+X)+AppleWebKit/605.1.15+(KHTML,+like+Gecko)+Version/14.0.3+Mobile/15E148+Safari/604.1+Safari+14"
149.71.69.182 - kw352082 [25/Dec/2022:09:21:03 +0000] "POST login.aspx HTTP/1.1" 301 167 "https://pwnedcrowdsecbank.net/login.aspx" "Mozilla/5.0+(iPhone;+CPU+iPhone+OS+14_4+like+Mac+OS+X)+AppleWebKit/605.1.15+(KHTML,+like+Gecko)+Version/14.0.3+Mobile/15E148+Safari/604.1+Safari+14"
149.71.69.182 - kw352082 [25/Dec/2022:09:21:17 +0000] "GET favico.ico HTTP/1.1" 200 295 "https://pwnedcrowdsecbank.net/login.aspx" "Mozilla/5.0+(iPhone;+CPU+iPhone+OS+14_4+like+Mac+OS+X)+AppleWebKit/605.1.15+(KHTML,+like+Gecko)+Version/14.0.3+Mobile/15E148+Safari/604.1+Safari+14"
149.71.69.182 - kw352082 [25/Dec/2022:09:21:17 +0000] "GET account_status.aspx HTTP/1.1" 200 192 "https://pwnedcrowdsecbank.net/login.aspx" "Mozilla/5.0+(iPhone;+CPU+iPhone+OS+14_4+like+Mac+OS+X)+AppleWebKit/605.1.15+(KHTML,+like+Gecko)+Version/14.0.3+Mobile/15E148+Safari/604.1+Safari+14"
149.71.69.182 - kw352082 [25/Dec/2022:09:21:39 +0000] "GET template.css?v=yhssdqan HTTP/1.1" 200 165 "https://pwnedcrowdsecbank.net/account_status.aspx" "Mozilla/5.0+(iPhone;+CPU+iPhone+OS+14_4+like+Mac+OS+X)+AppleWebKit/605.1.15+(KHTML,+like+Gecko)+Version/14.0.3+Mobile/15E148+Safari/604.1+Safari+14"
149.71.69.182 - kw352082 [25/Dec/2022:09:21:39 +0000] "GET transactions.aspx?page=2 HTTP/1.1" 200 210 "https://pwnedcrowdsecbank.net/account_status.aspx" "Mozilla/5.0+(iPhone;+CPU+iPhone+OS+14_4+like+Mac+OS+X)+AppleWebKit/605.1.15+(KHTML,+like+Gecko)+Version/14.0.3+Mobile/15E148+Safari/604.1+Safari+14"
149.71.69.182 - kw352082 [25/Dec/2022:09:21:44 +0000] "GET template.css?v=atahfozz HTTP/1.1" 200 270 "https://pwnedcrowdsecbank.net/transactions.aspx" "Mozilla/5.0+(iPhone;+CPU+iPhone+OS+14_4+like+Mac+OS+X)+AppleWebKit/605.1.15+(KHTML,+like+Gecko)+Version/14.0.3+Mobile/15E148+Safari/604.1+Safari+14"
149.71.69.182 - kw352082 [25/Dec/2022:09:21:44 +0000] "GET main.css HTTP/1.1" 200 204 "https://pwnedcrowdsecbank.net/transactions.aspx" "Mozilla/5.0+(iPhone;+CPU+iPhone+OS+14_4+like+Mac+OS+X)+AppleWebKit/605.1.15+(KHTML,+like+Gecko)+Version/14.0.3+Mobile/15E148+Safari/604.1+Safari+14"
149.71.69.182 - kw352082 [25/Dec/2022:09:21:44 +0000] "GET qnmjkfve.css HTTP/1.1" 200 275 "https://pwnedcrowdsecbank.net/transactions.aspx" "Mozilla/5.0+(iPhone;+CPU+iPhone+OS+14_4+like+Mac+OS+X)+AppleWebKit/605.1.15+(KHTML,+like+Gecko)+Version/14.0.3+Mobile/15E148+Safari/604.1+Safari+14"
149.71.69.182 - kw352082 [25/Dec/2022:09:21:44 +0000] "GET transactions.aspx?page=1 HTTP/1.1" 200 267 "https://pwnedcrowdsecbank.net/transactions.aspx" "Mozilla/5.0+(iPhone;+CPU+iPhone+OS+14_4+like+Mac+OS+X)+AppleWebKit/605.1.15+(KHTML,+like+Gecko)+Version/14.0.3+Mobile/15E148+Safari/604.1+Safari+14"
149.71.69.182 - kw352082 [25/Dec/2022:09:21:54 +0000] "GET main.css HTTP/1.1" 200 173 "https://pwnedcrowdsecbank.net/transactions.aspx" "Mozilla/5.0+(iPhone;+CPU+iPhone+OS+14_4+like+Mac+OS+X)+AppleWebKit/605.1.15+(KHTML,+like+Gecko)+Version/14.0.3+Mobile/15E148+Safari/604.1+Safari+14"
149.71.69.182 - kw352082 [25/Dec/2022:09:21:54 +0000] "GET transactions.aspx?page=2 HTTP/1.1" 200 300 "https://pwnedcrowdsecbank.net/transactions.aspx" "Mozilla/5.0+(iPhone;+CPU+iPhone+OS+14_4+like+Mac+OS+X)+AppleWebKit/605.1.15+(KHTML,+like+Gecko)+Version/14.0.3+Mobile/15E148+Safari/604.1+Safari+14"
149.71.69.182 - kw352082 [25/Dec/2022:09:22:21 +0000] "GET xfuaowja.css HTTP/1.1" 404 210 "https://pwnedcrowdsecbank.net/transactions.aspx" "Mozilla/5.0+(iPhone;+CPU+iPhone+OS+14_4+like+Mac+OS+X)+AppleWebKit/605.1.15+(KHTML,+like+Gecko)+Version/14.0.3+Mobile/15E148+Safari/604.1+Safari+14"
149.71.69.182 - kw352082 [25/Dec/2022:09:22:21 +0000] "GET transactions.aspx?page=3 HTTP/1.1" 200 172 "https://pwnedcrowdsecbank.net/transactions.aspx" "Mozilla/5.0+(iPhone;+CPU+iPhone+OS+14_4+like+Mac+OS+X)+AppleWebKit/605.1.15+(KHTML,+like+Gecko)+Version/14.0.3+Mobile/15E148+Safari/604.1+Safari+14"
149.71.69.182 - kw352082 [25/Dec/2022:09:22:40 +0000] "GET main.css HTTP/1.1" 200 201 "https://pwnedcrowdsecbank.net/transactions.aspx" "Mozilla/5.0+(iPhone;+CPU+iPhone+OS+14_4+like+Mac+OS+X)+AppleWebKit/605.1.15+(KHTML,+like+Gecko)+Version/14.0.3+Mobile/15E148+Safari/604.1+Safari+14"
149.71.69.182 - kw352082 [25/Dec/2022:09:22:40 +0000] "GET main.css HTTP/1.1" 200 364 "https://pwnedcrowdsecbank.net/transactions.aspx" "Mozilla/5.0+(iPhone;+CPU+iPhone+OS+14_4+like+Mac+OS+X)+AppleWebKit/605.1.15+(KHTML,+like+Gecko)+Version/14.0.3+Mobile/15E148+Safari/604.1+Safari+14"
149.71.69.182 - kw352082 [25/Dec/2022:09:22:40 +0000] "GET jokaosvh.css HTTP/1.1" 200 151 "https://pwnedcrowdsecbank.net/transactions.aspx" "Mozilla/5.0+(iPhone;+CPU+iPhone+OS+14_4+like+Mac+OS+X)+AppleWebKit/605.1.15+(KHTML,+like+Gecko)+Version/14.0.3+Mobile/15E148+Safari/604.1+Safari+14"
149.71.69.182 - kw352082 [25/Dec/2022:09:22:40 +0000] "GET transactions.aspx?page=4 HTTP/1.1" 200 139 "https://pwnedcrowdsecbank.net/transactions.aspx" "Mozilla/5.0+(iPhone;+CPU+iPhone+OS+14_4+like+Mac+OS+X)+AppleWebKit/605.1.15+(KHTML,+like+Gecko)+Version/14.0.3+Mobile/15E148+Safari/604.1+Safari+14"
176.105.165.16 - - [25/Dec/2022:12:54:59 +0000] "GET cuejkxwy.css HTTP/1.1" 404 359 "-" "Mozilla/5.0+(Windows+NT+6.1;+Win64;+x64)+AppleWebKit/537.36+(KHTML,+like+Gecko)+Chrome/60.0.3112.90+Safari/537.36"
176.105.165.16 - - [25/Dec/2022:12:54:59 +0000] "GET index.aspx HTTP/1.1" 200 261 "-" "Mozilla/5.0+(Windows+NT+6.1;+Win64;+x64)+AppleWebKit/537.36+(KHTML,+like+Gecko)+Chrome/60.0.3112.90+Safari/537.36"
41.78.110.151 - - [25/Dec/2022:12:54:59 +0000] "GET mkoiysqy.css HTTP/1.1" 200 321 "-" "Mozilla/5.0+(compatible;+MSIE+9.0;+Windows+NT+6.1;+Win64;+x64;+Trident/5.0)"
41.78.110.151 - - [25/Dec/2022:12:54:59 +0000] "GET index.aspx HTTP/1.1" 301 362 "-" "Mozilla/5.0+(compatible;+MSIE+9.0;+Windows+NT+6.1;+Win64;+x64;+Trident/5.0)"
176.105.165.16 - - [25/Dec/2022:12:55:07 +0000] "GET footer.css HTTP/1.1" 200 166 "https://pwnedcrowdsecbank.net/index.aspx" "Mozilla/5.0+(Windows+NT+6.1;+Win64;+x64)+AppleWebKit/537.36+(KHTML,+like+Gecko)+Chrome/60.0.3112.90+Safari/537.36"
176.105.165.16 - - [25/Dec/2022:12:55:07 +0000] "GET index.aspx HTTP/1.1" 200 364 "https://pwnedcrowdsecbank.net/index.aspx" "Mozilla/5.0+(Windows+NT+6.1;+Win64;+x64)+AppleWebKit/537.36+(KHTML,+like+Gecko)+Chrome/60.0.3112.90+Safari/537.36"
176.105.165.16 - - [25/Dec/2022:12:55:16 +0000] "GET khvzayzo.css HTTP/1.1" 200 143 "https://pwnedcrowdsecbank.net/index.aspx" "Mozilla/5.0+(Windows+NT+6.1;+Win64;+x64)+AppleWebKit/537.36+(KHTML,+like+Gecko)+Chrome/60.0.3112.90+Safari/537.36"
176.105.165.16 - - [25/Dec/2022:12:55:16 +0000] "GET axeohlxj.js?v=533722 HTTP/1.1" 200 317 "https://pwnedcrowdsecbank.net/index.aspx" "Mozilla/5.0+(Windows+NT+6.1;+Win64;+x64)+AppleWebKit/537.36+(KHTML,+like+Gecko)+Chrome/60.0.3112.90+Safari/537.36"
176.105.165.16 - - [25/Dec/2022:12:55:16 +0000] "GET footer.css HTTP/1.1" 200 332 "https://pwnedcrowdsecbank.net/index.aspx" "Mozilla/5.0+(Windows+NT+6.1;+Win64;+x64)+AppleWebKit/537.36+(KHTML,+like+Gecko)+Chrome/60.0.3112.90+Safari/537.36"
176.105.165.16 - - [25/Dec/2022:12:55:16 +0000] "GET index.aspx HTTP/1.1" 301 255 "https://pwnedcrowdsecbank.net/index.aspx" "Mozilla/5.0+(Windows+NT+6.1;+Win64;+x64)+AppleWebKit/537.36+(KHTML,+like+Gecko)+Chrome/60.0.3112.90+Safari/537.36"
41.78.110.151 - - [25/Dec/2022:12:55:25 +0000] "POST login.aspx HTTP/1.1" 401 271 "https://pwnedcrowdsecbank.net/index.aspx" "Mozilla/5.0+(compatible;+MSIE+9.0;+Windows+NT+6.1;+Win64;+x64;+Trident/5.0)"
41.78.110.151 - - [25/Dec/2022:12:55:26 +0000] "POST login.aspx HTTP/1.1" 401 295 "https://pwnedcrowdsecbank.net/login.aspx" "Mozilla/5.0+(compatible;+MSIE+9.0;+Windows+NT+6.1;+Win64;+x64;+Trident/5.0)"
176.105.165.16 - - [25/Dec/2022:12:55:28 +0000] "GET pqhwvsxm.css HTTP/1.1" 200 273 "https://pwnedcrowdsecbank.net/index.aspx" "Mozilla/5.0+(Windows+NT+6.1;+Win64;+x64)+AppleWebKit/537.36+(KHTML,+like+Gecko)+Chrome/60.0.3112.90+Safari/537.36"
176.105.165.16 - - [25/Dec/2022:12:55:28 +0000] "GET login.aspx HTTP/1.1" 200 159 "https://pwnedcrowdsecbank.net/index.aspx" "Mozilla/5.0+(Windows+NT+6.1;+Win64;+x64)+AppleWebKit/537.36+(KHTML,+like+Gecko)+Chrome/60.0.3112.90+Safari/537.36"
41.78.110.151 - - [25/Dec/2022:12:55:28 +0000] "POST login.aspx HTTP/1.1" 401 302 "https://pwnedcrowdsecbank.net/login.aspx" "Mozilla/5.0+(compatible;+MSIE+9.0;+Windows+NT+6.1;+Win64;+x64;+Trident/5.0)"
41.78.110.151 - - [25/Dec/2022:12:55:30 +0000] "POST login.aspx HTTP/1.1" 401 307 "https://pwnedcrowdsecbank.net/login.aspx" "Mozilla/5.0+(compatible;+MSIE+9.0;+Windows+NT+6.1;+Win64;+x64;+Trident/5.0)"
41.78.110.151 - - [25/Dec/2022:12:55:32 +0000] "POST login.aspx HTTP/1.1" 401 173 "https://pwnedcrowdsecbank.net/login.aspx" "Mozilla/5.0+(compatible;+MSIE+9.0;+Windows+NT+6.1;+Win64;+x64;+Trident/5.0)"
176.105.165.16 - co288302 [25/Dec/2022:12:55:35 +0000] "GET favico.ico HTTP/1.1" 200 369 "https://pwnedcrowdsecbank.net/login.aspx" "Mozilla/5.0+(Windows+NT+6.1;+Win64;+x64)+AppleWebKit/537.36+(KHTML,+like+Gecko)+Chrome/60.0.3112.90+Safari/537.36"
176.105.165.16 - co288302 [25/Dec/2022:12:55:35 +0000] "GET favico.ico HTTP/1.1" 200 216 "https://pwnedcrowdsecbank.net/login.aspx" "Mozilla/5.0+(Windows+NT+6.1;+Win64;+x64)+AppleWebKit/537.36+(KHTML,+like+Gecko)+Chrome/60.0.3112.90+Safari/537.36"
176.105.165.16 - co288302 [25/Dec/2022:12:55:35 +0000] "GET evtzkozg.css HTTP/1.1" 200 350 "https://pwnedcrowdsecbank.net/login.aspx" "Mozilla/5.0+(Windows+NT+6.1;+Win64;+x64)+AppleWebKit/537.36+(KHTML,+like+Gecko)+Chrome/60.0.3112.90+Safari/537.36"
176.105.165.16 - co288302 [25/Dec/2022:12:55:35 +0000] "POST login.aspx HTTP/1.1" 301 256 "https://pwnedcrowdsecbank.net/login.aspx" "Mozilla/5.0+(Windows+NT+6.1;+Win64;+x64)+AppleWebKit/537.36+(KHTML,+like+Gecko)+Chrome/60.0.3112.90+Safari/537.36"
41.78.110.151 - - [25/Dec/2022:12:55:35 +0000] "POST login.aspx HTTP/1.1" 401 286 "https://pwnedcrowdsecbank.net/login.aspx" "Mozilla/5.0+(compatible;+MSIE+9.0;+Windows+NT+6.1;+Win64;+x64;+Trident/5.0)"
41.78.110.151 - - [25/Dec/2022:12:55:37 +0000] "POST login.aspx HTTP/1.1" 401 319 "https://pwnedcrowdsecbank.net/login.aspx" "Mozilla/5.0+(compatible;+MSIE+9.0;+Windows+NT+6.1;+Win64;+x64;+Trident/5.0)"
41.78.110.151 - - [25/Dec/2022:12:55:39 +0000] "POST login.aspx HTTP/1.1" 401 190 "https://pwnedcrowdsecbank.net/login.aspx" "Mozilla/5.0+(compatible;+MSIE+9.0;+Windows+NT+6.1;+Win64;+x64;+Trident/5.0)"
41.78.110.151 - - [25/Dec/2022:12:55:40 +0000] "POST login.aspx HTTP/1.1" 401 278 "https://pwnedcrowdsecbank.net/login.aspx" "Mozilla/5.0+(compatible;+MSIE+9.0;+Windows+NT+6.1;+Win64;+x64;+Trident/5.0)"
41.78.110.151 - - [25/Dec/2022:12:55:42 +0000] "POST login.aspx HTTP/1.1" 401 288 "https://pwnedcrowdsecbank.net/login.aspx" "Mozilla/5.0+(compatible;+MSIE+9.0;+Windows+NT+6.1;+Win64;+x64;+Trident/5.0)"
41.78.110.151 - - [25/Dec/2022:12:55:44 +0000] "POST login.aspx HTTP/1.1" 401 364 "https://pwnedcrowdsecbank.net/login.aspx" "Mozilla/5.0+(compatible;+MSIE+9.0;+Windows+NT+6.1;+Win64;+x64;+Trident/5.0)"
41.78.110.151 - - [25/Dec/2022:12:55:45 +0000] "POST login.aspx HTTP/1.1" 401 235 "https://pwnedcrowdsecbank.net/login.aspx" "Mozilla/5.0+(compatible;+MSIE+9.0;+Windows+NT+6.1;+Win64;+x64;+Trident/5.0)"
41.78.110.151 - - [25/Dec/2022:12:55:46 +0000] "POST login.aspx HTTP/1.1" 401 369 "https://pwnedcrowdsecbank.net/login.aspx" "Mozilla/5.0+(compatible;+MSIE+9.0;+Windows+NT+6.1;+Win64;+x64;+Trident/5.0)"
41.78.110.151 - - [25/Dec/2022:12:55:48 +0000] "POST login.aspx HTTP/1.1" 401 160 "https://pwnedcrowdsecbank.net/login.aspx" "Mozilla/5.0+(compatible;+MSIE+9.0;+Windows+NT+6.1;+Win64;+x64;+Trident/5.0)"
41.78.110.151 - - [25/Dec/2022:12:55:50 +0000] "POST login.aspx HTTP/1.1" 401 223 "https://pwnedcrowdsecbank.net/login.aspx" "Mozilla/5.0+(compatible;+MSIE+9.0;+Windows+NT+6.1;+Win64;+x64;+Trident/5.0)"
41.78.110.151 - - [25/Dec/2022:12:55:53 +0000] "POST login.aspx HTTP/1.1" 401 158 "https://pwnedcrowdsecbank.net/login.aspx" "Mozilla/5.0+(compatible;+MSIE+9.0;+Windows+NT+6.1;+Win64;+x64;+Trident/5.0)"
41.78.110.151 - - [25/Dec/2022:12:55:56 +0000] "POST login.aspx HTTP/1.1" 401 269 "https://pwnedcrowdsecbank.net/login.aspx" "Mozilla/5.0+(compatible;+MSIE+9.0;+Windows+NT+6.1;+Win64;+x64;+Trident/5.0)"
41.78.110.151 - - [25/Dec/2022:12:55:59 +0000] "POST login.aspx HTTP/1.1" 401 156 "https://pwnedcrowdsecbank.net/login.aspx" "Mozilla/5.0+(compatible;+MSIE+9.0;+Windows+NT+6.1;+Win64;+x64;+Trident/5.0)"
41.78.110.151 - - [25/Dec/2022:12:56:00 +0000] "POST login.aspx HTTP/1.1" 401 356 "https://pwnedcrowdsecbank.net/login.aspx" "Mozilla/5.0+(compatible;+MSIE+9.0;+Windows+NT+6.1;+Win64;+x64;+Trident/5.0)"
41.78.110.151 - - [25/Dec/2022:12:56:02 +0000] "POST login.aspx HTTP/1.1" 401 301 "https://pwnedcrowdsecbank.net/login.aspx" "Mozilla/5.0+(compatible;+MSIE+9.0;+Windows+NT+6.1;+Win64;+x64;+Trident/5.0)"
176.105.165.16 - co288302 [25/Dec/2022:12:56:03 +0000] "GET footer.css HTTP/1.1" 200 343 "https://pwnedcrowdsecbank.net/login.aspx" "Mozilla/5.0+(Windows+NT+6.1;+Win64;+x64)+AppleWebKit/537.36+(KHTML,+like+Gecko)+Chrome/60.0.3112.90+Safari/537.36"
176.105.165.16 - co288302 [25/Dec/2022:12:56:03 +0000] "GET favico.ico HTTP/1.1" 200 263 "https://pwnedcrowdsecbank.net/login.aspx" "Mozilla/5.0+(Windows+NT+6.1;+Win64;+x64)+AppleWebKit/537.36+(KHTML,+like+Gecko)+Chrome/60.0.3112.90+Safari/537.36"
176.105.165.16 - co288302 [25/Dec/2022:12:56:03 +0000] "GET account_status.aspx HTTP/1.1" 200 211 "https://pwnedcrowdsecbank.net/login.aspx" "Mozilla/5.0+(Windows+NT+6.1;+Win64;+x64)+AppleWebKit/537.36+(KHTML,+like+Gecko)+Chrome/60.0.3112.90+Safari/537.36"
41.78.110.151 - - [25/Dec/2022:12:56:05 +0000] "POST login.aspx HTTP/1.1" 401 231 "https://pwnedcrowdsecbank.net/login.aspx" "Mozilla/5.0+(compatible;+MSIE+9.0;+Windows+NT+6.1;+Win64;+x64;+Trident/5.0)"
41.78.110.151 - - [25/Dec/2022:12:56:06 +0000] "POST login.aspx HTTP/1.1" 401 335 "https://pwnedcrowdsecbank.net/login.aspx" "Mozilla/5.0+(compatible;+MSIE+9.0;+Windows+NT+6.1;+Win64;+x64;+Trident/5.0)"
41.78.110.151 - - [25/Dec/2022:12:56:09 +0000] "POST login.aspx HTTP/1.1" 401 160 "https://pwnedcrowdsecbank.net/login.aspx" "Mozilla/5.0+(compatible;+MSIE+9.0;+Windows+NT+6.1;+Win64;+x64;+Trident/5.0)"
176.105.165.16 - co288302 [25/Dec/2022:12:56:12 +0000] "GET footer.css HTTP/1.1" 200 259 "https://pwnedcrowdsecbank.net/account_status.aspx" "Mozilla/5.0+(Windows+NT+6.1;+Win64;+x64)+AppleWebKit/537.36+(KHTML,+like+Gecko)+Chrome/60.0.3112.90+Safari/537.36"
176.105.165.16 - co288302 [25/Dec/2022:12:56:12 +0000] "GET favico.ico HTTP/1.1" 200 248 "https://pwnedcrowdsecbank.net/account_status.aspx" "Mozilla/5.0+(Windows+NT+6.1;+Win64;+x64)+AppleWebKit/537.36+(KHTML,+like+Gecko)+Chrome/60.0.3112.90+Safari/537.36"
176.105.165.16 - co288302 [25/Dec/2022:12:56:12 +0000] "GET transactions.aspx?page=2 HTTP/1.1" 200 251 "https://pwnedcrowdsecbank.net/account_status.aspx" "Mozilla/5.0+(Windows+NT+6.1;+Win64;+x64)+AppleWebKit/537.36+(KHTML,+like+Gecko)+Chrome/60.0.3112.90+Safari/537.36"
41.78.110.151 - - [25/Dec/2022:12:56:12 +0000] "POST login.aspx HTTP/1.1" 401 237 "https://pwnedcrowdsecbank.net/login.aspx" "Mozilla/5.0+(compatible;+MSIE+9.0;+Windows+NT+6.1;+Win64;+x64;+Trident/5.0)"
41.78.110.151 - - [25/Dec/2022:12:56:13 +0000] "POST login.aspx HTTP/1.1" 401 186 "https://pwnedcrowdsecbank.net/login.aspx" "Mozilla/5.0+(compatible;+MSIE+9.0;+Windows+NT+6.1;+Win64;+x64;+Trident/5.0)"
41.78.110.151 - - [25/Dec/2022:12:56:14 +0000] "POST login.aspx HTTP/1.1" 401 245 "https://pwnedcrowdsecbank.net/login.aspx" "Mozilla/5.0+(compatible;+MSIE+9.0;+Windows+NT+6.1;+Win64;+x64;+Trident/5.0)"
176.105.165.16 - co288302 [25/Dec/2022:12:56:16 +0000] "GET xmlksqyg.css HTTP/1.1" 200 278 "https://pwnedcrowdsecbank.net/transactions.aspx" "Mozilla/5.0+(Windows+NT+6.1;+Win64;+x64)+AppleWebKit/537.36+(KHTML,+like+Gecko)+Chrome/60.0.3112.90+Safari/537.36"
176.105.165.16 - co288302 [25/Dec/2022:12:56:16 +0000] "GET opzdukhd.css HTTP/1.1" 200 158 "https://pwnedcrowdsecbank.net/transactions.aspx" "Mozilla/5.0+(Windows+NT+6.1;+Win64;+x64)+AppleWebKit/537.36+(KHTML,+like+Gecko)+Chrome/60.0.3112.90+Safari/537.36"
176.105.165.16 - co288302 [25/Dec/2022:12:56:16 +0000] "GET pohmwtoa.js?v=795680 HTTP/1.1" 200 347 "https://pwnedcrowdsecbank.net/transactions.aspx" "Mozilla/5.0+(Windows+NT+6.1;+Win64;+x64)+AppleWebKit/537.36+(KHTML,+like+Gecko)+Chrome/60.0.3112.90+Safari/537.36"
176.105.165.16 - co288302 [25/Dec/2022:12:56:16 +0000] "GET transactions.aspx?page=1 HTTP/1.1" 200 355 "https://pwnedcrowdsecbank.net/transactions.aspx" "Mozilla/5.0+(Windows+NT+6.1;+Win64;+x64)+AppleWebKit/537.36+(KHTML,+like+Gecko)+Chrome/60.0.3112.90+Safari/537.36"
41.78.110.151 - - [25/Dec/2022:12:56:16 +0000] "POST login.aspx HTTP/1.1" 401 257 "https://pwnedcrowdsecbank.net/login.aspx" "Mozilla/5.0+(compatible;+MSIE+9.0;+Windows+NT+6.1;+Win64;+x64;+Trident/5.0)"
41.78.110.151 - - [25/Dec/2022:12:56:17 +0000] "POST login.aspx HTTP/1.1" 401 228 "https://pwnedcrowdsecbank.net/login.aspx" "Mozilla/5.0+(compatible;+MSIE+9.0;+Windows+NT+6.1;+Win64;+x64;+Trident/5.0)"
41.78.110.151 - - [25/Dec/2022:12:56:19 +0000] "POST login.aspx HTTP/1.1" 401 245 "https://pwnedcrowdsecbank.net/login.aspx" "Mozilla/5.0+(compatible;+MSIE+9.0;+Windows+NT+6.1;+Win64;+x64;+Trident/5.0)"
41.78.110.151 - - [25/Dec/2022:12:56:20 +0000] "POST login.aspx HTTP/1.1" 401 196 "https://pwnedcrowdsecbank.net/login.aspx" "Mozilla/5.0+(compatible;+MSIE+9.0;+Windows+NT+6.1;+Win64;+x64;+Trident/5.0)"
176.105.165.16 - co288302 [25/Dec/2022:12:56:21 +0000] "GET ebaqnwqe.css HTTP/1.1" 200 176 "https://pwnedcrowdsecbank.net/transactions.aspx" "Mozilla/5.0+(Windows+NT+6.1;+Win64;+x64)+AppleWebKit/537.36+(KHTML,+like+Gecko)+Chrome/60.0.3112.90+Safari/537.36"
176.105.165.16 - co288302 [25/Dec/2022:12:56:21 +0000] "GET smtpzgoc.js?v=100770 HTTP/1.1" 200 198 "https://pwnedcrowdsecbank.net/transactions.aspx" "Mozilla/5.0+(Windows+NT+6.1;+Win64;+x64)+AppleWebKit/537.36+(KHTML,+like+Gecko)+Chrome/60.0.3112.90+Safari/537.36"
176.105.165.16 - co288302 [25/Dec/2022:12:56:21 +0000] "GET footer.css HTTP/1.1" 200 324 "https://pwnedcrowdsecbank.net/transactions.aspx" "Mozilla/5.0+(Windows+NT+6.1;+Win64;+x64)+AppleWebKit/537.36+(KHTML,+like+Gecko)+Chrome/60.0.3112.90+Safari/537.36"
176.105.165.16 - co288302 [25/Dec/2022:12:56:21 +0000] "GET transactions.aspx?page=2 HTTP/1.1" 200 242 "https://pwnedcrowdsecbank.net/transactions.aspx" "Mozilla/5.0+(Windows+NT+6.1;+Win64;+x64)+AppleWebKit/537.36+(KHTML,+like+Gecko)+Chrome/60.0.3112.90+Safari/537.36"
41.78.110.151 - - [25/Dec/2022:12:56:23 +0000] "POST login.aspx HTTP/1.1" 401 146 "https://pwnedcrowdsecbank.net/login.aspx" "Mozilla/5.0+(compatible;+MSIE+9.0;+Windows+NT+6.1;+Win64;+x64;+Trident/5.0)"
41.78.110.151 - - [25/Dec/2022:12:56:25 +0000] "POST login.aspx HTTP/1.1" 401 269 "https://pwnedcrowdsecbank.net/login.aspx" "Mozilla/5.0+(compatible;+MSIE+9.0;+Windows+NT+6.1;+Win64;+x64;+Trident/5.0)"
41.78.110.151 - - [25/Dec/2022:12:56:26 +0000] "POST login.aspx HTTP/1.1" 401 172 "https://pwnedcrowdsecbank.net/login.aspx" "Mozilla/5.0+(compatible;+MSIE+9.0;+Windows+NT+6.1;+Win64;+x64;+Trident/5.0)"
41.78.110.151 - - [25/Dec/2022:12:56:27 +0000] "POST login.aspx HTTP/1.1" 401 239 "https://pwnedcrowdsecbank.net/login.aspx" "Mozilla/5.0+(compatible;+MSIE+9.0;+Windows+NT+6.1;+Win64;+x64;+Trident/5.0)"
41.78.110.151 - - [25/Dec/2022:12:56:30 +0000] "POST login.aspx HTTP/1.1" 401 317 "https://pwnedcrowdsecbank.net/login.aspx" "Mozilla/5.0+(compatible;+MSIE+9.0;+Windows+NT+6.1;+Win64;+x64;+Trident/5.0)"
41.78.110.151 - - [25/Dec/2022:12:56:32 +0000] "POST login.aspx HTTP/1.1" 401 237 "https://pwnedcrowdsecbank.net/login.aspx" "Mozilla/5.0+(compatible;+MSIE+9.0;+Windows+NT+6.1;+Win64;+x64;+Trident/5.0)"
41.78.110.151 - - [25/Dec/2022:12:56:33 +0000] "POST login.aspx HTTP/1.1" 401 263 "https://pwnedcrowdsecbank.net/login.aspx" "Mozilla/5.0+(compatible;+MSIE+9.0;+Windows+NT+6.1;+Win64;+x64;+Trident/5.0)"
41.78.110.151 - - [25/Dec/2022:12:56:35 +0000] "POST login.aspx HTTP/1.1" 401 317 "https://pwnedcrowdsecbank.net/login.aspx" "Mozilla/5.0+(compatible;+MSIE+9.0;+Windows+NT+6.1;+Win64;+x64;+Trident/5.0)"
41.78.110.151 - - [25/Dec/2022:12:56:38 +0000] "POST login.aspx HTTP/1.1" 401 297 "https://pwnedcrowdsecbank.net/login.aspx" "Mozilla/5.0+(compatible;+MSIE+9.0;+Windows+NT+6.1;+Win64;+x64;+Trident/5.0)"
41.78.110.151 - - [25/Dec/2022:12:56:39 +0000] "POST login.aspx HTTP/1.1" 401 309 "https://pwnedcrowdsecbank.net/login.aspx" "Mozilla/5.0+(compatible;+MSIE+9.0;+Windows+NT+6.1;+Win64;+x64;+Trident/5.0)"
41.78.110.151 - - [25/Dec/2022:12:56:40 +0000] "POST login.aspx HTTP/1.1" 401 173 "https://pwnedcrowdsecbank.net/login.aspx" "Mozilla/5.0+(compatible;+MSIE+9.0;+Windows+NT+6.1;+Win64;+x64;+Trident/5.0)"
41.78.110.151 - - [25/Dec/2022:12:56:42 +0000] "POST login.aspx HTTP/1.1" 401 259 "https://pwnedcrowdsecbank.net/login.aspx" "Mozilla/5.0+(compatible;+MSIE+9.0;+Windows+NT+6.1;+Win64;+x64;+Trident/5.0)"
41.78.110.151 - - [25/Dec/2022:12:56:44 +0000] "POST login.aspx HTTP/1.1" 401 145 "https://pwnedcrowdsecbank.net/login.aspx" "Mozilla/5.0+(compatible;+MSIE+9.0;+Windows+NT+6.1;+Win64;+x64;+Trident/5.0)"
41.78.110.151 - - [25/Dec/2022:12:56:45 +0000] "POST login.aspx HTTP/1.1" 401 325 "https://pwnedcrowdsecbank.net/login.aspx" "Mozilla/5.0+(compatible;+MSIE+9.0;+Windows+NT+6.1;+Win64;+x64;+Trident/5.0)"
176.105.165.16 - co288302 [25/Dec/2022:12:56:47 +0000] "GET sgjlhdaa.js?v=589564 HTTP/1.1" 200 218 "https://pwnedcrowdsecbank.net/transactions.aspx" "Mozilla/5.0+(Windows+NT+6.1;+Win64;+x64)+AppleWebKit/537.36+(KHTML,+like+Gecko)+Chrome/60.0.3112.90+Safari/537.36"
176.105.165.16 - co288302 [25/Dec/2022:12:56:47 +0000] "GET favico.ico HTTP/1.1" 200 180 "https://pwnedcrowdsecbank.net/transactions.aspx" "Mozilla/5.0+(Windows+NT+6.1;+Win64;+x64)+AppleWebKit/537.36+(KHTML,+like+Gecko)+Chrome/60.0.3112.90+Safari/537.36"
176.105.165.16 - co288302 [25/Dec/2022:12:56:47 +0000] "GET transactions.aspx?page=3 HTTP/1.1" 200 344 "https://pwnedcrowdsecbank.net/transactions.aspx" "Mozilla/5.0+(Windows+NT+6.1;+Win64;+x64)+AppleWebKit/537.36+(KHTML,+like+Gecko)+Chrome/60.0.3112.90+Safari/537.36"
41.78.110.151 - - [25/Dec/2022:12:56:47 +0000] "POST login.aspx HTTP/1.1" 401 182 "https://pwnedcrowdsecbank.net/login.aspx" "Mozilla/5.0+(compatible;+MSIE+9.0;+Windows+NT+6.1;+Win64;+x64;+Trident/5.0)"
41.78.110.151 - - [25/Dec/2022:12:56:50 +0000] "POST login.aspx HTTP/1.1" 401 313 "https://pwnedcrowdsecbank.net/login.aspx" "Mozilla/5.0+(compatible;+MSIE+9.0;+Windows+NT+6.1;+Win64;+x64;+Trident/5.0)"
41.78.110.151 - - [25/Dec/2022:12:56:51 +0000] "POST login.aspx HTTP/1.1" 401 340 "https://pwnedcrowdsecbank.net/login.aspx" "Mozilla/5.0+(compatible;+MSIE+9.0;+Windows+NT+6.1;+Win64;+x64;+Trident/5.0)"
41.78.110.151 - - [25/Dec/2022:12:56:53 +0000] "POST login.aspx HTTP/1.1" 401 161 "https://pwnedcrowdsecbank.net/login.aspx" "Mozilla/5.0+(compatible;+MSIE+9.0;+Windows+NT+6.1;+Win64;+x64;+Trident/5.0)"
41.78.110.151 - - [25/Dec/2022:12:56:54 +0000] "POST login.aspx HTTP/1.1" 401 242 "https://pwnedcrowdsecbank.net/login.aspx" "Mozilla/5.0+(compatible;+MSIE+9.0;+Windows+NT+6.1;+Win64;+x64;+Trident/5.0)"
41.78.110.151 - - [25/Dec/2022:12:56:56 +0000] "POST login.aspx HTTP/1.1" 401 244 "https://pwnedcrowdsecbank.net/login.aspx" "Mozilla/5.0+(compatible;+MSIE+9.0;+Windows+NT+6.1;+Win64;+x64;+Trident/5.0)"
41.78.110.151 - - [25/Dec/2022:12:56:58 +0000] "POST login.aspx HTTP/1.1" 401 163 "https://pwnedcrowdsecbank.net/login.aspx" "Mozilla/5.0+(compatible;+MSIE+9.0;+Windows+NT+6.1;+Win64;+x64;+Trident/5.0)"
176.105.165.16 - co288302 [25/Dec/2022:12:56:59 +0000] "GET favico.ico HTTP/1.1" 200 211 "https://pwnedcrowdsecbank.net/transactions.aspx" "Mozilla/5.0+(Windows+NT+6.1;+Win64;+x64)+AppleWebKit/537.36+(KHTML,+like+Gecko)+Chrome/60.0.3112.90+Safari/537.36"
176.105.165.16 - co288302 [25/Dec/2022:12:56:59 +0000] "GET template.css?v=dbdjisat HTTP/1.1" 200 310 "https://pwnedcrowdsecbank.net/transactions.aspx" "Mozilla/5.0+(Windows+NT+6.1;+Win64;+x64)+AppleWebKit/537.36+(KHTML,+like+Gecko)+Chrome/60.0.3112.90+Safari/537.36"
176.105.165.16 - co288302 [25/Dec/2022:12:56:59 +0000] "GET main.css HTTP/1.1" 200 362 "https://pwnedcrowdsecbank.net/transactions.aspx" "Mozilla/5.0+(Windows+NT+6.1;+Win64;+x64)+AppleWebKit/537.36+(KHTML,+like+Gecko)+Chrome/60.0.3112.90+Safari/537.36"
176.105.165.16 - co288302 [25/Dec/2022:12:56:59 +0000] "GET transactions.aspx?page=4 HTTP/1.1" 200 237 "https://pwnedcrowdsecbank.net/transactions.aspx" "Mozilla/5.0+(Windows+NT+6.1;+Win64;+x64)+AppleWebKit/537.36+(KHTML,+like+Gecko)+Chrome/60.0.3112.90+Safari/537.36"
41.78.110.151 - - [25/Dec/2022:12:57:01 +0000] "POST login.aspx HTTP/1.1" 401 153 "https://pwnedcrowdsecbank.net/login.aspx" "Mozilla/5.0+(compatible;+MSIE+9.0;+Windows+NT+6.1;+Win64;+x64;+Trident/5.0)"
41.78.110.151 - mi126746 [25/Dec/2022:12:57:02 +0000] "POST login.aspx HTTP/1.1" 301 229 "https://pwnedcrowdsecbank.net/login.aspx" "Mozilla/5.0+(compatible;+MSIE+9.0;+Windows+NT+6.1;+Win64;+x64;+Trident/5.0)"
41.78.110.151 - mi126746 [25/Dec/2022:12:57:05 +0000] "GET main.css HTTP/1.1" 200 230 "https://pwnedcrowdsecbank.net/login.aspx" "Mozilla/5.0+(compatible;+MSIE+9.0;+Windows+NT+6.1;+Win64;+x64;+Trident/5.0)"
41.78.110.151 - mi126746 [25/Dec/2022:12:57:05 +0000] "GET main.css HTTP/1.1" 200 286 "https://pwnedcrowdsecbank.net/login.aspx" "Mozilla/5.0+(compatible;+MSIE+9.0;+Windows+NT+6.1;+Win64;+x64;+Trident/5.0)"
41.78.110.151 - mi126746 [25/Dec/2022:12:57:05 +0000] "GET transactions.aspx?page=1 HTTP/1.1" 200 261 "https://pwnedcrowdsecbank.net/login.aspx" "Mozilla/5.0+(compatible;+MSIE+9.0;+Windows+NT+6.1;+Win64;+x64;+Trident/5.0)"
176.105.165.16 - co288302 [25/Dec/2022:12:57:10 +0000] "GET main.css HTTP/1.1" 200 300 "https://pwnedcrowdsecbank.net/transactions.aspx" "Mozilla/5.0+(Windows+NT+6.1;+Win64;+x64)+AppleWebKit/537.36+(KHTML,+like+Gecko)+Chrome/60.0.3112.90+Safari/537.36"
176.105.165.16 - co288302 [25/Dec/2022:12:57:10 +0000] "GET favico.ico HTTP/1.1" 200 252 "https://pwnedcrowdsecbank.net/transactions.aspx" "Mozilla/5.0+(Windows+NT+6.1;+Win64;+x64)+AppleWebKit/537.36+(KHTML,+like+Gecko)+Chrome/60.0.3112.90+Safari/537.36"
176.105.165.16 - co288302 [25/Dec/2022:12:57:10 +0000] "GET transactions.aspx?page=5 HTTP/1.1" 200 162 "https://pwnedcrowdsecbank.net/transactions.aspx" "Mozilla/5.0+(Windows+NT+6.1;+Win64;+x64)+AppleWebKit/537.36+(KHTML,+like+Gecko)+Chrome/60.0.3112.90+Safari/537.36"
41.78.110.151 - mi126746 [25/Dec/2022:12:57:30 +0000] "GET favico.ico HTTP/1.1" 200 186 "https://pwnedcrowdsecbank.net/transactions.aspx" "Mozilla/5.0+(compatible;+MSIE+9.0;+Windows+NT+6.1;+Win64;+x64;+Trident/5.0)"
41.78.110.151 - mi126746 [25/Dec/2022:12:57:30 +0000] "GET cnfplrkf.css HTTP/1.1" 404 285 "https://pwnedcrowdsecbank.net/transactions.aspx" "Mozilla/5.0+(compatible;+MSIE+9.0;+Windows+NT+6.1;+Win64;+x64;+Trident/5.0)"
41.78.110.151 - mi126746 [25/Dec/2022:12:57:30 +0000] "GET transactions.aspx?page=2 HTTP/1.1" 200 191 "https://pwnedcrowdsecbank.net/transactions.aspx" "Mozilla/5.0+(compatible;+MSIE+9.0;+Windows+NT+6.1;+Win64;+x64;+Trident/5.0)"
176.105.165.16 - co288302 [25/Dec/2022:12:57:32 +0000] "GET favico.ico HTTP/1.1" 200 181 "https://pwnedcrowdsecbank.net/transactions.aspx" "Mozilla/5.0+(Windows+NT+6.1;+Win64;+x64)+AppleWebKit/537.36+(KHTML,+like+Gecko)+Chrome/60.0.3112.90+Safari/537.36"
176.105.165.16 - co288302 [25/Dec/2022:12:57:32 +0000] "GET cfnrbuzy.js?v=800774 HTTP/1.1" 200 286 "https://pwnedcrowdsecbank.net/transactions.aspx" "Mozilla/5.0+(Windows+NT+6.1;+Win64;+x64)+AppleWebKit/537.36+(KHTML,+like+Gecko)+Chrome/60.0.3112.90+Safari/537.36"
176.105.165.16 - co288302 [25/Dec/2022:12:57:32 +0000] "GET transactions.aspx?page=6 HTTP/1.1" 200 209 "https://pwnedcrowdsecbank.net/transactions.aspx" "Mozilla/5.0+(Windows+NT+6.1;+Win64;+x64)+AppleWebKit/537.36+(KHTML,+like+Gecko)+Chrome/60.0.3112.90+Safari/537.36"
41.78.110.151 - mi126746 [25/Dec/2022:12:57:35 +0000] "GET favico.ico HTTP/1.1" 200 333 "https://pwnedcrowdsecbank.net/transactions.aspx" "Mozilla/5.0+(compatible;+MSIE+9.0;+Windows+NT+6.1;+Win64;+x64;+Trident/5.0)"
41.78.110.151 - mi126746 [25/Dec/2022:12:57:35 +0000] "GET main.css HTTP/1.1" 200 215 "https://pwnedcrowdsecbank.net/transactions.aspx" "Mozilla/5.0+(compatible;+MSIE+9.0;+Windows+NT+6.1;+Win64;+x64;+Trident/5.0)"
41.78.110.151 - mi126746 [25/Dec/2022:12:57:35 +0000] "GET transactions.aspx?page=3 HTTP/1.1" 200 221 "https://pwnedcrowdsecbank.net/transactions.aspx" "Mozilla/5.0+(compatible;+MSIE+9.0;+Windows+NT+6.1;+Win64;+x64;+Trident/5.0)"
41.78.110.151 - mi126746 [25/Dec/2022:12:58:02 +0000] "GET aucstsnu.js?v=669516 HTTP/1.1" 200 360 "https://pwnedcrowdsecbank.net/transactions.aspx" "Mozilla/5.0+(compatible;+MSIE+9.0;+Windows+NT+6.1;+Win64;+x64;+Trident/5.0)"
41.78.110.151 - mi126746 [25/Dec/2022:12:58:02 +0000] "GET favico.ico HTTP/1.1" 200 276 "https://pwnedcrowdsecbank.net/transactions.aspx" "Mozilla/5.0+(compatible;+MSIE+9.0;+Windows+NT+6.1;+Win64;+x64;+Trident/5.0)"
41.78.110.151 - mi126746 [25/Dec/2022:12:58:02 +0000] "GET transactions.aspx?page=4 HTTP/1.1" 200 268 "https://pwnedcrowdsecbank.net/transactions.aspx" "Mozilla/5.0+(compatible;+MSIE+9.0;+Windows+NT+6.1;+Win64;+x64;+Trident/5.0)"
41.78.110.151 - mi126746 [25/Dec/2022:12:58:32 +0000] "GET favico.ico HTTP/1.1" 200 264 "https://pwnedcrowdsecbank.net/transactions.aspx" "Mozilla/5.0+(compatible;+MSIE+9.0;+Windows+NT+6.1;+Win64;+x64;+Trident/5.0)"
41.78.110.151 - mi126746 [25/Dec/2022:12:58:32 +0000] "GET mxwxkctn.css HTTP/1.1" 200 154 "https://pwnedcrowdsecbank.net/transactions.aspx" "Mozilla/5.0+(compatible;+MSIE+9.0;+Windows+NT+6.1;+Win64;+x64;+Trident/5.0)"
41.78.110.151 - mi126746 [25/Dec/2022:12:58:32 +0000] "GET template.css?v=hbrhixpd HTTP/1.1" 200 219 "https://pwnedcrowdsecbank.net/transactions.aspx" "Mozilla/5.0+(compatible;+MSIE+9.0;+Windows+NT+6.1;+Win64;+x64;+Trident/5.0)"
41.78.110.151 - mi126746 [25/Dec/2022:12:58:32 +0000] "GET transactions.aspx?page=5 HTTP/1.1" 200 214 "https://pwnedcrowdsecbank.net/transactions.aspx" "Mozilla/5.0+(compatible;+MSIE+9.0;+Windows+NT+6.1;+Win64;+x64;+Trident/5.0)"
41.78.110.151 - mi126746 [25/Dec/2022:12:59:01 +0000] "GET uskogbap.css HTTP/1.1" 200 147 "https://pwnedcrowdsecbank.net/transactions.aspx" "Mozilla/5.0+(compatible;+MSIE+9.0;+Windows+NT+6.1;+Win64;+x64;+Trident/5.0)"
41.78.110.151 - mi126746 [25/Dec/2022:12:59:01 +0000] "GET transactions.aspx?page=6 HTTP/1.1" 200 285 "https://pwnedcrowdsecbank.net/transactions.aspx" "Mozilla/5.0+(compatible;+MSIE+9.0;+Windows+NT+6.1;+Win64;+x64;+Trident/5.0)"
41.78.110.151 - mi126746 [25/Dec/2022:12:59:09 +0000] "GET main.css HTTP/1.1" 200 313 "https://pwnedcrowdsecbank.net/transactions.aspx" "Mozilla/5.0+(compatible;+MSIE+9.0;+Windows+NT+6.1;+Win64;+x64;+Trident/5.0)"
41.78.110.151 - mi126746 [25/Dec/2022:12:59:09 +0000] "GET ilirqzfn.css HTTP/1.1" 200 311 "https://pwnedcrowdsecbank.net/transactions.aspx" "Mozilla/5.0+(compatible;+MSIE+9.0;+Windows+NT+6.1;+Win64;+x64;+Trident/5.0)"
41.78.110.151 - mi126746 [25/Dec/2022:12:59:09 +0000] "GET transfer.aspx HTTP/1.1" 200 326 "https://pwnedcrowdsecbank.net/transactions.aspx" "Mozilla/5.0+(compatible;+MSIE+9.0;+Windows+NT+6.1;+Win64;+x64;+Trident/5.0)"
41.78.110.151 - mi126746 [25/Dec/2022:12:59:38 +0000] "GET main.css HTTP/1.1" 200 312 "https://pwnedcrowdsecbank.net/transfer.aspx" "Mozilla/5.0+(compatible;+MSIE+9.0;+Windows+NT+6.1;+Win64;+x64;+Trident/5.0)"
41.78.110.151 - mi126746 [25/Dec/2022:12:59:38 +0000] "GET favico.ico HTTP/1.1" 200 178 "https://pwnedcrowdsecbank.net/transfer.aspx" "Mozilla/5.0+(compatible;+MSIE+9.0;+Windows+NT+6.1;+Win64;+x64;+Trident/5.0)"
41.78.110.151 - mi126746 [25/Dec/2022:12:59:38 +0000] "GET gznsrhnh.css HTTP/1.1" 200 336 "https://pwnedcrowdsecbank.net/transfer.aspx" "Mozilla/5.0+(compatible;+MSIE+9.0;+Windows+NT+6.1;+Win64;+x64;+Trident/5.0)"
41.78.110.151 - mi126746 [25/Dec/2022:12:59:38 +0000] "POST transfer.aspx?accountid=882624 HTTP/1.1" 200 236 "https://pwnedcrowdsecbank.net/transfer.aspx" "Mozilla/5.0+(compatible;+MSIE+9.0;+Windows+NT+6.1;+Win64;+x64;+Trident/5.0)"
41.78.110.151 - mi126746 [25/Dec/2022:12:59:50 +0000] "GET footer.css HTTP/1.1" 200 144 "https://pwnedcrowdsecbank.net/transfer.aspx" "Mozilla/5.0+(compatible;+MSIE+9.0;+Windows+NT+6.1;+Win64;+x64;+Trident/5.0)"
41.78.110.151 - mi126746 [25/Dec/2022:12:59:50 +0000] "GET main.css HTTP/1.1" 200 244 "https://pwnedcrowdsecbank.net/transfer.aspx" "Mozilla/5.0+(compatible;+MSIE+9.0;+Windows+NT+6.1;+Win64;+x64;+Trident/5.0)"
41.78.110.151 - mi126746 [25/Dec/2022:12:59:50 +0000] "GET transfer_complete.aspx HTTP/1.1" 200 305 "https://pwnedcrowdsecbank.net/transfer.aspx" "Mozilla/5.0+(compatible;+MSIE+9.0;+Windows+NT+6.1;+Win64;+x64;+Trident/5.0)"
41.78.110.151 - mi126746 [25/Dec/2022:12:59:53 +0000] "GET rzztayvt.css HTTP/1.1" 200 143 "https://pwnedcrowdsecbank.net/transfer_complete.aspx" "Mozilla/5.0+(compatible;+MSIE+9.0;+Windows+NT+6.1;+Win64;+x64;+Trident/5.0)"
41.78.110.151 - mi126746 [25/Dec/2022:12:59:53 +0000] "GET transfer.aspx HTTP/1.1" 200 320 "https://pwnedcrowdsecbank.net/transfer_complete.aspx" "Mozilla/5.0+(compatible;+MSIE+9.0;+Windows+NT+6.1;+Win64;+x64;+Trident/5.0)"
41.78.110.151 - mi126746 [25/Dec/2022:13:00:03 +0000] "GET vwytbois.js?v=176440 HTTP/1.1" 200 340 "https://pwnedcrowdsecbank.net/transfer.aspx" "Mozilla/5.0+(compatible;+MSIE+9.0;+Windows+NT+6.1;+Win64;+x64;+Trident/5.0)"
41.78.110.151 - mi126746 [25/Dec/2022:13:00:03 +0000] "GET main.css HTTP/1.1" 200 265 "https://pwnedcrowdsecbank.net/transfer.aspx" "Mozilla/5.0+(compatible;+MSIE+9.0;+Windows+NT+6.1;+Win64;+x64;+Trident/5.0)"
41.78.110.151 - mi126746 [25/Dec/2022:13:00:03 +0000] "POST transfer.aspx?accountid=259854 HTTP/1.1" 200 370 "https://pwnedcrowdsecbank.net/transfer.aspx" "Mozilla/5.0+(compatible;+MSIE+9.0;+Windows+NT+6.1;+Win64;+x64;+Trident/5.0)"
41.78.110.151 - mi126746 [25/Dec/2022:13:00:25 +0000] "GET oeofxhzn.css HTTP/1.1" 200 271 "https://pwnedcrowdsecbank.net/transfer.aspx" "Mozilla/5.0+(compatible;+MSIE+9.0;+Windows+NT+6.1;+Win64;+x64;+Trident/5.0)"
41.78.110.151 - mi126746 [25/Dec/2022:13:00:25 +0000] "GET bgmezkgd.js?v=576362 HTTP/1.1" 200 309 "https://pwnedcrowdsecbank.net/transfer.aspx" "Mozilla/5.0+(compatible;+MSIE+9.0;+Windows+NT+6.1;+Win64;+x64;+Trident/5.0)"
41.78.110.151 - mi126746 [25/Dec/2022:13:00:25 +0000] "GET transfer_complete.aspx HTTP/1.1" 200 238 "https://pwnedcrowdsecbank.net/transfer.aspx" "Mozilla/5.0+(compatible;+MSIE+9.0;+Windows+NT+6.1;+Win64;+x64;+Trident/5.0)"
41.78.110.151 - mi126746 [25/Dec/2022:13:00:51 +0000] "GET mvdkvbzb.js?v=692334 HTTP/1.1" 200 245 "https://pwnedcrowdsecbank.net/transfer_complete.aspx" "Mozilla/5.0+(compatible;+MSIE+9.0;+Windows+NT+6.1;+Win64;+x64;+Trident/5.0)"
41.78.110.151 - mi126746 [25/Dec/2022:13:00:51 +0000] "GET template.css?v=hvxjawuf HTTP/1.1" 200 337 "https://pwnedcrowdsecbank.net/transfer_complete.aspx" "Mozilla/5.0+(compatible;+MSIE+9.0;+Windows+NT+6.1;+Win64;+x64;+Trident/5.0)"
41.78.110.151 - mi126746 [25/Dec/2022:13:00:51 +0000] "GET transfer.aspx HTTP/1.1" 200 339 "https://pwnedcrowdsecbank.net/transfer_complete.aspx" "Mozilla/5.0+(compatible;+MSIE+9.0;+Windows+NT+6.1;+Win64;+x64;+Trident/5.0)"
41.78.110.151 - mi126746 [25/Dec/2022:13:00:54 +0000] "GET template.css?v=yqzkpdin HTTP/1.1" 200 339 "https://pwnedcrowdsecbank.net/transfer.aspx" "Mozilla/5.0+(compatible;+MSIE+9.0;+Windows+NT+6.1;+Win64;+x64;+Trident/5.0)"
41.78.110.151 - mi126746 [25/Dec/2022:13:00:54 +0000] "POST transfer.aspx?accountid=288419 HTTP/1.1" 200 148 "https://pwnedcrowdsecbank.net/transfer.aspx" "Mozilla/5.0+(compatible;+MSIE+9.0;+Windows+NT+6.1;+Win64;+x64;+Trident/5.0)"
41.78.110.151 - mi126746 [25/Dec/2022:13:01:11 +0000] "GET main.css HTTP/1.1" 200 315 "https://pwnedcrowdsecbank.net/transfer.aspx" "Mozilla/5.0+(compatible;+MSIE+9.0;+Windows+NT+6.1;+Win64;+x64;+Trident/5.0)"
41.78.110.151 - mi126746 [25/Dec/2022:13:01:11 +0000] "GET footer.css HTTP/1.1" 200 183 "https://pwnedcrowdsecbank.net/transfer.aspx" "Mozilla/5.0+(compatible;+MSIE+9.0;+Windows+NT+6.1;+Win64;+x64;+Trident/5.0)"
41.78.110.151 - mi126746 [25/Dec/2022:13:01:11 +0000] "GET dogkgivw.css HTTP/1.1" 200 288 "https://pwnedcrowdsecbank.net/transfer.aspx" "Mozilla/5.0+(compatible;+MSIE+9.0;+Windows+NT+6.1;+Win64;+x64;+Trident/5.0)"
41.78.110.151 - mi126746 [25/Dec/2022:13:01:11 +0000] "GET transfer_complete.aspx HTTP/1.1" 200 334 "https://pwnedcrowdsecbank.net/transfer.aspx" "Mozilla/5.0+(compatible;+MSIE+9.0;+Windows+NT+6.1;+Win64;+x64;+Trident/5.0)"
41.78.110.151 - mi126746 [25/Dec/2022:13:01:32 +0000] "GET hynkqgdq.css HTTP/1.1" 404 321 "https://pwnedcrowdsecbank.net/transfer_complete.aspx" "Mozilla/5.0+(compatible;+MSIE+9.0;+Windows+NT+6.1;+Win64;+x64;+Trident/5.0)"
41.78.110.151 - mi126746 [25/Dec/2022:13:01:32 +0000] "GET transfer.aspx HTTP/1.1" 200 353 "https://pwnedcrowdsecbank.net/transfer_complete.aspx" "Mozilla/5.0+(compatible;+MSIE+9.0;+Windows+NT+6.1;+Win64;+x64;+Trident/5.0)"
41.78.110.151 - mi126746 [25/Dec/2022:13:01:40 +0000] "GET letqxryk.css HTTP/1.1" 404 187 "https://pwnedcrowdsecbank.net/transfer.aspx" "Mozilla/5.0+(compatible;+MSIE+9.0;+Windows+NT+6.1;+Win64;+x64;+Trident/5.0)"
