103.199.83.111 - - [23/Dec/2022:19:17:27 +0000] "POST login.aspx HTTP/1.1" 401 356 "https://pwnedcrowdsecbank.net/login.aspx" "Mozilla/5.0+(compatible;+MSIE+9.0;+Windows+NT+6.1;+Win64;+x64;+Trident/5.0)"
103.199.83.111 - - [23/Dec/2022:19:17:30 +0000] "POST login.aspx HTTP/1.1" 401 225 "https://pwnedcrowdsecbank.net/login.aspx" "Mozilla/5.0+(compatible;+MSIE+9.0;+Windows+NT+6.1;+Win64;+x64;+Trident/5.0)"
103.199.83.111 - - [23/Dec/2022:19:17:32 +0000] "POST login.aspx HTTP/1.1" 401 258 "https://pwnedcrowdsecbank.net/login.aspx" "Mozilla/5.0+(compatible;+MSIE+9.0;+Windows+NT+6.1;+Win64;+x64;+Trident/5.0)"
103.199.83.111 - - [23/Dec/2022:19:17:35 +0000] "POST login.aspx HTTP/1.1" 401 298 "https://pwnedcrowdsecbank.net/login.aspx" "Mozilla/5.0+(compatible;+MSIE+9.0;+Windows+NT+6.1;+Win64;+x64;+Trident/5.0)"
103.199.83.111 - - [23/Dec/2022:19:17:38 +0000] "POST login.aspx HTTP/1.1" 401 242 "https://pwnedcrowdsecbank.net/login.aspx" "Mozilla/5.0+(compatible;+MSIE+9.0;+Windows+NT+6.1;+Win64;+x64;+Trident/5.0)"
103.199.83.111 - - [23/Dec/2022:19:17:39 +0000] "POST login.aspx HTTP/1.1" 401 209 "https://pwnedcrowdsecbank.net/login.aspx" "Mozilla/5.0+(compatible;+MSIE+9.0;+Windows+NT+6.1;+Win64;+x64;+Trident/5.0)"
103.199.83.111 - - [23/Dec/2022:19:17:40 +0000] "POST login.aspx HTTP/1.1" 401 243 "https://pwnedcrowdsecbank.net/login.aspx" "Mozilla/5.0+(compatible;+MSIE+9.0;+Windows+NT+6.1;+Win64;+x64;+Trident/5.0)"
103.199.83.111 - - [23/Dec/2022:19:17:43 +0000] "POST login.aspx HTTP/1.1" 401 176 "https://pwnedcrowdsecbank.net/login.aspx" "Mozilla/5.0+(compatible;+MSIE+9.0;+Windows+NT+6.1;+Win64;+x64;+Trident/5.0)"
103.199.83.111 - - [23/Dec/2022:19:17:44 +0000] "POST login.aspx HTTP/1.1" 401 331 "https://pwnedcrowdsecbank.net/login.aspx" "Mozilla/5.0+(compatible;+MSIE+9.0;+Windows+NT+6.1;+Win64;+x64;+Trident/5.0)"
195.232.103.81 - - [23/Dec/2022:19:17:47 +0000] "GET favico.ico HTTP/1.1" 200 357 "https://pwnedcrowdsecbank.net/index.aspx" "Mozilla/4.0+(compatible;+MSIE+9.0;+Windows+NT+6.1;+125LA;+.NET+CLR+2.0.50727;+.NET+CLR+3.0.04506.648;+.NET+CLR+3.5.21022)"
195.232.103.81 - - [23/Dec/2022:19:17:47 +0000] "GET main.css HTTP/1.1" 200 130 "https://pwnedcrowdsecbank.net/index.aspx" "Mozilla/4.0+(compatible;+MSIE+9.0;+Windows+NT+6.1;+125LA;+.NET+CLR+2.0.50727;+.NET+CLR+3.0.04506.648;+.NET+CLR+3.5.21022)"
195.232.103.81 - - [23/Dec/2022:19:17:47 +0000] "GET faq.aspx?locale=english HTTP/1.1" 200 350 "https://pwnedcrowdsecbank.net/index.aspx" "Mozilla/4.0+(compatible;+MSIE+9.0;+Windows+NT+6.1;+125LA;+.NET+CLR+2.0.50727;+.NET+CLR+3.0.04506.648;+.NET+CLR+3.5.21022)"
103.199.83.111 - - [23/Dec/2022:19:17:47 +0000] "POST login.aspx HTTP/1.1" 401 252 "https://pwnedcrowdsecbank.net/login.aspx" "Mozilla/5.0+(compatible;+MSIE+9.0;+Windows+NT+6.1;+Win64;+x64;+Trident/5.0)"
103.199.83.111 - - [23/Dec/2022:19:17:50 +0000] "POST login.aspx HTTP/1.1" 401 346 "https://pwnedcrowdsecbank.net/login.aspx" "Mozilla/5.0+(compatible;+MSIE+9.0;+Windows+NT+6.1;+Win64;+x64;+Trident/5.0)"
103.199.83.111 - - [23/Dec/2022:19:17:51 +0000] "POST login.aspx HTTP/1.1" 401 208 "https://pwnedcrowdsecbank.net/login.aspx" "Mozilla/5.0+(compatible;+MSIE+9.0;+Windows+NT+6.1;+Win64;+x64;+Trident/5.0)"
103.199.83.111 - - [23/Dec/2022:19:17:52 +0000] "POST login.aspx HTTP/1.1" 401 350 "https://pwnedcrowdsecbank.net/login.aspx" "Mozilla/5.0+(compatible;+MSIE+9.0;+Windows+NT+6.1;+Win64;+x64;+Trident/5.0)"
103.199.83.111 - - [23/Dec/2022:19:17:54 +0000] "POST login.aspx HTTP/1.1" 401 272 "https://pwnedcrowdsecbank.net/login.aspx" "Mozilla/5.0+(compatible;+MSIE+9.0;+Windows+NT+6.1;+Win64;+x64;+Trident/5.0)"
103.199.83.111 - - [23/Dec/2022:19:17:55 +0000] "POST login.aspx HTTP/1.1" 401 139 "https://pwnedcrowdsecbank.net/login.aspx" "Mozilla/5.0+(compatible;+MSIE+9.0;+Windows+NT+6.1;+Win64;+x64;+Trident/5.0)"
103.199.83.111 - - [23/Dec/2022:19:17:58 +0000] "POST login.aspx HTTP/1.1" 401 148 "https://pwnedcrowdsecbank.net/login.aspx" "Mozilla/5.0+(compatible;+MSIE+9.0;+Windows+NT+6.1;+Win64;+x64;+Trident/5.0)"
103.199.83.111 - - [23/Dec/2022:19:17:59 +0000] "POST login.aspx HTTP/1.1" 401 149 "https://pwnedcrowdsecbank.net/login.aspx" "Mozilla/5.0+(compatible;+MSIE+9.0;+Windows+NT+6.1;+Win64;+x64;+Trident/5.0)"
103.199.83.111 - - [23/Dec/2022:19:18:00 +0000] "POST login.aspx HTTP/1.1" 401 216 "https://pwnedcrowdsecbank.net/login.aspx" "Mozilla/5.0+(compatible;+MSIE+9.0;+Windows+NT+6.1;+Win64;+x64;+Trident/5.0)"
195.232.103.81 - - [23/Dec/2022:19:18:01 +0000] "GET template.css?v=lcpbdyos HTTP/1.1" 200 226 "https://pwnedcrowdsecbank.net/faq.aspx" "Mozilla/4.0+(compatible;+MSIE+9.0;+Windows+NT+6.1;+125LA;+.NET+CLR+2.0.50727;+.NET+CLR+3.0.04506.648;+.NET+CLR+3.5.21022)"
195.232.103.81 - - [23/Dec/2022:19:18:01 +0000] "GET spzqdmwr.css HTTP/1.1" 404 289 "https://pwnedcrowdsecbank.net/faq.aspx" "Mozilla/4.0+(compatible;+MSIE+9.0;+Windows+NT+6.1;+125LA;+.NET+CLR+2.0.50727;+.NET+CLR+3.0.04506.648;+.NET+CLR+3.5.21022)"
195.232.103.81 - - [23/Dec/2022:19:18:01 +0000] "GET template.css?v=qhnewlpf HTTP/1.1" 200 212 "https://pwnedcrowdsecbank.net/faq.aspx" "Mozilla/4.0+(compatible;+MSIE+9.0;+Windows+NT+6.1;+125LA;+.NET+CLR+2.0.50727;+.NET+CLR+3.0.04506.648;+.NET+CLR+3.5.21022)"
195.232.103.81 - - [23/Dec/2022:19:18:01 +0000] "GET index.aspx HTTP/1.1" 301 211 "https://pwnedcrowdsecbank.net/faq.aspx" "Mozilla/4.0+(compatible;+MSIE+9.0;+Windows+NT+6.1;+125LA;+.NET+CLR+2.0.50727;+.NET+CLR+3.0.04506.648;+.NET+CLR+3.5.21022)"
103.199.83.111 - - [23/Dec/2022:19:18:01 +0000] "POST login.aspx HTTP/1.1" 401 324 "https://pwnedcrowdsecbank.net/login.aspx" "Mozilla/5.0+(compatible;+MSIE+9.0;+Windows+NT+6.1;+Win64;+x64;+Trident/5.0)"
103.199.83.111 - - [23/Dec/2022:19:18:02 +0000] "POST login.aspx HTTP/1.1" 401 236 "https://pwnedcrowdsecbank.net/login.aspx" "Mozilla/5.0+(compatible;+MSIE+9.0;+Windows+NT+6.1;+Win64;+x64;+Trident/5.0)"
103.199.83.111 - - [23/Dec/2022:19:18:05 +0000] "POST login.aspx HTTP/1.1" 401 138 "https://pwnedcrowdsecbank.net/login.aspx" "Mozilla/5.0+(compatible;+MSIE+9.0;+Windows+NT+6.1;+Win64;+x64;+Trident/5.0)"
103.199.83.111 - - [23/Dec/2022:19:18:06 +0000] "POST login.aspx HTTP/1.1" 401 227 "https://pwnedcrowdsecbank.net/login.aspx" "Mozilla/5.0+(compatible;+MSIE+9.0;+Windows+NT+6.1;+Win64;+x64;+Trident/5.0)"
103.199.83.111 - - [23/Dec/2022:19:18:08 +0000] "POST login.aspx HTTP/1.1" 401 185 "https://pwnedcrowdsecbank.net/login.aspx" "Mozilla/5.0+(compatible;+MSIE+9.0;+Windows+NT+6.1;+Win64;+x64;+Trident/5.0)"
103.199.83.111 - - [23/Dec/2022:19:18:09 +0000] "POST login.aspx HTTP/1.1" 401 221 "https://pwnedcrowdsecbank.net/login.aspx" "Mozilla/5.0+(compatible;+MSIE+9.0;+Windows+NT+6.1;+Win64;+x64;+Trident/5.0)"
195.232.103.81 - - [23/Dec/2022:19:18:10 +0000] "GET main.css HTTP/1.1" 200 303 "https://pwnedcrowdsecbank.net/index.aspx" "Mozilla/4.0+(compatible;+MSIE+9.0;+Windows+NT+6.1;+125LA;+.NET+CLR+2.0.50727;+.NET+CLR+3.0.04506.648;+.NET+CLR+3.5.21022)"
195.232.103.81 - - [23/Dec/2022:19:18:10 +0000] "GET login.aspx HTTP/1.1" 200 297 "https://pwnedcrowdsecbank.net/index.aspx" "Mozilla/4.0+(compatible;+MSIE+9.0;+Windows+NT+6.1;+125LA;+.NET+CLR+2.0.50727;+.NET+CLR+3.0.04506.648;+.NET+CLR+3.5.21022)"
103.199.83.111 - - [23/Dec/2022:19:18:11 +0000] "POST login.aspx HTTP/1.1" 401 230 "https://pwnedcrowdsecbank.net/login.aspx" "Mozilla/5.0+(compatible;+MSIE+9.0;+Windows+NT+6.1;+Win64;+x64;+Trident/5.0)"
103.199.83.111 - - [23/Dec/2022:19:18:14 +0000] "POST login.aspx HTTP/1.1" 401 331 "https://pwnedcrowdsecbank.net/login.aspx" "Mozilla/5.0+(compatible;+MSIE+9.0;+Windows+NT+6.1;+Win64;+x64;+Trident/5.0)"
195.232.103.81 - rb423482 [23/Dec/2022:19:18:15 +0000] "GET main.css HTTP/1.1" 200 310 "https://pwnedcrowdsecbank.net/login.aspx" "Mozilla/4.0+(compatible;+MSIE+9.0;+Windows+NT+6.1;+125LA;+.NET+CLR+2.0.50727;+.NET+CLR+3.0.04506.648;+.NET+CLR+3.5.21022)"
195.232.103.81 - rb423482 [23/Dec/2022:19:18:15 +0000] "GET favico.ico HTTP/1.1" 200 181 "https://pwnedcrowdsecbank.net/login.aspx" "Mozilla/4.0+(compatible;+MSIE+9.0;+Windows+NT+6.1;+125LA;+.NET+CLR+2.0.50727;+.NET+CLR+3.0.04506.648;+.NET+CLR+3.5.21022)"
195.232.103.81 - rb423482 [23/Dec/2022:19:18:15 +0000] "GET pynlptus.css HTTP/1.1" 200 341 "https://pwnedcrowdsecbank.net/login.aspx" "Mozilla/4.0+(compatible;+MSIE+9.0;+Windows+NT+6.1;+125LA;+.NET+CLR+2.0.50727;+.NET+CLR+3.0.04506.648;+.NET+CLR+3.5.21022)"
195.232.103.81 - rb423482 [23/Dec/2022:19:18:15 +0000] "POST login.aspx HTTP/1.1" 301 147 "https://pwnedcrowdsecbank.net/login.aspx" "Mozilla/4.0+(compatible;+MSIE+9.0;+Windows+NT+6.1;+125LA;+.NET+CLR+2.0.50727;+.NET+CLR+3.0.04506.648;+.NET+CLR+3.5.21022)"
103.199.83.111 - - [23/Dec/2022:19:18:15 +0000] "POST login.aspx HTTP/1.1" 401 326 "https://pwnedcrowdsecbank.net/login.aspx" "Mozilla/5.0+(compatible;+MSIE+9.0;+Windows+NT+6.1;+Win64;+x64;+Trident/5.0)"
103.199.83.111 - - [23/Dec/2022:19:18:17 +0000] "POST login.aspx HTTP/1.1" 401 348 "https://pwnedcrowdsecbank.net/login.aspx" "Mozilla/5.0+(compatible;+MSIE+9.0;+Windows+NT+6.1;+Win64;+x64;+Trident/5.0)"
103.199.83.111 - - [23/Dec/2022:19:18:18 +0000] "POST login.aspx HTTP/1.1" 401 165 "https://pwnedcrowdsecbank.net/login.aspx" "Mozilla/5.0+(compatible;+MSIE+9.0;+Windows+NT+6.1;+Win64;+x64;+Trident/5.0)"
103.199.83.111 - - [23/Dec/2022:19:18:20 +0000] "POST login.aspx HTTP/1.1" 401 236 "https://pwnedcrowdsecbank.net/login.aspx" "Mozilla/5.0+(compatible;+MSIE+9.0;+Windows+NT+6.1;+Win64;+x64;+Trident/5.0)"
103.199.83.111 - - [23/Dec/2022:19:18:23 +0000] "POST login.aspx HTTP/1.1" 401 199 "https://pwnedcrowdsecbank.net/login.aspx" "Mozilla/5.0+(compatible;+MSIE+9.0;+Windows+NT+6.1;+Win64;+x64;+Trident/5.0)"
103.199.83.111 - - [23/Dec/2022:19:18:26 +0000] "POST login.aspx HTTP/1.1" 401 195 "https://pwnedcrowdsecbank.net/login.aspx" "Mozilla/5.0+(compatible;+MSIE+9.0;+Windows+NT+6.1;+Win64;+x64;+Trident/5.0)"
103.199.83.111 - - [23/Dec/2022:19:18:29 +0000] "POST login.aspx HTTP/1.1" 401 324 "https://pwnedcrowdsecbank.net/login.aspx" "Mozilla/5.0+(compatible;+MSIE+9.0;+Windows+NT+6.1;+Win64;+x64;+Trident/5.0)"
195.232.103.81 - rb423482 [23/Dec/2022:19:18:32 +0000] "GET jkpjdqfv.css HTTP/1.1" 200 365 "https://pwnedcrowdsecbank.net/login.aspx" "Mozilla/4.0+(compatible;+MSIE+9.0;+Windows+NT+6.1;+125LA;+.NET+CLR+2.0.50727;+.NET+CLR+3.0.04506.648;+.NET+CLR+3.5.21022)"
195.232.103.81 - rb423482 [23/Dec/2022:19:18:32 +0000] "GET account_status.aspx HTTP/1.1" 200 350 "https://pwnedcrowdsecbank.net/login.aspx" "Mozilla/4.0+(compatible;+MSIE+9.0;+Windows+NT+6.1;+125LA;+.NET+CLR+2.0.50727;+.NET+CLR+3.0.04506.648;+.NET+CLR+3.5.21022)"
103.199.83.111 - - [23/Dec/2022:19:18:32 +0000] "POST login.aspx HTTP/1.1" 401 339 "https://pwnedcrowdsecbank.net/login.aspx" "Mozilla/5.0+(compatible;+MSIE+9.0;+Windows+NT+6.1;+Win64;+x64;+Trident/5.0)"
103.199.83.111 - - [23/Dec/2022:19:18:35 +0000] "POST login.aspx HTTP/1.1" 401 165 "https://pwnedcrowdsecbank.net/login.aspx" "Mozilla/5.0+(compatible;+MSIE+9.0;+Windows+NT+6.1;+Win64;+x64;+Trident/5.0)"
103.199.83.111 - - [23/Dec/2022:19:18:38 +0000] "POST login.aspx HTTP/1.1" 401 235 "https://pwnedcrowdsecbank.net/login.aspx" "Mozilla/5.0+(compatible;+MSIE+9.0;+Windows+NT+6.1;+Win64;+x64;+Trident/5.0)"
103.199.83.111 - - [23/Dec/2022:19:18:40 +0000] "POST login.aspx HTTP/1.1" 401 336 "https://pwnedcrowdsecbank.net/login.aspx" "Mozilla/5.0+(compatible;+MSIE+9.0;+Windows+NT+6.1;+Win64;+x64;+Trident/5.0)"
103.199.83.111 - - [23/Dec/2022:19:18:43 +0000] "POST login.aspx HTTP/1.1" 401 364 "https://pwnedcrowdsecbank.net/login.aspx" "Mozilla/5.0+(compatible;+MSIE+9.0;+Windows+NT+6.1;+Win64;+x64;+Trident/5.0)"
103.199.83.111 - - [23/Dec/2022:19:18:45 +0000] "POST login.aspx HTTP/1.1" 401 156 "https://pwnedcrowdsecbank.net/login.aspx" "Mozilla/5.0+(compatible;+MSIE+9.0;+Windows+NT+6.1;+Win64;+x64;+Trident/5.0)"
103.199.83.111 - - [23/Dec/2022:19:18:48 +0000] "POST login.aspx HTTP/1.1" 401 188 "https://pwnedcrowdsecbank.net/login.aspx" "Mozilla/5.0+(compatible;+MSIE+9.0;+Windows+NT+6.1;+Win64;+x64;+Trident/5.0)"
103.199.83.111 - - [23/Dec/2022:19:18:50 +0000] "POST login.aspx HTTP/1.1" 401 286 "https://pwnedcrowdsecbank.net/login.aspx" "Mozilla/5.0+(compatible;+MSIE+9.0;+Windows+NT+6.1;+Win64;+x64;+Trident/5.0)"
103.199.83.111 - - [23/Dec/2022:19:18:51 +0000] "POST login.aspx HTTP/1.1" 401 363 "https://pwnedcrowdsecbank.net/login.aspx" "Mozilla/5.0+(compatible;+MSIE+9.0;+Windows+NT+6.1;+Win64;+x64;+Trident/5.0)"
103.199.83.111 - - [23/Dec/2022:19:18:52 +0000] "POST login.aspx HTTP/1.1" 401 215 "https://pwnedcrowdsecbank.net/login.aspx" "Mozilla/5.0+(compatible;+MSIE+9.0;+Windows+NT+6.1;+Win64;+x64;+Trident/5.0)"
103.199.83.111 - - [23/Dec/2022:19:18:54 +0000] "POST login.aspx HTTP/1.1" 401 181 "https://pwnedcrowdsecbank.net/login.aspx" "Mozilla/5.0+(compatible;+MSIE+9.0;+Windows+NT+6.1;+Win64;+x64;+Trident/5.0)"
195.232.103.81 - rb423482 [23/Dec/2022:19:18:55 +0000] "GET zzpqxbge.css HTTP/1.1" 200 175 "https://pwnedcrowdsecbank.net/account_status.aspx" "Mozilla/4.0+(compatible;+MSIE+9.0;+Windows+NT+6.1;+125LA;+.NET+CLR+2.0.50727;+.NET+CLR+3.0.04506.648;+.NET+CLR+3.5.21022)"
195.232.103.81 - rb423482 [23/Dec/2022:19:18:55 +0000] "GET transactions.aspx?page=2 HTTP/1.1" 200 160 "https://pwnedcrowdsecbank.net/account_status.aspx" "Mozilla/4.0+(compatible;+MSIE+9.0;+Windows+NT+6.1;+125LA;+.NET+CLR+2.0.50727;+.NET+CLR+3.0.04506.648;+.NET+CLR+3.5.21022)"
103.199.83.111 - - [23/Dec/2022:19:18:56 +0000] "POST login.aspx HTTP/1.1" 401 302 "https://pwnedcrowdsecbank.net/login.aspx" "Mozilla/5.0+(compatible;+MSIE+9.0;+Windows+NT+6.1;+Win64;+x64;+Trident/5.0)"
103.199.83.111 - - [23/Dec/2022:19:18:59 +0000] "POST login.aspx HTTP/1.1" 401 266 "https://pwnedcrowdsecbank.net/login.aspx" "Mozilla/5.0+(compatible;+MSIE+9.0;+Windows+NT+6.1;+Win64;+x64;+Trident/5.0)"
103.199.83.111 - - [23/Dec/2022:19:19:01 +0000] "POST login.aspx HTTP/1.1" 401 153 "https://pwnedcrowdsecbank.net/login.aspx" "Mozilla/5.0+(compatible;+MSIE+9.0;+Windows+NT+6.1;+Win64;+x64;+Trident/5.0)"
103.199.83.111 - - [23/Dec/2022:19:19:02 +0000] "POST login.aspx HTTP/1.1" 401 247 "https://pwnedcrowdsecbank.net/login.aspx" "Mozilla/5.0+(compatible;+MSIE+9.0;+Windows+NT+6.1;+Win64;+x64;+Trident/5.0)"
103.199.83.111 - - [23/Dec/2022:19:19:04 +0000] "POST login.aspx HTTP/1.1" 401 344 "https://pwnedcrowdsecbank.net/login.aspx" "Mozilla/5.0+(compatible;+MSIE+9.0;+Windows+NT+6.1;+Win64;+x64;+Trident/5.0)"
103.199.83.111 - - [23/Dec/2022:19:19:05 +0000] "POST login.aspx HTTP/1.1" 401 246 "https://pwnedcrowdsecbank.net/login.aspx" "Mozilla/5.0+(compatible;+MSIE+9.0;+Windows+NT+6.1;+Win64;+x64;+Trident/5.0)"
103.199.83.111 - - [23/Dec/2022:19:19:06 +0000] "POST login.aspx HTTP/1.1" 401 324 "https://pwnedcrowdsecbank.net/login.aspx" "Mozilla/5.0+(compatible;+MSIE+9.0;+Windows+NT+6.1;+Win64;+x64;+Trident/5.0)"
103.199.83.111 - - [23/Dec/2022:19:19:08 +0000] "POST login.aspx HTTP/1.1" 401 194 "https://pwnedcrowdsecbank.net/login.aspx" "Mozilla/5.0+(compatible;+MSIE+9.0;+Windows+NT+6.1;+Win64;+x64;+Trident/5.0)"
103.199.83.111 - - [23/Dec/2022:19:19:10 +0000] "POST login.aspx HTTP/1.1" 401 296 "https://pwnedcrowdsecbank.net/login.aspx" "Mozilla/5.0+(compatible;+MSIE+9.0;+Windows+NT+6.1;+Win64;+x64;+Trident/5.0)"
195.232.103.81 - rb423482 [23/Dec/2022:19:19:11 +0000] "GET footer.css HTTP/1.1" 200 258 "https://pwnedcrowdsecbank.net/transactions.aspx" "Mozilla/4.0+(compatible;+MSIE+9.0;+Windows+NT+6.1;+125LA;+.NET+CLR+2.0.50727;+.NET+CLR+3.0.04506.648;+.NET+CLR+3.5.21022)"
195.232.103.81 - rb423482 [23/Dec/2022:19:19:11 +0000] "GET transactions.aspx?page=1 HTTP/1.1" 200 339 "https://pwnedcrowdsecbank.net/transactions.aspx" "Mozilla/4.0+(compatible;+MSIE+9.0;+Windows+NT+6.1;+125LA;+.NET+CLR+2.0.50727;+.NET+CLR+3.0.04506.648;+.NET+CLR+3.5.21022)"
103.199.83.111 - - [23/Dec/2022:19:19:11 +0000] "POST login.aspx HTTP/1.1" 401 297 "https://pwnedcrowdsecbank.net/login.aspx" "Mozilla/5.0+(compatible;+MSIE+9.0;+Windows+NT+6.1;+Win64;+x64;+Trident/5.0)"
103.199.83.111 - - [23/Dec/2022:19:19:14 +0000] "POST login.aspx HTTP/1.1" 401 140 "https://pwnedcrowdsecbank.net/login.aspx" "Mozilla/5.0+(compatible;+MSIE+9.0;+Windows+NT+6.1;+Win64;+x64;+Trident/5.0)"
103.199.83.111 - - [23/Dec/2022:19:19:16 +0000] "POST login.aspx HTTP/1.1" 401 267 "https://pwnedcrowdsecbank.net/login.aspx" "Mozilla/5.0+(compatible;+MSIE+9.0;+Windows+NT+6.1;+Win64;+x64;+Trident/5.0)"
103.199.83.111 - - [23/Dec/2022:19:19:17 +0000] "POST login.aspx HTTP/1.1" 401 271 "https://pwnedcrowdsecbank.net/login.aspx" "Mozilla/5.0+(compatible;+MSIE+9.0;+Windows+NT+6.1;+Win64;+x64;+Trident/5.0)"
103.199.83.111 - - [23/Dec/2022:19:19:20 +0000] "POST login.aspx HTTP/1.1" 401 241 "https://pwnedcrowdsecbank.net/login.aspx" "Mozilla/5.0+(compatible;+MSIE+9.0;+Windows+NT+6.1;+Win64;+x64;+Trident/5.0)"
103.199.83.111 - - [23/Dec/2022:19:19:21 +0000] "POST login.aspx HTTP/1.1" 401 277 "https://pwnedcrowdsecbank.net/login.aspx" "Mozilla/5.0+(compatible;+MSIE+9.0;+Windows+NT+6.1;+Win64;+x64;+Trident/5.0)"
103.199.83.111 - - [23/Dec/2022:19:19:23 +0000] "POST login.aspx HTTP/1.1" 401 326 "https://pwnedcrowdsecbank.net/login.aspx" "Mozilla/5.0+(compatible;+MSIE+9.0;+Windows+NT+6.1;+Win64;+x64;+Trident/5.0)"
103.199.83.111 - - [23/Dec/2022:19:19:24 +0000] "POST login.aspx HTTP/1.1" 401 154 "https://pwnedcrowdsecbank.net/login.aspx" "Mozilla/5.0+(compatible;+MSIE+9.0;+Windows+NT+6.1;+Win64;+x64;+Trident/5.0)"
103.199.83.111 - - [23/Dec/2022:19:19:25 +0000] "POST login.aspx HTTP/1.1" 401 363 "https://pwnedcrowdsecbank.net/login.aspx" "Mozilla/5.0+(compatible;+MSIE+9.0;+Windows+NT+6.1;+Win64;+x64;+Trident/5.0)"
103.199.83.111 - - [23/Dec/2022:19:19:26 +0000] "POST login.aspx HTTP/1.1" 401 357 "https://pwnedcrowdsecbank.net/login.aspx" "Mozilla/5.0+(compatible;+MSIE+9.0;+Windows+NT+6.1;+Win64;+x64;+Trident/5.0)"
103.199.83.111 - - [23/Dec/2022:19:19:28 +0000] "POST login.aspx HTTP/1.1" 401 303 "https://pwnedcrowdsecbank.net/login.aspx" "Mozilla/5.0+(compatible;+MSIE+9.0;+Windows+NT+6.1;+Win64;+x64;+Trident/5.0)"
103.199.83.111 - - [23/Dec/2022:19:19:29 +0000] "POST login.aspx HTTP/1.1" 401 319 "https://pwnedcrowdsecbank.net/login.aspx" "Mozilla/5.0+(compatible;+MSIE+9.0;+Windows+NT+6.1;+Win64;+x64;+Trident/5.0)"
195.232.103.81 - rb423482 [23/Dec/2022:19:19:30 +0000] "GET footer.css HTTP/1.1" 200 356 "https://pwnedcrowdsecbank.net/transactions.aspx" "Mozilla/4.0+(compatible;+MSIE+9.0;+Windows+NT+6.1;+125LA;+.NET+CLR+2.0.50727;+.NET+CLR+3.0.04506.648;+.NET+CLR+3.5.21022)"
195.232.103.81 - rb423482 [23/Dec/2022:19:19:30 +0000] "GET gqsevvhc.css HTTP/1.1" 200 278 "https://pwnedcrowdsecbank.net/transactions.aspx" "Mozilla/4.0+(compatible;+MSIE+9.0;+Windows+NT+6.1;+125LA;+.NET+CLR+2.0.50727;+.NET+CLR+3.0.04506.648;+.NET+CLR+3.5.21022)"
195.232.103.81 - rb423482 [23/Dec/2022:19:19:30 +0000] "GET transactions.aspx?page=2 HTTP/1.1" 200 179 "https://pwnedcrowdsecbank.net/transactions.aspx" "Mozilla/4.0+(compatible;+MSIE+9.0;+Windows+NT+6.1;+125LA;+.NET+CLR+2.0.50727;+.NET+CLR+3.0.04506.648;+.NET+CLR+3.5.21022)"
103.199.83.111 - iu603165 [23/Dec/2022:19:19:31 +0000] "POST login.aspx HTTP/1.1" 301 267 "https://pwnedcrowdsecbank.net/login.aspx" "Mozilla/5.0+(compatible;+MSIE+9.0;+Windows+NT+6.1;+Win64;+x64;+Trident/5.0)"
103.199.83.111 - iu603165 [23/Dec/2022:19:19:34 +0000] "GET template.css?v=zhsltjhz HTTP/1.1" 200 247 "https://pwnedcrowdsecbank.net/login.aspx" "Mozilla/5.0+(compatible;+MSIE+9.0;+Windows+NT+6.1;+Win64;+x64;+Trident/5.0)"
103.199.83.111 - iu603165 [23/Dec/2022:19:19:34 +0000] "GET haovclhg.css HTTP/1.1" 200 259 "https://pwnedcrowdsecbank.net/login.aspx" "Mozilla/5.0+(compatible;+MSIE+9.0;+Windows+NT+6.1;+Win64;+x64;+Trident/5.0)"
103.199.83.111 - iu603165 [23/Dec/2022:19:19:34 +0000] "GET transactions.aspx?page=1 HTTP/1.1" 200 195 "https://pwnedcrowdsecbank.net/login.aspx" "Mozilla/5.0+(compatible;+MSIE+9.0;+Windows+NT+6.1;+Win64;+x64;+Trident/5.0)"
195.232.103.81 - rb423482 [23/Dec/2022:19:19:55 +0000] "GET rejhglft.css HTTP/1.1" 200 273 "https://pwnedcrowdsecbank.net/transactions.aspx" "Mozilla/4.0+(compatible;+MSIE+9.0;+Windows+NT+6.1;+125LA;+.NET+CLR+2.0.50727;+.NET+CLR+3.0.04506.648;+.NET+CLR+3.5.21022)"
195.232.103.81 - rb423482 [23/Dec/2022:19:19:55 +0000] "GET main.css HTTP/1.1" 200 355 "https://pwnedcrowdsecbank.net/transactions.aspx" "Mozilla/4.0+(compatible;+MSIE+9.0;+Windows+NT+6.1;+125LA;+.NET+CLR+2.0.50727;+.NET+CLR+3.0.04506.648;+.NET+CLR+3.5.21022)"
195.232.103.81 - rb423482 [23/Dec/2022:19:19:55 +0000] "GET transactions.aspx?page=3 HTTP/1.1" 200 162 "https://pwnedcrowdsecbank.net/transactions.aspx" "Mozilla/4.0+(compatible;+MSIE+9.0;+Windows+NT+6.1;+125LA;+.NET+CLR+2.0.50727;+.NET+CLR+3.0.04506.648;+.NET+CLR+3.5.21022)"
103.199.83.111 - iu603165 [23/Dec/2022:19:19:58 +0000] "GET favico.ico HTTP/1.1" 200 359 "https://pwnedcrowdsecbank.net/transactions.aspx" "Mozilla/5.0+(compatible;+MSIE+9.0;+Windows+NT+6.1;+Win64;+x64;+Trident/5.0)"
103.199.83.111 - iu603165 [23/Dec/2022:19:19:58 +0000] "GET transactions.aspx?page=2 HTTP/1.1" 200 162 "https://pwnedcrowdsecbank.net/transactions.aspx" "Mozilla/5.0+(compatible;+MSIE+9.0;+Windows+NT+6.1;+Win64;+x64;+Trident/5.0)"
195.232.103.81 - rb423482 [23/Dec/2022:19:20:18 +0000] "GET tammluzi.js?v=151521 HTTP/1.1" 200 366 "https://pwnedcrowdsecbank.net/transactions.aspx" "Mozilla/4.0+(compatible;+MSIE+9.0;+Windows+NT+6.1;+125LA;+.NET+CLR+2.0.50727;+.NET+CLR+3.0.04506.648;+.NET+CLR+3.5.21022)"
195.232.103.81 - rb423482 [23/Dec/2022:19:20:18 +0000] "GET uvsykwyg.css HTTP/1.1" 200 322 "https://pwnedcrowdsecbank.net/transactions.aspx" "Mozilla/4.0+(compatible;+MSIE+9.0;+Windows+NT+6.1;+125LA;+.NET+CLR+2.0.50727;+.NET+CLR+3.0.04506.648;+.NET+CLR+3.5.21022)"
195.232.103.81 - rb423482 [23/Dec/2022:19:20:18 +0000] "GET footer.css HTTP/1.1" 200 148 "https://pwnedcrowdsecbank.net/transactions.aspx" "Mozilla/4.0+(compatible;+MSIE+9.0;+Windows+NT+6.1;+125LA;+.NET+CLR+2.0.50727;+.NET+CLR+3.0.04506.648;+.NET+CLR+3.5.21022)"
195.232.103.81 - rb423482 [23/Dec/2022:19:20:18 +0000] "GET transactions.aspx?page=4 HTTP/1.1" 200 266 "https://pwnedcrowdsecbank.net/transactions.aspx" "Mozilla/4.0+(compatible;+MSIE+9.0;+Windows+NT+6.1;+125LA;+.NET+CLR+2.0.50727;+.NET+CLR+3.0.04506.648;+.NET+CLR+3.5.21022)"
103.199.83.111 - iu603165 [23/Dec/2022:19:20:24 +0000] "GET gukorwhg.css HTTP/1.1" 200 314 "https://pwnedcrowdsecbank.net/transactions.aspx" "Mozilla/5.0+(compatible;+MSIE+9.0;+Windows+NT+6.1;+Win64;+x64;+Trident/5.0)"
103.199.83.111 - iu603165 [23/Dec/2022:19:20:24 +0000] "GET transfer.aspx HTTP/1.1" 200 166 "https://pwnedcrowdsecbank.net/transactions.aspx" "Mozilla/5.0+(compatible;+MSIE+9.0;+Windows+NT+6.1;+Win64;+x64;+Trident/5.0)"
195.232.103.81 - rb423482 [23/Dec/2022:19:20:40 +0000] "GET template.css?v=gddgukss HTTP/1.1" 200 158 "https://pwnedcrowdsecbank.net/transactions.aspx" "Mozilla/4.0+(compatible;+MSIE+9.0;+Windows+NT+6.1;+125LA;+.NET+CLR+2.0.50727;+.NET+CLR+3.0.04506.648;+.NET+CLR+3.5.21022)"
195.232.103.81 - rb423482 [23/Dec/2022:19:20:40 +0000] "GET transactions.aspx?page=5 HTTP/1.1" 200 350 "https://pwnedcrowdsecbank.net/transactions.aspx" "Mozilla/4.0+(compatible;+MSIE+9.0;+Windows+NT+6.1;+125LA;+.NET+CLR+2.0.50727;+.NET+CLR+3.0.04506.648;+.NET+CLR+3.5.21022)"
103.199.83.111 - iu603165 [23/Dec/2022:19:20:40 +0000] "GET favico.ico HTTP/1.1" 200 144 "https://pwnedcrowdsecbank.net/transfer.aspx" "Mozilla/5.0+(compatible;+MSIE+9.0;+Windows+NT+6.1;+Win64;+x64;+Trident/5.0)"
103.199.83.111 - iu603165 [23/Dec/2022:19:20:40 +0000] "POST transfer.aspx?accountid=191114 HTTP/1.1" 200 224 "https://pwnedcrowdsecbank.net/transfer.aspx" "Mozilla/5.0+(compatible;+MSIE+9.0;+Windows+NT+6.1;+Win64;+x64;+Trident/5.0)"
195.232.103.81 - rb423482 [23/Dec/2022:19:20:51 +0000] "GET template.css?v=clyneiqy HTTP/1.1" 200 149 "https://pwnedcrowdsecbank.net/transactions.aspx" "Mozilla/4.0+(compatible;+MSIE+9.0;+Windows+NT+6.1;+125LA;+.NET+CLR+2.0.50727;+.NET+CLR+3.0.04506.648;+.NET+CLR+3.5.21022)"
195.232.103.81 - rb423482 [23/Dec/2022:19:20:51 +0000] "GET favico.ico HTTP/1.1" 200 217 "https://pwnedcrowdsecbank.net/transactions.aspx" "Mozilla/4.0+(compatible;+MSIE+9.0;+Windows+NT+6.1;+125LA;+.NET+CLR+2.0.50727;+.NET+CLR+3.0.04506.648;+.NET+CLR+3.5.21022)"
195.232.103.81 - rb423482 [23/Dec/2022:19:20:51 +0000] "GET transactions.aspx?page=6 HTTP/1.1" 200 183 "https://pwnedcrowdsecbank.net/transactions.aspx" "Mozilla/4.0+(compatible;+MSIE+9.0;+Windows+NT+6.1;+125LA;+.NET+CLR+2.0.50727;+.NET+CLR+3.0.04506.648;+.NET+CLR+3.5.21022)"
103.199.83.111 - iu603165 [23/Dec/2022:19:21:10 +0000] "GET btqvigfu.css HTTP/1.1" 200 272 "https://pwnedcrowdsecbank.net/transfer.aspx" "Mozilla/5.0+(compatible;+MSIE+9.0;+Windows+NT+6.1;+Win64;+x64;+Trident/5.0)"
103.199.83.111 - iu603165 [23/Dec/2022:19:21:10 +0000] "GET transfer_complete.aspx HTTP/1.1" 200 214 "https://pwnedcrowdsecbank.net/transfer.aspx" "Mozilla/5.0+(compatible;+MSIE+9.0;+Windows+NT+6.1;+Win64;+x64;+Trident/5.0)"
103.199.83.111 - iu603165 [23/Dec/2022:19:21:19 +0000] "GET main.css HTTP/1.1" 200 233 "https://pwnedcrowdsecbank.net/transfer_complete.aspx" "Mozilla/5.0+(compatible;+MSIE+9.0;+Windows+NT+6.1;+Win64;+x64;+Trident/5.0)"
103.199.83.111 - iu603165 [23/Dec/2022:19:21:19 +0000] "GET favico.ico HTTP/1.1" 200 274 "https://pwnedcrowdsecbank.net/transfer_complete.aspx" "Mozilla/5.0+(compatible;+MSIE+9.0;+Windows+NT+6.1;+Win64;+x64;+Trident/5.0)"
103.199.83.111 - iu603165 [23/Dec/2022:19:21:19 +0000] "GET transfer.aspx HTTP/1.1" 200 201 "https://pwnedcrowdsecbank.net/transfer_complete.aspx" "Mozilla/5.0+(compatible;+MSIE+9.0;+Windows+NT+6.1;+Win64;+x64;+Trident/5.0)"
103.199.83.111 - iu603165 [23/Dec/2022:19:21:27 +0000] "GET favico.ico HTTP/1.1" 200 147 "https://pwnedcrowdsecbank.net/transfer.aspx" "Mozilla/5.0+(compatible;+MSIE+9.0;+Windows+NT+6.1;+Win64;+x64;+Trident/5.0)"
103.199.83.111 - iu603165 [23/Dec/2022:19:21:27 +0000] "GET jvnwocvo.js?v=652932 HTTP/1.1" 200 307 "https://pwnedcrowdsecbank.net/transfer.aspx" "Mozilla/5.0+(compatible;+MSIE+9.0;+Windows+NT+6.1;+Win64;+x64;+Trident/5.0)"
103.199.83.111 - iu603165 [23/Dec/2022:19:21:27 +0000] "GET aampzohm.css HTTP/1.1" 200 333 "https://pwnedcrowdsecbank.net/transfer.aspx" "Mozilla/5.0+(compatible;+MSIE+9.0;+Windows+NT+6.1;+Win64;+x64;+Trident/5.0)"
103.199.83.111 - iu603165 [23/Dec/2022:19:21:27 +0000] "POST transfer.aspx?accountid=297448 HTTP/1.1" 200 367 "https://pwnedcrowdsecbank.net/transfer.aspx" "Mozilla/5.0+(compatible;+MSIE+9.0;+Windows+NT+6.1;+Win64;+x64;+Trident/5.0)"
103.199.83.111 - iu603165 [23/Dec/2022:19:21:35 +0000] "GET footer.css HTTP/1.1" 200 193 "https://pwnedcrowdsecbank.net/transfer.aspx" "Mozilla/5.0+(compatible;+MSIE+9.0;+Windows+NT+6.1;+Win64;+x64;+Trident/5.0)"
103.199.83.111 - iu603165 [23/Dec/2022:19:21:35 +0000] "GET transfer_complete.aspx HTTP/1.1" 200 167 "https://pwnedcrowdsecbank.net/transfer.aspx" "Mozilla/5.0+(compatible;+MSIE+9.0;+Windows+NT+6.1;+Win64;+x64;+Trident/5.0)"
103.199.83.111 - iu603165 [23/Dec/2022:19:21:56 +0000] "GET btdodiyt.css HTTP/1.1" 404 244 "https://pwnedcrowdsecbank.net/transfer_complete.aspx" "Mozilla/5.0+(compatible;+MSIE+9.0;+Windows+NT+6.1;+Win64;+x64;+Trident/5.0)"
103.199.83.111 - iu603165 [23/Dec/2022:19:21:56 +0000] "GET tqkypxvf.js?v=441391 HTTP/1.1" 200 134 "https://pwnedcrowdsecbank.net/transfer_complete.aspx" "Mozilla/5.0+(compatible;+MSIE+9.0;+Windows+NT+6.1;+Win64;+x64;+Trident/5.0)"
103.199.83.111 - iu603165 [23/Dec/2022:19:21:56 +0000] "GET footer.css HTTP/1.1" 200 168 "https://pwnedcrowdsecbank.net/transfer_complete.aspx" "Mozilla/5.0+(compatible;+MSIE+9.0;+Windows+NT+6.1;+Win64;+x64;+Trident/5.0)"
103.199.83.111 - iu603165 [23/Dec/2022:19:21:56 +0000] "GET transfer.aspx HTTP/1.1" 200 130 "https://pwnedcrowdsecbank.net/transfer_complete.aspx" "Mozilla/5.0+(compatible;+MSIE+9.0;+Windows+NT+6.1;+Win64;+x64;+Trident/5.0)"
103.199.83.111 - iu603165 [23/Dec/2022:19:22:19 +0000] "GET template.css?v=cdhavvqh HTTP/1.1" 200 366 "https://pwnedcrowdsecbank.net/transfer.aspx" "Mozilla/5.0+(compatible;+MSIE+9.0;+Windows+NT+6.1;+Win64;+x64;+Trident/5.0)"
103.199.83.111 - iu603165 [23/Dec/2022:19:22:19 +0000] "POST transfer.aspx?accountid=665978 HTTP/1.1" 200 260 "https://pwnedcrowdsecbank.net/transfer.aspx" "Mozilla/5.0+(compatible;+MSIE+9.0;+Windows+NT+6.1;+Win64;+x64;+Trident/5.0)"
103.199.83.111 - iu603165 [23/Dec/2022:19:22:22 +0000] "GET fffwpgmc.js?v=300084 HTTP/1.1" 200 290 "https://pwnedcrowdsecbank.net/transfer.aspx" "Mozilla/5.0+(compatible;+MSIE+9.0;+Windows+NT+6.1;+Win64;+x64;+Trident/5.0)"
103.199.83.111 - iu603165 [23/Dec/2022:19:22:22 +0000] "GET transfer_complete.aspx HTTP/1.1" 200 273 "https://pwnedcrowdsecbank.net/transfer.aspx" "Mozilla/5.0+(compatible;+MSIE+9.0;+Windows+NT+6.1;+Win64;+x64;+Trident/5.0)"
103.199.83.111 - iu603165 [23/Dec/2022:19:22:40 +0000] "GET cfcwbndr.css HTTP/1.1" 200 367 "https://pwnedcrowdsecbank.net/transfer_complete.aspx" "Mozilla/5.0+(compatible;+MSIE+9.0;+Windows+NT+6.1;+Win64;+x64;+Trident/5.0)"
103.199.83.111 - iu603165 [23/Dec/2022:19:22:40 +0000] "GET lkdhzutx.css HTTP/1.1" 200 240 "https://pwnedcrowdsecbank.net/transfer_complete.aspx" "Mozilla/5.0+(compatible;+MSIE+9.0;+Windows+NT+6.1;+Win64;+x64;+Trident/5.0)"
103.199.83.111 - iu603165 [23/Dec/2022:19:22:40 +0000] "GET transfer.aspx HTTP/1.1" 200 299 "https://pwnedcrowdsecbank.net/transfer_complete.aspx" "Mozilla/5.0+(compatible;+MSIE+9.0;+Windows+NT+6.1;+Win64;+x64;+Trident/5.0)"
103.199.83.111 - iu603165 [23/Dec/2022:19:23:02 +0000] "GET template.css?v=dhmrikow HTTP/1.1" 200 261 "https://pwnedcrowdsecbank.net/transfer.aspx" "Mozilla/5.0+(compatible;+MSIE+9.0;+Windows+NT+6.1;+Win64;+x64;+Trident/5.0)"
103.199.83.111 - iu603165 [23/Dec/2022:19:23:02 +0000] "POST transfer.aspx?accountid=275520 HTTP/1.1" 200 171 "https://pwnedcrowdsecbank.net/transfer.aspx" "Mozilla/5.0+(compatible;+MSIE+9.0;+Windows+NT+6.1;+Win64;+x64;+Trident/5.0)"
103.199.83.111 - iu603165 [23/Dec/2022:19:23:06 +0000] "GET template.css?v=xeyfhomm HTTP/1.1" 200 224 "https://pwnedcrowdsecbank.net/transfer.aspx" "Mozilla/5.0+(compatible;+MSIE+9.0;+Windows+NT+6.1;+Win64;+x64;+Trident/5.0)"
103.199.83.111 - iu603165 [23/Dec/2022:19:23:06 +0000] "GET transfer_complete.aspx HTTP/1.1" 200 272 "https://pwnedcrowdsecbank.net/transfer.aspx" "Mozilla/5.0+(compatible;+MSIE+9.0;+Windows+NT+6.1;+Win64;+x64;+Trident/5.0)"
103.199.83.111 - iu603165 [23/Dec/2022:19:23:17 +0000] "GET template.css?v=nyfxlkbg HTTP/1.1" 200 259 "https://pwnedcrowdsecbank.net/transfer_complete.aspx" "Mozilla/5.0+(compatible;+MSIE+9.0;+Windows+NT+6.1;+Win64;+x64;+Trident/5.0)"
103.199.83.111 - iu603165 [23/Dec/2022:19:23:17 +0000] "GET favico.ico HTTP/1.1" 200 266 "https://pwnedcrowdsecbank.net/transfer_complete.aspx" "Mozilla/5.0+(compatible;+MSIE+9.0;+Windows+NT+6.1;+Win64;+x64;+Trident/5.0)"
103.199.83.111 - iu603165 [23/Dec/2022:19:23:17 +0000] "GET jcpaaxnh.css HTTP/1.1" 200 280 "https://pwnedcrowdsecbank.net/transfer_complete.aspx" "Mozilla/5.0+(compatible;+MSIE+9.0;+Windows+NT+6.1;+Win64;+x64;+Trident/5.0)"
103.199.83.111 - iu603165 [23/Dec/2022:19:23:17 +0000] "GET transfer.aspx HTTP/1.1" 200 226 "https://pwnedcrowdsecbank.net/transfer_complete.aspx" "Mozilla/5.0+(compatible;+MSIE+9.0;+Windows+NT+6.1;+Win64;+x64;+Trident/5.0)"
103.199.83.111 - iu603165 [23/Dec/2022:19:23:41 +0000] "GET zzxgyrmh.js?v=908689 HTTP/1.1" 200 272 "https://pwnedcrowdsecbank.net/transfer.aspx" "Mozilla/5.0+(compatible;+MSIE+9.0;+Windows+NT+6.1;+Win64;+x64;+Trident/5.0)"
103.199.83.111 - iu603165 [23/Dec/2022:19:23:41 +0000] "POST transfer.aspx?accountid=199440 HTTP/1.1" 200 331 "https://pwnedcrowdsecbank.net/transfer.aspx" "Mozilla/5.0+(compatible;+MSIE+9.0;+Windows+NT+6.1;+Win64;+x64;+Trident/5.0)"
103.199.83.111 - iu603165 [23/Dec/2022:19:23:46 +0000] "GET qbiihbxg.css HTTP/1.1" 200 217 "https://pwnedcrowdsecbank.net/transfer.aspx" "Mozilla/5.0+(compatible;+MSIE+9.0;+Windows+NT+6.1;+Win64;+x64;+Trident/5.0)"
103.199.83.111 - iu603165 [23/Dec/2022:19:23:46 +0000] "GET footer.css HTTP/1.1" 200 336 "https://pwnedcrowdsecbank.net/transfer.aspx" "Mozilla/5.0+(compatible;+MSIE+9.0;+Windows+NT+6.1;+Win64;+x64;+Trident/5.0)"
103.199.83.111 - iu603165 [23/Dec/2022:19:23:46 +0000] "GET transfer_complete.aspx HTTP/1.1" 200 300 "https://pwnedcrowdsecbank.net/transfer.aspx" "Mozilla/5.0+(compatible;+MSIE+9.0;+Windows+NT+6.1;+Win64;+x64;+Trident/5.0)"
103.199.83.111 - iu603165 [23/Dec/2022:19:23:55 +0000] "GET footer.css HTTP/1.1" 200 139 "https://pwnedcrowdsecbank.net/transfer_complete.aspx" "Mozilla/5.0+(compatible;+MSIE+9.0;+Windows+NT+6.1;+Win64;+x64;+Trident/5.0)"
103.199.83.111 - iu603165 [23/Dec/2022:19:23:55 +0000] "GET template.css?v=mjjlcwrd HTTP/1.1" 200 326 "https://pwnedcrowdsecbank.net/transfer_complete.aspx" "Mozilla/5.0+(compatible;+MSIE+9.0;+Windows+NT+6.1;+Win64;+x64;+Trident/5.0)"
103.199.83.111 - iu603165 [23/Dec/2022:19:23:55 +0000] "GET transfer.aspx HTTP/1.1" 200 147 "https://pwnedcrowdsecbank.net/transfer_complete.aspx" "Mozilla/5.0+(compatible;+MSIE+9.0;+Windows+NT+6.1;+Win64;+x64;+Trident/5.0)"
103.199.83.111 - iu603165 [23/Dec/2022:19:24:20 +0000] "GET main.css HTTP/1.1" 200 250 "https://pwnedcrowdsecbank.net/transfer.aspx" "Mozilla/5.0+(compatible;+MSIE+9.0;+Windows+NT+6.1;+Win64;+x64;+Trident/5.0)"
103.199.83.111 - iu603165 [23/Dec/2022:19:24:20 +0000] "GET fzrjhowf.css HTTP/1.1" 404 313 "https://pwnedcrowdsecbank.net/transfer.aspx" "Mozilla/5.0+(compatible;+MSIE+9.0;+Windows+NT+6.1;+Win64;+x64;+Trident/5.0)"
103.199.83.111 - iu603165 [23/Dec/2022:19:24:20 +0000] "GET main.css HTTP/1.1" 200 282 "https://pwnedcrowdsecbank.net/transfer.aspx" "Mozilla/5.0+(compatible;+MSIE+9.0;+Windows+NT+6.1;+Win64;+x64;+Trident/5.0)"
103.199.83.111 - iu603165 [23/Dec/2022:19:24:20 +0000] "POST transfer.aspx?accountid=713562 HTTP/1.1" 200 202 "https://pwnedcrowdsecbank.net/transfer.aspx" "Mozilla/5.0+(compatible;+MSIE+9.0;+Windows+NT+6.1;+Win64;+x64;+Trident/5.0)"
103.199.83.111 - iu603165 [23/Dec/2022:19:24:33 +0000] "GET template.css?v=nnfwxugc HTTP/1.1" 200 187 "https://pwnedcrowdsecbank.net/transfer.aspx" "Mozilla/5.0+(compatible;+MSIE+9.0;+Windows+NT+6.1;+Win64;+x64;+Trident/5.0)"
103.199.83.111 - iu603165 [23/Dec/2022:19:24:33 +0000] "GET transfer_complete.aspx HTTP/1.1" 200 341 "https://pwnedcrowdsecbank.net/transfer.aspx" "Mozilla/5.0+(compatible;+MSIE+9.0;+Windows+NT+6.1;+Win64;+x64;+Trident/5.0)"
103.199.83.111 - - [23/Dec/2022:19:24:38 +0000] "GET template.css?v=rkidhmuz HTTP/1.1" 200 181 "https://pwnedcrowdsecbank.net/transfer_complete.aspx" "Mozilla/5.0+(compatible;+MSIE+9.0;+Windows+NT+6.1;+Win64;+x64;+Trident/5.0)"
103.199.83.111 - - [23/Dec/2022:19:24:38 +0000] "GET logout.aspx HTTP/1.1" 301 277 "https://pwnedcrowdsecbank.net/transfer_complete.aspx" "Mozilla/5.0+(compatible;+MSIE+9.0;+Windows+NT+6.1;+Win64;+x64;+Trident/5.0)"
185.3.250.157 - - [23/Dec/2022:20:13:59 +0000] "GET footer.css HTTP/1.1" 200 215 "-" "Mozilla/5.0+(Windows+NT+10.0;+Win64;+x64)+AppleWebKit/537.36+(KHTML,+like+Gecko)+Chrome/86.0.4240.198+Safari/537.36"
185.3.250.157 - - [23/Dec/2022:20:13:59 +0000] "GET main.css HTTP/1.1" 200 288 "-" "Mozilla/5.0+(Windows+NT+10.0;+Win64;+x64)+AppleWebKit/537.36+(KHTML,+like+Gecko)+Chrome/86.0.4240.198+Safari/537.36"
185.3.250.157 - - [23/Dec/2022:20:13:59 +0000] "GET index.aspx HTTP/1.1" 200 302 "-" "Mozilla/5.0+(Windows+NT+10.0;+Win64;+x64)+AppleWebKit/537.36+(KHTML,+like+Gecko)+Chrome/86.0.4240.198+Safari/537.36"
185.3.250.157 - - [23/Dec/2022:20:14:24 +0000] "GET fimtubru.css HTTP/1.1" 200 347 "https://pwnedcrowdsecbank.net/index.aspx" "Mozilla/5.0+(Windows+NT+10.0;+Win64;+x64)+AppleWebKit/537.36+(KHTML,+like+Gecko)+Chrome/86.0.4240.198+Safari/537.36"
185.3.250.157 - - [23/Dec/2022:20:14:24 +0000] "GET index.aspx HTTP/1.1" 200 369 "https://pwnedcrowdsecbank.net/index.aspx" "Mozilla/5.0+(Windows+NT+10.0;+Win64;+x64)+AppleWebKit/537.36+(KHTML,+like+Gecko)+Chrome/86.0.4240.198+Safari/537.36"
185.3.250.157 - - [23/Dec/2022:20:14:46 +0000] "GET gcgxoswt.css HTTP/1.1" 404 343 "https://pwnedcrowdsecbank.net/index.aspx" "Mozilla/5.0+(Windows+NT+10.0;+Win64;+x64)+AppleWebKit/537.36+(KHTML,+like+Gecko)+Chrome/86.0.4240.198+Safari/537.36"
185.3.250.157 - - [23/Dec/2022:20:14:46 +0000] "GET bqrhstxf.css HTTP/1.1" 404 178 "https://pwnedcrowdsecbank.net/index.aspx" "Mozilla/5.0+(Windows+NT+10.0;+Win64;+x64)+AppleWebKit/537.36+(KHTML,+like+Gecko)+Chrome/86.0.4240.198+Safari/537.36"
185.3.250.157 - - [23/Dec/2022:20:14:46 +0000] "GET index.aspx HTTP/1.1" 301 242 "https://pwnedcrowdsecbank.net/index.aspx" "Mozilla/5.0+(Windows+NT+10.0;+Win64;+x64)+AppleWebKit/537.36+(KHTML,+like+Gecko)+Chrome/86.0.4240.198+Safari/537.36"
185.3.250.157 - - [23/Dec/2022:20:14:53 +0000] "GET azlynzeu.js?v=231975 HTTP/1.1" 200 311 "https://pwnedcrowdsecbank.net/index.aspx" "Mozilla/5.0+(Windows+NT+10.0;+Win64;+x64)+AppleWebKit/537.36+(KHTML,+like+Gecko)+Chrome/86.0.4240.198+Safari/537.36"
185.3.250.157 - - [23/Dec/2022:20:14:53 +0000] "GET kgslffpm.css HTTP/1.1" 200 212 "https://pwnedcrowdsecbank.net/index.aspx" "Mozilla/5.0+(Windows+NT+10.0;+Win64;+x64)+AppleWebKit/537.36+(KHTML,+like+Gecko)+Chrome/86.0.4240.198+Safari/537.36"
185.3.250.157 - - [23/Dec/2022:20:14:53 +0000] "GET login.aspx HTTP/1.1" 200 324 "https://pwnedcrowdsecbank.net/index.aspx" "Mozilla/5.0+(Windows+NT+10.0;+Win64;+x64)+AppleWebKit/537.36+(KHTML,+like+Gecko)+Chrome/86.0.4240.198+Safari/537.36"
185.3.250.157 - di703148 [23/Dec/2022:20:15:22 +0000] "GET dbywhdgl.css HTTP/1.1" 200 250 "https://pwnedcrowdsecbank.net/login.aspx" "Mozilla/5.0+(Windows+NT+10.0;+Win64;+x64)+AppleWebKit/537.36+(KHTML,+like+Gecko)+Chrome/86.0.4240.198+Safari/537.36"
185.3.250.157 - di703148 [23/Dec/2022:20:15:22 +0000] "POST login.aspx HTTP/1.1" 301 239 "https://pwnedcrowdsecbank.net/login.aspx" "Mozilla/5.0+(Windows+NT+10.0;+Win64;+x64)+AppleWebKit/537.36+(KHTML,+like+Gecko)+Chrome/86.0.4240.198+Safari/537.36"
185.3.250.157 - di703148 [23/Dec/2022:20:15:33 +0000] "GET template.css?v=vkacxpuj HTTP/1.1" 200 168 "https://pwnedcrowdsecbank.net/login.aspx" "Mozilla/5.0+(Windows+NT+10.0;+Win64;+x64)+AppleWebKit/537.36+(KHTML,+like+Gecko)+Chrome/86.0.4240.198+Safari/537.36"
185.3.250.157 - di703148 [23/Dec/2022:20:15:33 +0000] "GET account_status.aspx HTTP/1.1" 200 294 "https://pwnedcrowdsecbank.net/login.aspx" "Mozilla/5.0+(Windows+NT+10.0;+Win64;+x64)+AppleWebKit/537.36+(KHTML,+like+Gecko)+Chrome/86.0.4240.198+Safari/537.36"
185.3.250.157 - di703148 [23/Dec/2022:20:15:47 +0000] "GET jsxrntok.js?v=769585 HTTP/1.1" 200 331 "https://pwnedcrowdsecbank.net/account_status.aspx" "Mozilla/5.0+(Windows+NT+10.0;+Win64;+x64)+AppleWebKit/537.36+(KHTML,+like+Gecko)+Chrome/86.0.4240.198+Safari/537.36"
185.3.250.157 - di703148 [23/Dec/2022:20:15:47 +0000] "GET trkztucv.css HTTP/1.1" 200 250 "https://pwnedcrowdsecbank.net/account_status.aspx" "Mozilla/5.0+(Windows+NT+10.0;+Win64;+x64)+AppleWebKit/537.36+(KHTML,+like+Gecko)+Chrome/86.0.4240.198+Safari/537.36"
185.3.250.157 - di703148 [23/Dec/2022:20:15:47 +0000] "GET njsyppbc.css HTTP/1.1" 200 264 "https://pwnedcrowdsecbank.net/account_status.aspx" "Mozilla/5.0+(Windows+NT+10.0;+Win64;+x64)+AppleWebKit/537.36+(KHTML,+like+Gecko)+Chrome/86.0.4240.198+Safari/537.36"
185.3.250.157 - di703148 [23/Dec/2022:20:15:47 +0000] "GET transactions.aspx?page=2 HTTP/1.1" 200 149 "https://pwnedcrowdsecbank.net/account_status.aspx" "Mozilla/5.0+(Windows+NT+10.0;+Win64;+x64)+AppleWebKit/537.36+(KHTML,+like+Gecko)+Chrome/86.0.4240.198+Safari/537.36"
185.3.250.157 - di703148 [23/Dec/2022:20:16:14 +0000] "GET favico.ico HTTP/1.1" 200 138 "https://pwnedcrowdsecbank.net/transactions.aspx" "Mozilla/5.0+(Windows+NT+10.0;+Win64;+x64)+AppleWebKit/537.36+(KHTML,+like+Gecko)+Chrome/86.0.4240.198+Safari/537.36"
185.3.250.157 - di703148 [23/Dec/2022:20:16:14 +0000] "GET transactions.aspx?page=1 HTTP/1.1" 200 322 "https://pwnedcrowdsecbank.net/transactions.aspx" "Mozilla/5.0+(Windows+NT+10.0;+Win64;+x64)+AppleWebKit/537.36+(KHTML,+like+Gecko)+Chrome/86.0.4240.198+Safari/537.36"
185.3.250.157 - di703148 [23/Dec/2022:20:16:31 +0000] "GET footer.css HTTP/1.1" 200 158 "https://pwnedcrowdsecbank.net/transactions.aspx" "Mozilla/5.0+(Windows+NT+10.0;+Win64;+x64)+AppleWebKit/537.36+(KHTML,+like+Gecko)+Chrome/86.0.4240.198+Safari/537.36"
185.3.250.157 - di703148 [23/Dec/2022:20:16:31 +0000] "GET tqmfobdh.css HTTP/1.1" 200 362 "https://pwnedcrowdsecbank.net/transactions.aspx" "Mozilla/5.0+(Windows+NT+10.0;+Win64;+x64)+AppleWebKit/537.36+(KHTML,+like+Gecko)+Chrome/86.0.4240.198+Safari/537.36"
185.3.250.157 - di703148 [23/Dec/2022:20:16:31 +0000] "GET prjhallu.css HTTP/1.1" 404 355 "https://pwnedcrowdsecbank.net/transactions.aspx" "Mozilla/5.0+(Windows+NT+10.0;+Win64;+x64)+AppleWebKit/537.36+(KHTML,+like+Gecko)+Chrome/86.0.4240.198+Safari/537.36"
185.3.250.157 - di703148 [23/Dec/2022:20:16:31 +0000] "GET transactions.aspx?page=2 HTTP/1.1" 200 352 "https://pwnedcrowdsecbank.net/transactions.aspx" "Mozilla/5.0+(Windows+NT+10.0;+Win64;+x64)+AppleWebKit/537.36+(KHTML,+like+Gecko)+Chrome/86.0.4240.198+Safari/537.36"
185.3.250.157 - di703148 [23/Dec/2022:20:16:59 +0000] "GET pvrxmiqn.css HTTP/1.1" 200 322 "https://pwnedcrowdsecbank.net/transactions.aspx" "Mozilla/5.0+(Windows+NT+10.0;+Win64;+x64)+AppleWebKit/537.36+(KHTML,+like+Gecko)+Chrome/86.0.4240.198+Safari/537.36"
185.3.250.157 - di703148 [23/Dec/2022:20:16:59 +0000] "GET transactions.aspx?page=3 HTTP/1.1" 200 204 "https://pwnedcrowdsecbank.net/transactions.aspx" "Mozilla/5.0+(Windows+NT+10.0;+Win64;+x64)+AppleWebKit/537.36+(KHTML,+like+Gecko)+Chrome/86.0.4240.198+Safari/537.36"
185.3.250.157 - di703148 [23/Dec/2022:20:17:03 +0000] "GET sajpxrap.css HTTP/1.1" 200 223 "https://pwnedcrowdsecbank.net/transactions.aspx" "Mozilla/5.0+(Windows+NT+10.0;+Win64;+x64)+AppleWebKit/537.36+(KHTML,+like+Gecko)+Chrome/86.0.4240.198+Safari/537.36"
185.3.250.157 - di703148 [23/Dec/2022:20:17:03 +0000] "GET xcpaakpt.css HTTP/1.1" 200 235 "https://pwnedcrowdsecbank.net/transactions.aspx" "Mozilla/5.0+(Windows+NT+10.0;+Win64;+x64)+AppleWebKit/537.36+(KHTML,+like+Gecko)+Chrome/86.0.4240.198+Safari/537.36"
185.3.250.157 - di703148 [23/Dec/2022:20:17:03 +0000] "GET transactions.aspx?page=4 HTTP/1.1" 200 147 "https://pwnedcrowdsecbank.net/transactions.aspx" "Mozilla/5.0+(Windows+NT+10.0;+Win64;+x64)+AppleWebKit/537.36+(KHTML,+like+Gecko)+Chrome/86.0.4240.198+Safari/537.36"
5.59.183.210 - - [24/Dec/2022:08:50:59 +0000] "GET footer.css HTTP/1.1" 200 278 "-" "Mozilla/5.0+(Windows+NT+10.0;+WOW64)+AppleWebKit/537.36+(KHTML,+like+Gecko)+Chrome/72.0.3626.121+Safari/537.36"
5.59.183.210 - - [24/Dec/2022:08:50:59 +0000] "GET ipwizita.css HTTP/1.1" 200 326 "-" "Mozilla/5.0+(Windows+NT+10.0;+WOW64)+AppleWebKit/537.36+(KHTML,+like+Gecko)+Chrome/72.0.3626.121+Safari/537.36"
5.59.183.210 - - [24/Dec/2022:08:50:59 +0000] "GET index.aspx HTTP/1.1" 200 235 "-" "Mozilla/5.0+(Windows+NT+10.0;+WOW64)+AppleWebKit/537.36+(KHTML,+like+Gecko)+Chrome/72.0.3626.121+Safari/537.36"
5.59.183.210 - - [24/Dec/2022:08:51:20 +0000] "GET favico.ico HTTP/1.1" 200 294 "https://pwnedcrowdsecbank.net/index.aspx" "Mozilla/5.0+(Windows+NT+10.0;+WOW64)+AppleWebKit/537.36+(KHTML,+like+Gecko)+Chrome/72.0.3626.121+Safari/537.36"
5.59.183.210 - - [24/Dec/2022:08:51:20 +0000] "GET owqvzzja.css HTTP/1.1" 200 342 "https://pwnedcrowdsecbank.net/index.aspx" "Mozilla/5.0+(Windows+NT+10.0;+WOW64)+AppleWebKit/537.36+(KHTML,+like+Gecko)+Chrome/72.0.3626.121+Safari/537.36"
5.59.183.210 - - [24/Dec/2022:08:51:20 +0000] "GET index.aspx HTTP/1.1" 200 184 "https://pwnedcrowdsecbank.net/index.aspx" "Mozilla/5.0+(Windows+NT+10.0;+WOW64)+AppleWebKit/537.36+(KHTML,+like+Gecko)+Chrome/72.0.3626.121+Safari/537.36"
5.59.183.210 - - [24/Dec/2022:08:51:44 +0000] "GET footer.css HTTP/1.1" 200 194 "https://pwnedcrowdsecbank.net/index.aspx" "Mozilla/5.0+(Windows+NT+10.0;+WOW64)+AppleWebKit/537.36+(KHTML,+like+Gecko)+Chrome/72.0.3626.121+Safari/537.36"
5.59.183.210 - - [24/Dec/2022:08:51:44 +0000] "GET rgfeeukr.css HTTP/1.1" 404 246 "https://pwnedcrowdsecbank.net/index.aspx" "Mozilla/5.0+(Windows+NT+10.0;+WOW64)+AppleWebKit/537.36+(KHTML,+like+Gecko)+Chrome/72.0.3626.121+Safari/537.36"
5.59.183.210 - - [24/Dec/2022:08:51:44 +0000] "GET index.aspx HTTP/1.1" 301 319 "https://pwnedcrowdsecbank.net/index.aspx" "Mozilla/5.0+(Windows+NT+10.0;+WOW64)+AppleWebKit/537.36+(KHTML,+like+Gecko)+Chrome/72.0.3626.121+Safari/537.36"
5.59.183.210 - - [24/Dec/2022:08:51:52 +0000] "GET bnlcdkxq.css HTTP/1.1" 200 252 "https://pwnedcrowdsecbank.net/index.aspx" "Mozilla/5.0+(Windows+NT+10.0;+WOW64)+AppleWebKit/537.36+(KHTML,+like+Gecko)+Chrome/72.0.3626.121+Safari/537.36"
5.59.183.210 - - [24/Dec/2022:08:51:52 +0000] "GET rvjliudw.css HTTP/1.1" 200 266 "https://pwnedcrowdsecbank.net/index.aspx" "Mozilla/5.0+(Windows+NT+10.0;+WOW64)+AppleWebKit/537.36+(KHTML,+like+Gecko)+Chrome/72.0.3626.121+Safari/537.36"
5.59.183.210 - - [24/Dec/2022:08:51:52 +0000] "GET cfefshji.css HTTP/1.1" 200 223 "https://pwnedcrowdsecbank.net/index.aspx" "Mozilla/5.0+(Windows+NT+10.0;+WOW64)+AppleWebKit/537.36+(KHTML,+like+Gecko)+Chrome/72.0.3626.121+Safari/537.36"
5.59.183.210 - - [24/Dec/2022:08:51:52 +0000] "GET login.aspx HTTP/1.1" 200 304 "https://pwnedcrowdsecbank.net/index.aspx" "Mozilla/5.0+(Windows+NT+10.0;+WOW64)+AppleWebKit/537.36+(KHTML,+like+Gecko)+Chrome/72.0.3626.121+Safari/537.36"
5.59.183.210 - ik593816 [24/Dec/2022:08:52:10 +0000] "GET otbqgiao.js?v=197570 HTTP/1.1" 200 141 "https://pwnedcrowdsecbank.net/login.aspx" "Mozilla/5.0+(Windows+NT+10.0;+WOW64)+AppleWebKit/537.36+(KHTML,+like+Gecko)+Chrome/72.0.3626.121+Safari/537.36"
5.59.183.210 - ik593816 [24/Dec/2022:08:52:10 +0000] "POST login.aspx HTTP/1.1" 301 343 "https://pwnedcrowdsecbank.net/login.aspx" "Mozilla/5.0+(Windows+NT+10.0;+WOW64)+AppleWebKit/537.36+(KHTML,+like+Gecko)+Chrome/72.0.3626.121+Safari/537.36"
5.59.183.210 - ik593816 [24/Dec/2022:08:52:28 +0000] "GET mfscvlkg.css HTTP/1.1" 404 207 "https://pwnedcrowdsecbank.net/login.aspx" "Mozilla/5.0+(Windows+NT+10.0;+WOW64)+AppleWebKit/537.36+(KHTML,+like+Gecko)+Chrome/72.0.3626.121+Safari/537.36"
5.59.183.210 - ik593816 [24/Dec/2022:08:52:28 +0000] "GET account_status.aspx HTTP/1.1" 200 183 "https://pwnedcrowdsecbank.net/login.aspx" "Mozilla/5.0+(Windows+NT+10.0;+WOW64)+AppleWebKit/537.36+(KHTML,+like+Gecko)+Chrome/72.0.3626.121+Safari/537.36"
5.59.183.210 - ik593816 [24/Dec/2022:08:52:46 +0000] "GET template.css?v=ldgtpjab HTTP/1.1" 200 256 "https://pwnedcrowdsecbank.net/account_status.aspx" "Mozilla/5.0+(Windows+NT+10.0;+WOW64)+AppleWebKit/537.36+(KHTML,+like+Gecko)+Chrome/72.0.3626.121+Safari/537.36"
5.59.183.210 - ik593816 [24/Dec/2022:08:52:46 +0000] "GET favico.ico HTTP/1.1" 200 173 "https://pwnedcrowdsecbank.net/account_status.aspx" "Mozilla/5.0+(Windows+NT+10.0;+WOW64)+AppleWebKit/537.36+(KHTML,+like+Gecko)+Chrome/72.0.3626.121+Safari/537.36"
5.59.183.210 - ik593816 [24/Dec/2022:08:52:46 +0000] "GET main.css HTTP/1.1" 200 273 "https://pwnedcrowdsecbank.net/account_status.aspx" "Mozilla/5.0+(Windows+NT+10.0;+WOW64)+AppleWebKit/537.36+(KHTML,+like+Gecko)+Chrome/72.0.3626.121+Safari/537.36"
5.59.183.210 - ik593816 [24/Dec/2022:08:52:46 +0000] "GET transactions.aspx?page=2 HTTP/1.1" 200 219 "https://pwnedcrowdsecbank.net/account_status.aspx" "Mozilla/5.0+(Windows+NT+10.0;+WOW64)+AppleWebKit/537.36+(KHTML,+like+Gecko)+Chrome/72.0.3626.121+Safari/537.36"
5.59.183.210 - ik593816 [24/Dec/2022:08:52:59 +0000] "GET footer.css HTTP/1.1" 200 298 "https://pwnedcrowdsecbank.net/transactions.aspx" "Mozilla/5.0+(Windows+NT+10.0;+WOW64)+AppleWebKit/537.36+(KHTML,+like+Gecko)+Chrome/72.0.3626.121+Safari/537.36"
5.59.183.210 - ik593816 [24/Dec/2022:08:52:59 +0000] "GET fbgzwpqd.css HTTP/1.1" 200 168 "https://pwnedcrowdsecbank.net/transactions.aspx" "Mozilla/5.0+(Windows+NT+10.0;+WOW64)+AppleWebKit/537.36+(KHTML,+like+Gecko)+Chrome/72.0.3626.121+Safari/537.36"
5.59.183.210 - ik593816 [24/Dec/2022:08:52:59 +0000] "GET main.css HTTP/1.1" 200 227 "https://pwnedcrowdsecbank.net/transactions.aspx" "Mozilla/5.0+(Windows+NT+10.0;+WOW64)+AppleWebKit/537.36+(KHTML,+like+Gecko)+Chrome/72.0.3626.121+Safari/537.36"
5.59.183.210 - ik593816 [24/Dec/2022:08:52:59 +0000] "GET transactions.aspx?page=1 HTTP/1.1" 200 313 "https://pwnedcrowdsecbank.net/transactions.aspx" "Mozilla/5.0+(Windows+NT+10.0;+WOW64)+AppleWebKit/537.36+(KHTML,+like+Gecko)+Chrome/72.0.3626.121+Safari/537.36"
5.59.183.210 - ik593816 [24/Dec/2022:08:53:25 +0000] "GET footer.css HTTP/1.1" 200 340 "https://pwnedcrowdsecbank.net/transactions.aspx" "Mozilla/5.0+(Windows+NT+10.0;+WOW64)+AppleWebKit/537.36+(KHTML,+like+Gecko)+Chrome/72.0.3626.121+Safari/537.36"
5.59.183.210 - ik593816 [24/Dec/2022:08:53:25 +0000] "GET transactions.aspx?page=2 HTTP/1.1" 200 278 "https://pwnedcrowdsecbank.net/transactions.aspx" "Mozilla/5.0+(Windows+NT+10.0;+WOW64)+AppleWebKit/537.36+(KHTML,+like+Gecko)+Chrome/72.0.3626.121+Safari/537.36"
5.59.183.210 - ik593816 [24/Dec/2022:08:53:47 +0000] "GET okqurhff.css HTTP/1.1" 200 331 "https://pwnedcrowdsecbank.net/transactions.aspx" "Mozilla/5.0+(Windows+NT+10.0;+WOW64)+AppleWebKit/537.36+(KHTML,+like+Gecko)+Chrome/72.0.3626.121+Safari/537.36"
5.59.183.210 - ik593816 [24/Dec/2022:08:53:47 +0000] "GET transactions.aspx?page=3 HTTP/1.1" 200 237 "https://pwnedcrowdsecbank.net/transactions.aspx" "Mozilla/5.0+(Windows+NT+10.0;+WOW64)+AppleWebKit/537.36+(KHTML,+like+Gecko)+Chrome/72.0.3626.121+Safari/537.36"
5.59.183.210 - ik593816 [24/Dec/2022:08:54:05 +0000] "GET template.css?v=xcphluud HTTP/1.1" 200 295 "https://pwnedcrowdsecbank.net/transactions.aspx" "Mozilla/5.0+(Windows+NT+10.0;+WOW64)+AppleWebKit/537.36+(KHTML,+like+Gecko)+Chrome/72.0.3626.121+Safari/537.36"
5.59.183.210 - ik593816 [24/Dec/2022:08:54:05 +0000] "GET transactions.aspx?page=4 HTTP/1.1" 200 145 "https://pwnedcrowdsecbank.net/transactions.aspx" "Mozilla/5.0+(Windows+NT+10.0;+WOW64)+AppleWebKit/537.36+(KHTML,+like+Gecko)+Chrome/72.0.3626.121+Safari/537.36"
