193.16.106.111 - ee643969 [27/Dec/2022:14:11:34 +0000] "GET transactions.aspx?page=4 HTTP/1.1" 200 197 "https://pwnedcrowdsecbank.net/transactions.aspx" "Mozilla/5.0+(iPhone;+CPU+iPhone+OS+10_3_2+like+Mac+OS+X)+AppleWebKit/603.2.4+(KHTML,+like+Gecko)+Version/10.0+Mobile/14F89+Safari/602+1+Safari+10"
193.16.106.111 - - [27/Dec/2022:14:11:39 +0000] "GET main.css HTTP/1.1" 200 255 "https://pwnedcrowdsecbank.net/transactions.aspx" "Mozilla/5.0+(iPhone;+CPU+iPhone+OS+10_3_2+like+Mac+OS+X)+AppleWebKit/603.2.4+(KHTML,+like+Gecko)+Version/10.0+Mobile/14F89+Safari/602+1+Safari+10"
193.16.106.111 - - [27/Dec/2022:14:11:39 +0000] "GET main.css HTTP/1.1" 200 275 "https://pwnedcrowdsecbank.net/transactions.aspx" "Mozilla/5.0+(iPhone;+CPU+iPhone+OS+10_3_2+like+Mac+OS+X)+AppleWebKit/603.2.4+(KHTML,+like+Gecko)+Version/10.0+Mobile/14F89+Safari/602+1+Safari+10"
193.16.106.111 - - [27/Dec/2022:14:11:39 +0000] "GET favico.ico HTTP/1.1" 200 319 "https://pwnedcrowdsecbank.net/transactions.aspx" "Mozilla/5.0+(iPhone;+CPU+iPhone+OS+10_3_2+like+Mac+OS+X)+AppleWebKit/603.2.4+(KHTML,+like+Gecko)+Version/10.0+Mobile/14F89+Safari/602+1+Safari+10"
193.16.106.111 - - [27/Dec/2022:14:11:39 +0000] "GET logout.aspx HTTP/1.1" 301 312 "https://pwnedcrowdsecbank.net/transactions.aspx" "Mozilla/5.0+(iPhone;+CPU+iPhone+OS+10_3_2+like+Mac+OS+X)+AppleWebKit/603.2.4+(KHTML,+like+Gecko)+Version/10.0+Mobile/14F89+Safari/602+1+Safari+10"
84.233.141.101 - - [27/Dec/2022:16:44:59 +0000] "GET egarrjva.css HTTP/1.1" 404 280 "-" "Mozilla/4.0+(compatible;+MSIE+6.0;+Windows+NT+5.1;+SV1;+.NET+CLR+1.1.4322;+InfoPath.1;+.NET+CLR+2.0.50727)"
84.233.141.101 - - [27/Dec/2022:16:44:59 +0000] "GET lqrocjlr.js?v=504364 HTTP/1.1" 200 323 "-" "Mozilla/4.0+(compatible;+MSIE+6.0;+Windows+NT+5.1;+SV1;+.NET+CLR+1.1.4322;+InfoPath.1;+.NET+CLR+2.0.50727)"
84.233.141.101 - - [27/Dec/2022:16:44:59 +0000] "GET favico.ico HTTP/1.1" 200 163 "-" "Mozilla/4.0+(compatible;+MSIE+6.0;+Windows+NT+5.1;+SV1;+.NET+CLR+1.1.4322;+InfoPath.1;+.NET+CLR+2.0.50727)"
84.233.141.101 - - [27/Dec/2022:16:44:59 +0000] "GET index.aspx HTTP/1.1" 200 271 "-" "Mozilla/4.0+(compatible;+MSIE+6.0;+Windows+NT+5.1;+SV1;+.NET+CLR+1.1.4322;+InfoPath.1;+.NET+CLR+2.0.50727)"
84.233.141.101 - - [27/Dec/2022:16:45:19 +0000] "GET favico.ico HTTP/1.1" 200 292 "https://pwnedcrowdsecbank.net/index.aspx" "Mozilla/4.0+(compatible;+MSIE+6.0;+Windows+NT+5.1;+SV1;+.NET+CLR+1.1.4322;+InfoPath.1;+.NET+CLR+2.0.50727)"
84.233.141.101 - - [27/Dec/2022:16:45:19 +0000] "GET index.aspx HTTP/1.1" 200 343 "https://pwnedcrowdsecbank.net/index.aspx" "Mozilla/4.0+(compatible;+MSIE+6.0;+Windows+NT+5.1;+SV1;+.NET+CLR+1.1.4322;+InfoPath.1;+.NET+CLR+2.0.50727)"
84.233.141.101 - - [27/Dec/2022:16:45:25 +0000] "GET zaxyyhey.css HTTP/1.1" 200 305 "https://pwnedcrowdsecbank.net/index.aspx" "Mozilla/4.0+(compatible;+MSIE+6.0;+Windows+NT+5.1;+SV1;+.NET+CLR+1.1.4322;+InfoPath.1;+.NET+CLR+2.0.50727)"
84.233.141.101 - - [27/Dec/2022:16:45:25 +0000] "GET zazbpiui.css HTTP/1.1" 404 253 "https://pwnedcrowdsecbank.net/index.aspx" "Mozilla/4.0+(compatible;+MSIE+6.0;+Windows+NT+5.1;+SV1;+.NET+CLR+1.1.4322;+InfoPath.1;+.NET+CLR+2.0.50727)"
84.233.141.101 - - [27/Dec/2022:16:45:25 +0000] "GET index.aspx HTTP/1.1" 301 176 "https://pwnedcrowdsecbank.net/index.aspx" "Mozilla/4.0+(compatible;+MSIE+6.0;+Windows+NT+5.1;+SV1;+.NET+CLR+1.1.4322;+InfoPath.1;+.NET+CLR+2.0.50727)"
84.233.141.101 - - [27/Dec/2022:16:45:51 +0000] "GET hlnmlbiz.css HTTP/1.1" 404 139 "https://pwnedcrowdsecbank.net/index.aspx" "Mozilla/4.0+(compatible;+MSIE+6.0;+Windows+NT+5.1;+SV1;+.NET+CLR+1.1.4322;+InfoPath.1;+.NET+CLR+2.0.50727)"
84.233.141.101 - - [27/Dec/2022:16:45:51 +0000] "GET login.aspx HTTP/1.1" 200 331 "https://pwnedcrowdsecbank.net/index.aspx" "Mozilla/4.0+(compatible;+MSIE+6.0;+Windows+NT+5.1;+SV1;+.NET+CLR+1.1.4322;+InfoPath.1;+.NET+CLR+2.0.50727)"
84.233.141.101 - co650243 [27/Dec/2022:16:46:17 +0000] "GET template.css?v=qnroftgq HTTP/1.1" 200 160 "https://pwnedcrowdsecbank.net/login.aspx" "Mozilla/4.0+(compatible;+MSIE+6.0;+Windows+NT+5.1;+SV1;+.NET+CLR+1.1.4322;+InfoPath.1;+.NET+CLR+2.0.50727)"
84.233.141.101 - co650243 [27/Dec/2022:16:46:17 +0000] "POST login.aspx HTTP/1.1" 301 303 "https://pwnedcrowdsecbank.net/login.aspx" "Mozilla/4.0+(compatible;+MSIE+6.0;+Windows+NT+5.1;+SV1;+.NET+CLR+1.1.4322;+InfoPath.1;+.NET+CLR+2.0.50727)"
84.233.141.101 - co650243 [27/Dec/2022:16:46:20 +0000] "GET tkagzyjq.js?v=702482 HTTP/1.1" 200 211 "https://pwnedcrowdsecbank.net/login.aspx" "Mozilla/4.0+(compatible;+MSIE+6.0;+Windows+NT+5.1;+SV1;+.NET+CLR+1.1.4322;+InfoPath.1;+.NET+CLR+2.0.50727)"
84.233.141.101 - co650243 [27/Dec/2022:16:46:20 +0000] "GET footer.css HTTP/1.1" 200 305 "https://pwnedcrowdsecbank.net/login.aspx" "Mozilla/4.0+(compatible;+MSIE+6.0;+Windows+NT+5.1;+SV1;+.NET+CLR+1.1.4322;+InfoPath.1;+.NET+CLR+2.0.50727)"
84.233.141.101 - co650243 [27/Dec/2022:16:46:20 +0000] "GET favico.ico HTTP/1.1" 200 317 "https://pwnedcrowdsecbank.net/login.aspx" "Mozilla/4.0+(compatible;+MSIE+6.0;+Windows+NT+5.1;+SV1;+.NET+CLR+1.1.4322;+InfoPath.1;+.NET+CLR+2.0.50727)"
84.233.141.101 - co650243 [27/Dec/2022:16:46:20 +0000] "GET account_status.aspx HTTP/1.1" 200 175 "https://pwnedcrowdsecbank.net/login.aspx" "Mozilla/4.0+(compatible;+MSIE+6.0;+Windows+NT+5.1;+SV1;+.NET+CLR+1.1.4322;+InfoPath.1;+.NET+CLR+2.0.50727)"
84.233.141.101 - co650243 [27/Dec/2022:16:46:45 +0000] "GET cjupoqyb.css HTTP/1.1" 404 202 "https://pwnedcrowdsecbank.net/account_status.aspx" "Mozilla/4.0+(compatible;+MSIE+6.0;+Windows+NT+5.1;+SV1;+.NET+CLR+1.1.4322;+InfoPath.1;+.NET+CLR+2.0.50727)"
84.233.141.101 - co650243 [27/Dec/2022:16:46:45 +0000] "GET transactions.aspx?page=2 HTTP/1.1" 200 146 "https://pwnedcrowdsecbank.net/account_status.aspx" "Mozilla/4.0+(compatible;+MSIE+6.0;+Windows+NT+5.1;+SV1;+.NET+CLR+1.1.4322;+InfoPath.1;+.NET+CLR+2.0.50727)"
84.233.141.101 - co650243 [27/Dec/2022:16:47:14 +0000] "GET favico.ico HTTP/1.1" 200 355 "https://pwnedcrowdsecbank.net/transactions.aspx" "Mozilla/4.0+(compatible;+MSIE+6.0;+Windows+NT+5.1;+SV1;+.NET+CLR+1.1.4322;+InfoPath.1;+.NET+CLR+2.0.50727)"
84.233.141.101 - co650243 [27/Dec/2022:16:47:14 +0000] "GET nfmpdwvy.css HTTP/1.1" 200 207 "https://pwnedcrowdsecbank.net/transactions.aspx" "Mozilla/4.0+(compatible;+MSIE+6.0;+Windows+NT+5.1;+SV1;+.NET+CLR+1.1.4322;+InfoPath.1;+.NET+CLR+2.0.50727)"
84.233.141.101 - co650243 [27/Dec/2022:16:47:14 +0000] "GET yfvuxdxw.css HTTP/1.1" 200 230 "https://pwnedcrowdsecbank.net/transactions.aspx" "Mozilla/4.0+(compatible;+MSIE+6.0;+Windows+NT+5.1;+SV1;+.NET+CLR+1.1.4322;+InfoPath.1;+.NET+CLR+2.0.50727)"
84.233.141.101 - co650243 [27/Dec/2022:16:47:14 +0000] "GET transactions.aspx?page=1 HTTP/1.1" 200 293 "https://pwnedcrowdsecbank.net/transactions.aspx" "Mozilla/4.0+(compatible;+MSIE+6.0;+Windows+NT+5.1;+SV1;+.NET+CLR+1.1.4322;+InfoPath.1;+.NET+CLR+2.0.50727)"
23.249.222.170 - - [27/Dec/2022:22:19:59 +0000] "GET favico.ico HTTP/1.1" 200 308 "-" "Mozilla/5.0+(iPhone;+CPU+iPhone+OS+12_1_2+like+Mac+OS+X)+AppleWebKit/605.1.15+(KHTML,+like+Gecko)+Mobile/16C101+Webkit+based+browser"
23.249.222.170 - - [27/Dec/2022:22:19:59 +0000] "GET ukafaatj.css HTTP/1.1" 404 345 "-" "Mozilla/5.0+(iPhone;+CPU+iPhone+OS+12_1_2+like+Mac+OS+X)+AppleWebKit/605.1.15+(KHTML,+like+Gecko)+Mobile/16C101+Webkit+based+browser"
23.249.222.170 - - [27/Dec/2022:22:19:59 +0000] "GET main.css HTTP/1.1" 200 287 "-" "Mozilla/5.0+(iPhone;+CPU+iPhone+OS+12_1_2+like+Mac+OS+X)+AppleWebKit/605.1.15+(KHTML,+like+Gecko)+Mobile/16C101+Webkit+based+browser"
23.249.222.170 - - [27/Dec/2022:22:19:59 +0000] "GET index.aspx HTTP/1.1" 200 172 "-" "Mozilla/5.0+(iPhone;+CPU+iPhone+OS+12_1_2+like+Mac+OS+X)+AppleWebKit/605.1.15+(KHTML,+like+Gecko)+Mobile/16C101+Webkit+based+browser"
23.249.222.170 - - [27/Dec/2022:22:20:19 +0000] "GET bqkxpctc.css HTTP/1.1" 200 323 "https://pwnedcrowdsecbank.net/index.aspx" "Mozilla/5.0+(iPhone;+CPU+iPhone+OS+12_1_2+like+Mac+OS+X)+AppleWebKit/605.1.15+(KHTML,+like+Gecko)+Mobile/16C101+Webkit+based+browser"
23.249.222.170 - - [27/Dec/2022:22:20:19 +0000] "GET index.aspx HTTP/1.1" 200 304 "https://pwnedcrowdsecbank.net/index.aspx" "Mozilla/5.0+(iPhone;+CPU+iPhone+OS+12_1_2+like+Mac+OS+X)+AppleWebKit/605.1.15+(KHTML,+like+Gecko)+Mobile/16C101+Webkit+based+browser"
23.249.222.170 - - [27/Dec/2022:22:20:49 +0000] "GET vakkqiwy.css HTTP/1.1" 200 171 "https://pwnedcrowdsecbank.net/index.aspx" "Mozilla/5.0+(iPhone;+CPU+iPhone+OS+12_1_2+like+Mac+OS+X)+AppleWebKit/605.1.15+(KHTML,+like+Gecko)+Mobile/16C101+Webkit+based+browser"
23.249.222.170 - - [27/Dec/2022:22:20:49 +0000] "GET vsxxgpxq.css HTTP/1.1" 200 275 "https://pwnedcrowdsecbank.net/index.aspx" "Mozilla/5.0+(iPhone;+CPU+iPhone+OS+12_1_2+like+Mac+OS+X)+AppleWebKit/605.1.15+(KHTML,+like+Gecko)+Mobile/16C101+Webkit+based+browser"
23.249.222.170 - - [27/Dec/2022:22:20:49 +0000] "GET main.css HTTP/1.1" 200 267 "https://pwnedcrowdsecbank.net/index.aspx" "Mozilla/5.0+(iPhone;+CPU+iPhone+OS+12_1_2+like+Mac+OS+X)+AppleWebKit/605.1.15+(KHTML,+like+Gecko)+Mobile/16C101+Webkit+based+browser"
23.249.222.170 - - [27/Dec/2022:22:20:49 +0000] "GET faq.aspx?locale=english HTTP/1.1" 200 273 "https://pwnedcrowdsecbank.net/index.aspx" "Mozilla/5.0+(iPhone;+CPU+iPhone+OS+12_1_2+like+Mac+OS+X)+AppleWebKit/605.1.15+(KHTML,+like+Gecko)+Mobile/16C101+Webkit+based+browser"
23.249.222.170 - - [27/Dec/2022:22:20:53 +0000] "GET jfuqolgn.css HTTP/1.1" 200 150 "https://pwnedcrowdsecbank.net/faq.aspx" "Mozilla/5.0+(iPhone;+CPU+iPhone+OS+12_1_2+like+Mac+OS+X)+AppleWebKit/605.1.15+(KHTML,+like+Gecko)+Mobile/16C101+Webkit+based+browser"
23.249.222.170 - - [27/Dec/2022:22:20:53 +0000] "GET index.aspx HTTP/1.1" 301 285 "https://pwnedcrowdsecbank.net/faq.aspx" "Mozilla/5.0+(iPhone;+CPU+iPhone+OS+12_1_2+like+Mac+OS+X)+AppleWebKit/605.1.15+(KHTML,+like+Gecko)+Mobile/16C101+Webkit+based+browser"
23.249.222.170 - - [27/Dec/2022:22:20:59 +0000] "GET wlybzjbb.css HTTP/1.1" 404 354 "https://pwnedcrowdsecbank.net/index.aspx" "Mozilla/5.0+(iPhone;+CPU+iPhone+OS+12_1_2+like+Mac+OS+X)+AppleWebKit/605.1.15+(KHTML,+like+Gecko)+Mobile/16C101+Webkit+based+browser"
23.249.222.170 - - [27/Dec/2022:22:20:59 +0000] "GET template.css?v=vuqnvwtv HTTP/1.1" 200 254 "https://pwnedcrowdsecbank.net/index.aspx" "Mozilla/5.0+(iPhone;+CPU+iPhone+OS+12_1_2+like+Mac+OS+X)+AppleWebKit/605.1.15+(KHTML,+like+Gecko)+Mobile/16C101+Webkit+based+browser"
23.249.222.170 - - [27/Dec/2022:22:20:59 +0000] "GET occdtkeu.js?v=153476 HTTP/1.1" 200 265 "https://pwnedcrowdsecbank.net/index.aspx" "Mozilla/5.0+(iPhone;+CPU+iPhone+OS+12_1_2+like+Mac+OS+X)+AppleWebKit/605.1.15+(KHTML,+like+Gecko)+Mobile/16C101+Webkit+based+browser"
23.249.222.170 - - [27/Dec/2022:22:20:59 +0000] "GET login.aspx HTTP/1.1" 200 354 "https://pwnedcrowdsecbank.net/index.aspx" "Mozilla/5.0+(iPhone;+CPU+iPhone+OS+12_1_2+like+Mac+OS+X)+AppleWebKit/605.1.15+(KHTML,+like+Gecko)+Mobile/16C101+Webkit+based+browser"
23.249.222.170 - vj259489 [27/Dec/2022:22:21:20 +0000] "GET tqfkvpnj.css HTTP/1.1" 200 309 "https://pwnedcrowdsecbank.net/login.aspx" "Mozilla/5.0+(iPhone;+CPU+iPhone+OS+12_1_2+like+Mac+OS+X)+AppleWebKit/605.1.15+(KHTML,+like+Gecko)+Mobile/16C101+Webkit+based+browser"
23.249.222.170 - vj259489 [27/Dec/2022:22:21:20 +0000] "POST login.aspx HTTP/1.1" 301 351 "https://pwnedcrowdsecbank.net/login.aspx" "Mozilla/5.0+(iPhone;+CPU+iPhone+OS+12_1_2+like+Mac+OS+X)+AppleWebKit/605.1.15+(KHTML,+like+Gecko)+Mobile/16C101+Webkit+based+browser"
23.249.222.170 - vj259489 [27/Dec/2022:22:21:28 +0000] "GET qbsyrfzo.css HTTP/1.1" 200 195 "https://pwnedcrowdsecbank.net/login.aspx" "Mozilla/5.0+(iPhone;+CPU+iPhone+OS+12_1_2+like+Mac+OS+X)+AppleWebKit/605.1.15+(KHTML,+like+Gecko)+Mobile/16C101+Webkit+based+browser"
23.249.222.170 - vj259489 [27/Dec/2022:22:21:28 +0000] "GET main.css HTTP/1.1" 200 325 "https://pwnedcrowdsecbank.net/login.aspx" "Mozilla/5.0+(iPhone;+CPU+iPhone+OS+12_1_2+like+Mac+OS+X)+AppleWebKit/605.1.15+(KHTML,+like+Gecko)+Mobile/16C101+Webkit+based+browser"
23.249.222.170 - vj259489 [27/Dec/2022:22:21:28 +0000] "GET account_status.aspx HTTP/1.1" 200 167 "https://pwnedcrowdsecbank.net/login.aspx" "Mozilla/5.0+(iPhone;+CPU+iPhone+OS+12_1_2+like+Mac+OS+X)+AppleWebKit/605.1.15+(KHTML,+like+Gecko)+Mobile/16C101+Webkit+based+browser"
23.249.222.170 - vj259489 [27/Dec/2022:22:21:35 +0000] "GET main.css HTTP/1.1" 200 139 "https://pwnedcrowdsecbank.net/account_status.aspx" "Mozilla/5.0+(iPhone;+CPU+iPhone+OS+12_1_2+like+Mac+OS+X)+AppleWebKit/605.1.15+(KHTML,+like+Gecko)+Mobile/16C101+Webkit+based+browser"
23.249.222.170 - vj259489 [27/Dec/2022:22:21:35 +0000] "GET favico.ico HTTP/1.1" 200 214 "https://pwnedcrowdsecbank.net/account_status.aspx" "Mozilla/5.0+(iPhone;+CPU+iPhone+OS+12_1_2+like+Mac+OS+X)+AppleWebKit/605.1.15+(KHTML,+like+Gecko)+Mobile/16C101+Webkit+based+browser"
23.249.222.170 - vj259489 [27/Dec/2022:22:21:35 +0000] "GET transactions.aspx?page=2 HTTP/1.1" 200 307 "https://pwnedcrowdsecbank.net/account_status.aspx" "Mozilla/5.0+(iPhone;+CPU+iPhone+OS+12_1_2+like+Mac+OS+X)+AppleWebKit/605.1.15+(KHTML,+like+Gecko)+Mobile/16C101+Webkit+based+browser"
23.249.222.170 - vj259489 [27/Dec/2022:22:21:43 +0000] "GET joxjhzeg.css HTTP/1.1" 200 358 "https://pwnedcrowdsecbank.net/transactions.aspx" "Mozilla/5.0+(iPhone;+CPU+iPhone+OS+12_1_2+like+Mac+OS+X)+AppleWebKit/605.1.15+(KHTML,+like+Gecko)+Mobile/16C101+Webkit+based+browser"
23.249.222.170 - vj259489 [27/Dec/2022:22:21:43 +0000] "GET transactions.aspx?page=1 HTTP/1.1" 200 200 "https://pwnedcrowdsecbank.net/transactions.aspx" "Mozilla/5.0+(iPhone;+CPU+iPhone+OS+12_1_2+like+Mac+OS+X)+AppleWebKit/605.1.15+(KHTML,+like+Gecko)+Mobile/16C101+Webkit+based+browser"
23.249.222.170 - vj259489 [27/Dec/2022:22:21:49 +0000] "GET yrjndpvt.css HTTP/1.1" 200 368 "https://pwnedcrowdsecbank.net/transactions.aspx" "Mozilla/5.0+(iPhone;+CPU+iPhone+OS+12_1_2+like+Mac+OS+X)+AppleWebKit/605.1.15+(KHTML,+like+Gecko)+Mobile/16C101+Webkit+based+browser"
23.249.222.170 - vj259489 [27/Dec/2022:22:21:49 +0000] "GET transactions.aspx?page=2 HTTP/1.1" 200 328 "https://pwnedcrowdsecbank.net/transactions.aspx" "Mozilla/5.0+(iPhone;+CPU+iPhone+OS+12_1_2+like+Mac+OS+X)+AppleWebKit/605.1.15+(KHTML,+like+Gecko)+Mobile/16C101+Webkit+based+browser"
23.249.222.170 - vj259489 [27/Dec/2022:22:22:15 +0000] "GET favico.ico HTTP/1.1" 200 157 "https://pwnedcrowdsecbank.net/transactions.aspx" "Mozilla/5.0+(iPhone;+CPU+iPhone+OS+12_1_2+like+Mac+OS+X)+AppleWebKit/605.1.15+(KHTML,+like+Gecko)+Mobile/16C101+Webkit+based+browser"
23.249.222.170 - vj259489 [27/Dec/2022:22:22:15 +0000] "GET transactions.aspx?page=3 HTTP/1.1" 200 178 "https://pwnedcrowdsecbank.net/transactions.aspx" "Mozilla/5.0+(iPhone;+CPU+iPhone+OS+12_1_2+like+Mac+OS+X)+AppleWebKit/605.1.15+(KHTML,+like+Gecko)+Mobile/16C101+Webkit+based+browser"
23.249.222.170 - vj259489 [27/Dec/2022:22:22:44 +0000] "GET vtqzjgfp.css HTTP/1.1" 404 183 "https://pwnedcrowdsecbank.net/transactions.aspx" "Mozilla/5.0+(iPhone;+CPU+iPhone+OS+12_1_2+like+Mac+OS+X)+AppleWebKit/605.1.15+(KHTML,+like+Gecko)+Mobile/16C101+Webkit+based+browser"
23.249.222.170 - vj259489 [27/Dec/2022:22:22:44 +0000] "GET nhvwjxbr.js?v=685050 HTTP/1.1" 200 350 "https://pwnedcrowdsecbank.net/transactions.aspx" "Mozilla/5.0+(iPhone;+CPU+iPhone+OS+12_1_2+like+Mac+OS+X)+AppleWebKit/605.1.15+(KHTML,+like+Gecko)+Mobile/16C101+Webkit+based+browser"
23.249.222.170 - vj259489 [27/Dec/2022:22:22:44 +0000] "GET knkhollu.js?v=487536 HTTP/1.1" 200 341 "https://pwnedcrowdsecbank.net/transactions.aspx" "Mozilla/5.0+(iPhone;+CPU+iPhone+OS+12_1_2+like+Mac+OS+X)+AppleWebKit/605.1.15+(KHTML,+like+Gecko)+Mobile/16C101+Webkit+based+browser"
23.249.222.170 - vj259489 [27/Dec/2022:22:22:44 +0000] "GET transactions.aspx?page=4 HTTP/1.1" 200 145 "https://pwnedcrowdsecbank.net/transactions.aspx" "Mozilla/5.0+(iPhone;+CPU+iPhone+OS+12_1_2+like+Mac+OS+X)+AppleWebKit/605.1.15+(KHTML,+like+Gecko)+Mobile/16C101+Webkit+based+browser"
23.249.222.170 - vj259489 [27/Dec/2022:22:23:10 +0000] "GET footer.css HTTP/1.1" 200 298 "https://pwnedcrowdsecbank.net/transactions.aspx" "Mozilla/5.0+(iPhone;+CPU+iPhone+OS+12_1_2+like+Mac+OS+X)+AppleWebKit/605.1.15+(KHTML,+like+Gecko)+Mobile/16C101+Webkit+based+browser"
23.249.222.170 - vj259489 [27/Dec/2022:22:23:10 +0000] "GET qquxmxjn.css HTTP/1.1" 200 309 "https://pwnedcrowdsecbank.net/transactions.aspx" "Mozilla/5.0+(iPhone;+CPU+iPhone+OS+12_1_2+like+Mac+OS+X)+AppleWebKit/605.1.15+(KHTML,+like+Gecko)+Mobile/16C101+Webkit+based+browser"
23.249.222.170 - vj259489 [27/Dec/2022:22:23:10 +0000] "GET transactions.aspx?page=5 HTTP/1.1" 200 366 "https://pwnedcrowdsecbank.net/transactions.aspx" "Mozilla/5.0+(iPhone;+CPU+iPhone+OS+12_1_2+like+Mac+OS+X)+AppleWebKit/605.1.15+(KHTML,+like+Gecko)+Mobile/16C101+Webkit+based+browser"
23.249.222.170 - vj259489 [27/Dec/2022:22:23:40 +0000] "GET template.css?v=mriyrhfh HTTP/1.1" 200 252 "https://pwnedcrowdsecbank.net/transactions.aspx" "Mozilla/5.0+(iPhone;+CPU+iPhone+OS+12_1_2+like+Mac+OS+X)+AppleWebKit/605.1.15+(KHTML,+like+Gecko)+Mobile/16C101+Webkit+based+browser"
23.249.222.170 - vj259489 [27/Dec/2022:22:23:40 +0000] "GET transfer.aspx HTTP/1.1" 200 225 "https://pwnedcrowdsecbank.net/transactions.aspx" "Mozilla/5.0+(iPhone;+CPU+iPhone+OS+12_1_2+like+Mac+OS+X)+AppleWebKit/605.1.15+(KHTML,+like+Gecko)+Mobile/16C101+Webkit+based+browser"
23.249.222.170 - vj259489 [27/Dec/2022:22:24:03 +0000] "GET onfhblbj.js?v=713180 HTTP/1.1" 200 182 "https://pwnedcrowdsecbank.net/transfer.aspx" "Mozilla/5.0+(iPhone;+CPU+iPhone+OS+12_1_2+like+Mac+OS+X)+AppleWebKit/605.1.15+(KHTML,+like+Gecko)+Mobile/16C101+Webkit+based+browser"
23.249.222.170 - vj259489 [27/Dec/2022:22:24:03 +0000] "GET main.css HTTP/1.1" 200 274 "https://pwnedcrowdsecbank.net/transfer.aspx" "Mozilla/5.0+(iPhone;+CPU+iPhone+OS+12_1_2+like+Mac+OS+X)+AppleWebKit/605.1.15+(KHTML,+like+Gecko)+Mobile/16C101+Webkit+based+browser"
23.249.222.170 - vj259489 [27/Dec/2022:22:24:03 +0000] "GET template.css?v=gzyisgah HTTP/1.1" 200 288 "https://pwnedcrowdsecbank.net/transfer.aspx" "Mozilla/5.0+(iPhone;+CPU+iPhone+OS+12_1_2+like+Mac+OS+X)+AppleWebKit/605.1.15+(KHTML,+like+Gecko)+Mobile/16C101+Webkit+based+browser"
23.249.222.170 - vj259489 [27/Dec/2022:22:24:03 +0000] "POST transfer.aspx?accountid=321961 HTTP/1.1" 200 369 "https://pwnedcrowdsecbank.net/transfer.aspx" "Mozilla/5.0+(iPhone;+CPU+iPhone+OS+12_1_2+like+Mac+OS+X)+AppleWebKit/605.1.15+(KHTML,+like+Gecko)+Mobile/16C101+Webkit+based+browser"
23.249.222.170 - vj259489 [27/Dec/2022:22:24:23 +0000] "GET qtmxtabd.css HTTP/1.1" 200 239 "https://pwnedcrowdsecbank.net/transfer.aspx" "Mozilla/5.0+(iPhone;+CPU+iPhone+OS+12_1_2+like+Mac+OS+X)+AppleWebKit/605.1.15+(KHTML,+like+Gecko)+Mobile/16C101+Webkit+based+browser"
23.249.222.170 - vj259489 [27/Dec/2022:22:24:23 +0000] "GET main.css HTTP/1.1" 200 218 "https://pwnedcrowdsecbank.net/transfer.aspx" "Mozilla/5.0+(iPhone;+CPU+iPhone+OS+12_1_2+like+Mac+OS+X)+AppleWebKit/605.1.15+(KHTML,+like+Gecko)+Mobile/16C101+Webkit+based+browser"
23.249.222.170 - vj259489 [27/Dec/2022:22:24:23 +0000] "GET fuhewmws.css HTTP/1.1" 404 187 "https://pwnedcrowdsecbank.net/transfer.aspx" "Mozilla/5.0+(iPhone;+CPU+iPhone+OS+12_1_2+like+Mac+OS+X)+AppleWebKit/605.1.15+(KHTML,+like+Gecko)+Mobile/16C101+Webkit+based+browser"
23.249.222.170 - vj259489 [27/Dec/2022:22:24:23 +0000] "GET transfer_complete.aspx HTTP/1.1" 200 270 "https://pwnedcrowdsecbank.net/transfer.aspx" "Mozilla/5.0+(iPhone;+CPU+iPhone+OS+12_1_2+like+Mac+OS+X)+AppleWebKit/605.1.15+(KHTML,+like+Gecko)+Mobile/16C101+Webkit+based+browser"
23.249.222.170 - - [27/Dec/2022:22:24:31 +0000] "GET idhtqwmk.css HTTP/1.1" 200 330 "https://pwnedcrowdsecbank.net/transfer_complete.aspx" "Mozilla/5.0+(iPhone;+CPU+iPhone+OS+12_1_2+like+Mac+OS+X)+AppleWebKit/605.1.15+(KHTML,+like+Gecko)+Mobile/16C101+Webkit+based+browser"
23.249.222.170 - - [27/Dec/2022:22:24:31 +0000] "GET zsescjgh.js?v=320854 HTTP/1.1" 200 351 "https://pwnedcrowdsecbank.net/transfer_complete.aspx" "Mozilla/5.0+(iPhone;+CPU+iPhone+OS+12_1_2+like+Mac+OS+X)+AppleWebKit/605.1.15+(KHTML,+like+Gecko)+Mobile/16C101+Webkit+based+browser"
23.249.222.170 - - [27/Dec/2022:22:24:31 +0000] "GET xjsvewzu.css HTTP/1.1" 404 310 "https://pwnedcrowdsecbank.net/transfer_complete.aspx" "Mozilla/5.0+(iPhone;+CPU+iPhone+OS+12_1_2+like+Mac+OS+X)+AppleWebKit/605.1.15+(KHTML,+like+Gecko)+Mobile/16C101+Webkit+based+browser"
23.249.222.170 - - [27/Dec/2022:22:24:31 +0000] "GET logout.aspx HTTP/1.1" 301 338 "https://pwnedcrowdsecbank.net/transfer_complete.aspx" "Mozilla/5.0+(iPhone;+CPU+iPhone+OS+12_1_2+like+Mac+OS+X)+AppleWebKit/605.1.15+(KHTML,+like+Gecko)+Mobile/16C101+Webkit+based+browser"
163.156.69.219 - - [28/Dec/2022:12:48:59 +0000] "GET wwhejtag.js?v=155550 HTTP/1.1" 200 211 "-" "Mozilla/5.0+(iPhone;+CPU+iPhone+OS+10_3_3+like+Mac+OS+X)+AppleWebKit/603.3.8+(KHTML,+like+Gecko)+Version/10.0+Mobile/14G60+Safari/602+1+Safari+10"
163.156.69.219 - - [28/Dec/2022:12:48:59 +0000] "GET onuuprjb.css HTTP/1.1" 404 365 "-" "Mozilla/5.0+(iPhone;+CPU+iPhone+OS+10_3_3+like+Mac+OS+X)+AppleWebKit/603.3.8+(KHTML,+like+Gecko)+Version/10.0+Mobile/14G60+Safari/602+1+Safari+10"
163.156.69.219 - - [28/Dec/2022:12:48:59 +0000] "GET qymwxtiy.css HTTP/1.1" 200 351 "-" "Mozilla/5.0+(iPhone;+CPU+iPhone+OS+10_3_3+like+Mac+OS+X)+AppleWebKit/603.3.8+(KHTML,+like+Gecko)+Version/10.0+Mobile/14G60+Safari/602+1+Safari+10"
163.156.69.219 - - [28/Dec/2022:12:48:59 +0000] "GET index.aspx HTTP/1.1" 200 312 "-" "Mozilla/5.0+(iPhone;+CPU+iPhone+OS+10_3_3+like+Mac+OS+X)+AppleWebKit/603.3.8+(KHTML,+like+Gecko)+Version/10.0+Mobile/14G60+Safari/602+1+Safari+10"
163.156.69.219 - - [28/Dec/2022:12:49:23 +0000] "GET oeujwjqk.js?v=810345 HTTP/1.1" 200 295 "https://pwnedcrowdsecbank.net/index.aspx" "Mozilla/5.0+(iPhone;+CPU+iPhone+OS+10_3_3+like+Mac+OS+X)+AppleWebKit/603.3.8+(KHTML,+like+Gecko)+Version/10.0+Mobile/14G60+Safari/602+1+Safari+10"
163.156.69.219 - - [28/Dec/2022:12:49:23 +0000] "GET index.aspx HTTP/1.1" 200 323 "https://pwnedcrowdsecbank.net/index.aspx" "Mozilla/5.0+(iPhone;+CPU+iPhone+OS+10_3_3+like+Mac+OS+X)+AppleWebKit/603.3.8+(KHTML,+like+Gecko)+Version/10.0+Mobile/14G60+Safari/602+1+Safari+10"
163.156.69.219 - - [28/Dec/2022:12:49:51 +0000] "GET template.css?v=xxjejnsy HTTP/1.1" 200 225 "https://pwnedcrowdsecbank.net/index.aspx" "Mozilla/5.0+(iPhone;+CPU+iPhone+OS+10_3_3+like+Mac+OS+X)+AppleWebKit/603.3.8+(KHTML,+like+Gecko)+Version/10.0+Mobile/14G60+Safari/602+1+Safari+10"
163.156.69.219 - - [28/Dec/2022:12:49:51 +0000] "GET index.aspx HTTP/1.1" 301 200 "https://pwnedcrowdsecbank.net/index.aspx" "Mozilla/5.0+(iPhone;+CPU+iPhone+OS+10_3_3+like+Mac+OS+X)+AppleWebKit/603.3.8+(KHTML,+like+Gecko)+Version/10.0+Mobile/14G60+Safari/602+1+Safari+10"
163.156.69.219 - - [28/Dec/2022:12:50:09 +0000] "GET template.css?v=rwnjcuti HTTP/1.1" 200 187 "https://pwnedcrowdsecbank.net/index.aspx" "Mozilla/5.0+(iPhone;+CPU+iPhone+OS+10_3_3+like+Mac+OS+X)+AppleWebKit/603.3.8+(KHTML,+like+Gecko)+Version/10.0+Mobile/14G60+Safari/602+1+Safari+10"
163.156.69.219 - - [28/Dec/2022:12:50:09 +0000] "GET main.css HTTP/1.1" 200 344 "https://pwnedcrowdsecbank.net/index.aspx" "Mozilla/5.0+(iPhone;+CPU+iPhone+OS+10_3_3+like+Mac+OS+X)+AppleWebKit/603.3.8+(KHTML,+like+Gecko)+Version/10.0+Mobile/14G60+Safari/602+1+Safari+10"
163.156.69.219 - - [28/Dec/2022:12:50:09 +0000] "GET login.aspx HTTP/1.1" 200 263 "https://pwnedcrowdsecbank.net/index.aspx" "Mozilla/5.0+(iPhone;+CPU+iPhone+OS+10_3_3+like+Mac+OS+X)+AppleWebKit/603.3.8+(KHTML,+like+Gecko)+Version/10.0+Mobile/14G60+Safari/602+1+Safari+10"
163.156.69.219 - xl643475 [28/Dec/2022:12:50:30 +0000] "GET footer.css HTTP/1.1" 200 205 "https://pwnedcrowdsecbank.net/login.aspx" "Mozilla/5.0+(iPhone;+CPU+iPhone+OS+10_3_3+like+Mac+OS+X)+AppleWebKit/603.3.8+(KHTML,+like+Gecko)+Version/10.0+Mobile/14G60+Safari/602+1+Safari+10"
163.156.69.219 - xl643475 [28/Dec/2022:12:50:30 +0000] "GET ajqnxngx.css HTTP/1.1" 200 296 "https://pwnedcrowdsecbank.net/login.aspx" "Mozilla/5.0+(iPhone;+CPU+iPhone+OS+10_3_3+like+Mac+OS+X)+AppleWebKit/603.3.8+(KHTML,+like+Gecko)+Version/10.0+Mobile/14G60+Safari/602+1+Safari+10"
163.156.69.219 - xl643475 [28/Dec/2022:12:50:30 +0000] "GET favico.ico HTTP/1.1" 200 273 "https://pwnedcrowdsecbank.net/login.aspx" "Mozilla/5.0+(iPhone;+CPU+iPhone+OS+10_3_3+like+Mac+OS+X)+AppleWebKit/603.3.8+(KHTML,+like+Gecko)+Version/10.0+Mobile/14G60+Safari/602+1+Safari+10"
163.156.69.219 - xl643475 [28/Dec/2022:12:50:30 +0000] "POST login.aspx HTTP/1.1" 301 200 "https://pwnedcrowdsecbank.net/login.aspx" "Mozilla/5.0+(iPhone;+CPU+iPhone+OS+10_3_3+like+Mac+OS+X)+AppleWebKit/603.3.8+(KHTML,+like+Gecko)+Version/10.0+Mobile/14G60+Safari/602+1+Safari+10"
163.156.69.219 - xl643475 [28/Dec/2022:12:50:51 +0000] "GET uvqfaobv.css HTTP/1.1" 200 192 "https://pwnedcrowdsecbank.net/login.aspx" "Mozilla/5.0+(iPhone;+CPU+iPhone+OS+10_3_3+like+Mac+OS+X)+AppleWebKit/603.3.8+(KHTML,+like+Gecko)+Version/10.0+Mobile/14G60+Safari/602+1+Safari+10"
163.156.69.219 - xl643475 [28/Dec/2022:12:50:51 +0000] "GET template.css?v=pigpivbf HTTP/1.1" 200 133 "https://pwnedcrowdsecbank.net/login.aspx" "Mozilla/5.0+(iPhone;+CPU+iPhone+OS+10_3_3+like+Mac+OS+X)+AppleWebKit/603.3.8+(KHTML,+like+Gecko)+Version/10.0+Mobile/14G60+Safari/602+1+Safari+10"
163.156.69.219 - xl643475 [28/Dec/2022:12:50:51 +0000] "GET account_status.aspx HTTP/1.1" 200 188 "https://pwnedcrowdsecbank.net/login.aspx" "Mozilla/5.0+(iPhone;+CPU+iPhone+OS+10_3_3+like+Mac+OS+X)+AppleWebKit/603.3.8+(KHTML,+like+Gecko)+Version/10.0+Mobile/14G60+Safari/602+1+Safari+10"
163.156.69.219 - xl643475 [28/Dec/2022:12:51:13 +0000] "GET favico.ico HTTP/1.1" 200 152 "https://pwnedcrowdsecbank.net/account_status.aspx" "Mozilla/5.0+(iPhone;+CPU+iPhone+OS+10_3_3+like+Mac+OS+X)+AppleWebKit/603.3.8+(KHTML,+like+Gecko)+Version/10.0+Mobile/14G60+Safari/602+1+Safari+10"
163.156.69.219 - xl643475 [28/Dec/2022:12:51:13 +0000] "GET favico.ico HTTP/1.1" 200 323 "https://pwnedcrowdsecbank.net/account_status.aspx" "Mozilla/5.0+(iPhone;+CPU+iPhone+OS+10_3_3+like+Mac+OS+X)+AppleWebKit/603.3.8+(KHTML,+like+Gecko)+Version/10.0+Mobile/14G60+Safari/602+1+Safari+10"
163.156.69.219 - xl643475 [28/Dec/2022:12:51:13 +0000] "GET transactions.aspx?page=2 HTTP/1.1" 200 188 "https://pwnedcrowdsecbank.net/account_status.aspx" "Mozilla/5.0+(iPhone;+CPU+iPhone+OS+10_3_3+like+Mac+OS+X)+AppleWebKit/603.3.8+(KHTML,+like+Gecko)+Version/10.0+Mobile/14G60+Safari/602+1+Safari+10"
163.156.69.219 - xl643475 [28/Dec/2022:12:51:21 +0000] "GET main.css HTTP/1.1" 200 131 "https://pwnedcrowdsecbank.net/transactions.aspx" "Mozilla/5.0+(iPhone;+CPU+iPhone+OS+10_3_3+like+Mac+OS+X)+AppleWebKit/603.3.8+(KHTML,+like+Gecko)+Version/10.0+Mobile/14G60+Safari/602+1+Safari+10"
163.156.69.219 - xl643475 [28/Dec/2022:12:51:21 +0000] "GET transactions.aspx?page=1 HTTP/1.1" 200 289 "https://pwnedcrowdsecbank.net/transactions.aspx" "Mozilla/5.0+(iPhone;+CPU+iPhone+OS+10_3_3+like+Mac+OS+X)+AppleWebKit/603.3.8+(KHTML,+like+Gecko)+Version/10.0+Mobile/14G60+Safari/602+1+Safari+10"
163.156.69.219 - xl643475 [28/Dec/2022:12:51:49 +0000] "GET lbsinxey.js?v=539210 HTTP/1.1" 200 241 "https://pwnedcrowdsecbank.net/transactions.aspx" "Mozilla/5.0+(iPhone;+CPU+iPhone+OS+10_3_3+like+Mac+OS+X)+AppleWebKit/603.3.8+(KHTML,+like+Gecko)+Version/10.0+Mobile/14G60+Safari/602+1+Safari+10"
163.156.69.219 - xl643475 [28/Dec/2022:12:51:49 +0000] "GET yrwrweqy.css HTTP/1.1" 200 329 "https://pwnedcrowdsecbank.net/transactions.aspx" "Mozilla/5.0+(iPhone;+CPU+iPhone+OS+10_3_3+like+Mac+OS+X)+AppleWebKit/603.3.8+(KHTML,+like+Gecko)+Version/10.0+Mobile/14G60+Safari/602+1+Safari+10"
163.156.69.219 - xl643475 [28/Dec/2022:12:51:49 +0000] "GET transactions.aspx?page=2 HTTP/1.1" 200 206 "https://pwnedcrowdsecbank.net/transactions.aspx" "Mozilla/5.0+(iPhone;+CPU+iPhone+OS+10_3_3+like+Mac+OS+X)+AppleWebKit/603.3.8+(KHTML,+like+Gecko)+Version/10.0+Mobile/14G60+Safari/602+1+Safari+10"
163.156.69.219 - xl643475 [28/Dec/2022:12:52:05 +0000] "GET xepzqmod.css HTTP/1.1" 200 205 "https://pwnedcrowdsecbank.net/transactions.aspx" "Mozilla/5.0+(iPhone;+CPU+iPhone+OS+10_3_3+like+Mac+OS+X)+AppleWebKit/603.3.8+(KHTML,+like+Gecko)+Version/10.0+Mobile/14G60+Safari/602+1+Safari+10"
163.156.69.219 - xl643475 [28/Dec/2022:12:52:05 +0000] "GET transfer.aspx HTTP/1.1" 200 239 "https://pwnedcrowdsecbank.net/transactions.aspx" "Mozilla/5.0+(iPhone;+CPU+iPhone+OS+10_3_3+like+Mac+OS+X)+AppleWebKit/603.3.8+(KHTML,+like+Gecko)+Version/10.0+Mobile/14G60+Safari/602+1+Safari+10"
163.156.69.219 - xl643475 [28/Dec/2022:12:52:23 +0000] "GET template.css?v=velvseih HTTP/1.1" 200 253 "https://pwnedcrowdsecbank.net/transfer.aspx" "Mozilla/5.0+(iPhone;+CPU+iPhone+OS+10_3_3+like+Mac+OS+X)+AppleWebKit/603.3.8+(KHTML,+like+Gecko)+Version/10.0+Mobile/14G60+Safari/602+1+Safari+10"
163.156.69.219 - xl643475 [28/Dec/2022:12:52:23 +0000] "GET lwhigczh.css HTTP/1.1" 404 194 "https://pwnedcrowdsecbank.net/transfer.aspx" "Mozilla/5.0+(iPhone;+CPU+iPhone+OS+10_3_3+like+Mac+OS+X)+AppleWebKit/603.3.8+(KHTML,+like+Gecko)+Version/10.0+Mobile/14G60+Safari/602+1+Safari+10"
163.156.69.219 - xl643475 [28/Dec/2022:12:52:23 +0000] "POST transfer.aspx?accountid=503122 HTTP/1.1" 200 293 "https://pwnedcrowdsecbank.net/transfer.aspx" "Mozilla/5.0+(iPhone;+CPU+iPhone+OS+10_3_3+like+Mac+OS+X)+AppleWebKit/603.3.8+(KHTML,+like+Gecko)+Version/10.0+Mobile/14G60+Safari/602+1+Safari+10"
163.156.69.219 - xl643475 [28/Dec/2022:12:52:46 +0000] "GET footer.css HTTP/1.1" 200 197 "https://pwnedcrowdsecbank.net/transfer.aspx" "Mozilla/5.0+(iPhone;+CPU+iPhone+OS+10_3_3+like+Mac+OS+X)+AppleWebKit/603.3.8+(KHTML,+like+Gecko)+Version/10.0+Mobile/14G60+Safari/602+1+Safari+10"
163.156.69.219 - xl643475 [28/Dec/2022:12:52:46 +0000] "GET transfer_complete.aspx HTTP/1.1" 200 194 "https://pwnedcrowdsecbank.net/transfer.aspx" "Mozilla/5.0+(iPhone;+CPU+iPhone+OS+10_3_3+like+Mac+OS+X)+AppleWebKit/603.3.8+(KHTML,+like+Gecko)+Version/10.0+Mobile/14G60+Safari/602+1+Safari+10"
165.193.175.206 - - [28/Dec/2022:18:48:59 +0000] "GET ohtumzob.css HTTP/1.1" 200 319 "-" "Mozilla/5.0+(iPhone;+CPU+iPhone+OS+13_1_3+like+Mac+OS+X)+AppleWebKit/605.1.15+(KHTML,+like+Gecko)+Version/13.0.1+Mobile/15E148+Safari/604.1+Safari+13"
165.193.175.206 - - [28/Dec/2022:18:48:59 +0000] "GET index.aspx HTTP/1.1" 200 227 "-" "Mozilla/5.0+(iPhone;+CPU+iPhone+OS+13_1_3+like+Mac+OS+X)+AppleWebKit/605.1.15+(KHTML,+like+Gecko)+Version/13.0.1+Mobile/15E148+Safari/604.1+Safari+13"
89.202.233.58 - - [28/Dec/2022:18:48:59 +0000] "GET qszcdnln.css HTTP/1.1" 200 291 "-" "Mozilla/5.0+(Windows+NT+10.0;+WOW64;+Trident/7.0;+Touch;+rv:11.0)+like+Gecko"
89.202.233.58 - - [28/Dec/2022:18:48:59 +0000] "GET myjdmhvb.css HTTP/1.1" 404 142 "-" "Mozilla/5.0+(Windows+NT+10.0;+WOW64;+Trident/7.0;+Touch;+rv:11.0)+like+Gecko"
89.202.233.58 - - [28/Dec/2022:18:48:59 +0000] "GET template.css?v=bkdmvprz HTTP/1.1" 200 277 "-" "Mozilla/5.0+(Windows+NT+10.0;+WOW64;+Trident/7.0;+Touch;+rv:11.0)+like+Gecko"
89.202.233.58 - - [28/Dec/2022:18:48:59 +0000] "GET index.aspx HTTP/1.1" 200 285 "-" "Mozilla/5.0+(Windows+NT+10.0;+WOW64;+Trident/7.0;+Touch;+rv:11.0)+like+Gecko"
52.84.168.242 - - [28/Dec/2022:18:48:59 +0000] "GET smemxbnc.css HTTP/1.1" 404 252 "-" "Mozilla/5.0+(compatible;+MSIE+9.0;+Windows+NT+6.1;+Win64;+x64;+Trident/5.0)"
52.84.168.242 - - [28/Dec/2022:18:48:59 +0000] "GET nzpceces.css HTTP/1.1" 404 249 "-" "Mozilla/5.0+(compatible;+MSIE+9.0;+Windows+NT+6.1;+Win64;+x64;+Trident/5.0)"
52.84.168.242 - - [28/Dec/2022:18:48:59 +0000] "GET index.aspx HTTP/1.1" 301 138 "-" "Mozilla/5.0+(compatible;+MSIE+9.0;+Windows+NT+6.1;+Win64;+x64;+Trident/5.0)"
165.193.175.206 - - [28/Dec/2022:18:49:04 +0000] "GET wcnhwsxr.css HTTP/1.1" 404 333 "https://pwnedcrowdsecbank.net/index.aspx" "Mozilla/5.0+(iPhone;+CPU+iPhone+OS+13_1_3+like+Mac+OS+X)+AppleWebKit/605.1.15+(KHTML,+like+Gecko)+Version/13.0.1+Mobile/15E148+Safari/604.1+Safari+13"
165.193.175.206 - - [28/Dec/2022:18:49:04 +0000] "GET bbiqlnvb.css HTTP/1.1" 404 199 "https://pwnedcrowdsecbank.net/index.aspx" "Mozilla/5.0+(iPhone;+CPU+iPhone+OS+13_1_3+like+Mac+OS+X)+AppleWebKit/605.1.15+(KHTML,+like+Gecko)+Version/13.0.1+Mobile/15E148+Safari/604.1+Safari+13"
165.193.175.206 - - [28/Dec/2022:18:49:04 +0000] "GET index.aspx HTTP/1.1" 200 254 "https://pwnedcrowdsecbank.net/index.aspx" "Mozilla/5.0+(iPhone;+CPU+iPhone+OS+13_1_3+like+Mac+OS+X)+AppleWebKit/605.1.15+(KHTML,+like+Gecko)+Version/13.0.1+Mobile/15E148+Safari/604.1+Safari+13"
89.202.233.58 - - [28/Dec/2022:18:49:09 +0000] "GET main.css HTTP/1.1" 200 191 "https://pwnedcrowdsecbank.net/index.aspx" "Mozilla/5.0+(Windows+NT+10.0;+WOW64;+Trident/7.0;+Touch;+rv:11.0)+like+Gecko"
89.202.233.58 - - [28/Dec/2022:18:49:09 +0000] "GET main.css HTTP/1.1" 200 276 "https://pwnedcrowdsecbank.net/index.aspx" "Mozilla/5.0+(Windows+NT+10.0;+WOW64;+Trident/7.0;+Touch;+rv:11.0)+like+Gecko"
89.202.233.58 - - [28/Dec/2022:18:49:09 +0000] "GET index.aspx HTTP/1.1" 200 177 "https://pwnedcrowdsecbank.net/index.aspx" "Mozilla/5.0+(Windows+NT+10.0;+WOW64;+Trident/7.0;+Touch;+rv:11.0)+like+Gecko"
52.84.168.242 - - [28/Dec/2022:18:49:11 +0000] "POST login.aspx HTTP/1.1" 401 190 "https://pwnedcrowdsecbank.net/index.aspx" "Mozilla/5.0+(compatible;+MSIE+9.0;+Windows+NT+6.1;+Win64;+x64;+Trident/5.0)"
52.84.168.242 - - [28/Dec/2022:18:49:13 +0000] "POST login.aspx HTTP/1.1" 401 273 "https://pwnedcrowdsecbank.net/login.aspx" "Mozilla/5.0+(compatible;+MSIE+9.0;+Windows+NT+6.1;+Win64;+x64;+Trident/5.0)"
52.84.168.242 - - [28/Dec/2022:18:49:14 +0000] "POST login.aspx HTTP/1.1" 401 325 "https://pwnedcrowdsecbank.net/login.aspx" "Mozilla/5.0+(compatible;+MSIE+9.0;+Windows+NT+6.1;+Win64;+x64;+Trident/5.0)"
52.84.168.242 - - [28/Dec/2022:18:49:15 +0000] "POST login.aspx HTTP/1.1" 401 174 "https://pwnedcrowdsecbank.net/login.aspx" "Mozilla/5.0+(compatible;+MSIE+9.0;+Windows+NT+6.1;+Win64;+x64;+Trident/5.0)"
52.84.168.242 - - [28/Dec/2022:18:49:16 +0000] "POST login.aspx HTTP/1.1" 401 280 "https://pwnedcrowdsecbank.net/login.aspx" "Mozilla/5.0+(compatible;+MSIE+9.0;+Windows+NT+6.1;+Win64;+x64;+Trident/5.0)"
52.84.168.242 - - [28/Dec/2022:18:49:19 +0000] "POST login.aspx HTTP/1.1" 401 367 "https://pwnedcrowdsecbank.net/login.aspx" "Mozilla/5.0+(compatible;+MSIE+9.0;+Windows+NT+6.1;+Win64;+x64;+Trident/5.0)"
52.84.168.242 - - [28/Dec/2022:18:49:21 +0000] "POST login.aspx HTTP/1.1" 401 135 "https://pwnedcrowdsecbank.net/login.aspx" "Mozilla/5.0+(compatible;+MSIE+9.0;+Windows+NT+6.1;+Win64;+x64;+Trident/5.0)"
52.84.168.242 - - [28/Dec/2022:18:49:23 +0000] "POST login.aspx HTTP/1.1" 401 300 "https://pwnedcrowdsecbank.net/login.aspx" "Mozilla/5.0+(compatible;+MSIE+9.0;+Windows+NT+6.1;+Win64;+x64;+Trident/5.0)"
52.84.168.242 - - [28/Dec/2022:18:49:26 +0000] "POST login.aspx HTTP/1.1" 401 232 "https://pwnedcrowdsecbank.net/login.aspx" "Mozilla/5.0+(compatible;+MSIE+9.0;+Windows+NT+6.1;+Win64;+x64;+Trident/5.0)"
165.193.175.206 - - [28/Dec/2022:18:49:28 +0000] "GET favico.ico HTTP/1.1" 200 343 "https://pwnedcrowdsecbank.net/index.aspx" "Mozilla/5.0+(iPhone;+CPU+iPhone+OS+13_1_3+like+Mac+OS+X)+AppleWebKit/605.1.15+(KHTML,+like+Gecko)+Version/13.0.1+Mobile/15E148+Safari/604.1+Safari+13"
165.193.175.206 - - [28/Dec/2022:18:49:28 +0000] "GET index.aspx HTTP/1.1" 301 260 "https://pwnedcrowdsecbank.net/index.aspx" "Mozilla/5.0+(iPhone;+CPU+iPhone+OS+13_1_3+like+Mac+OS+X)+AppleWebKit/605.1.15+(KHTML,+like+Gecko)+Version/13.0.1+Mobile/15E148+Safari/604.1+Safari+13"
52.84.168.242 - - [28/Dec/2022:18:49:28 +0000] "POST login.aspx HTTP/1.1" 401 318 "https://pwnedcrowdsecbank.net/login.aspx" "Mozilla/5.0+(compatible;+MSIE+9.0;+Windows+NT+6.1;+Win64;+x64;+Trident/5.0)"
52.84.168.242 - - [28/Dec/2022:18:49:29 +0000] "POST login.aspx HTTP/1.1" 401 211 "https://pwnedcrowdsecbank.net/login.aspx" "Mozilla/5.0+(compatible;+MSIE+9.0;+Windows+NT+6.1;+Win64;+x64;+Trident/5.0)"
52.84.168.242 - - [28/Dec/2022:18:49:31 +0000] "POST login.aspx HTTP/1.1" 401 237 "https://pwnedcrowdsecbank.net/login.aspx" "Mozilla/5.0+(compatible;+MSIE+9.0;+Windows+NT+6.1;+Win64;+x64;+Trident/5.0)"
52.84.168.242 - - [28/Dec/2022:18:49:32 +0000] "POST login.aspx HTTP/1.1" 401 240 "https://pwnedcrowdsecbank.net/login.aspx" "Mozilla/5.0+(compatible;+MSIE+9.0;+Windows+NT+6.1;+Win64;+x64;+Trident/5.0)"
52.84.168.242 - - [28/Dec/2022:18:49:33 +0000] "POST login.aspx HTTP/1.1" 401 189 "https://pwnedcrowdsecbank.net/login.aspx" "Mozilla/5.0+(compatible;+MSIE+9.0;+Windows+NT+6.1;+Win64;+x64;+Trident/5.0)"
89.202.233.58 - - [28/Dec/2022:18:49:36 +0000] "GET footer.css HTTP/1.1" 200 195 "https://pwnedcrowdsecbank.net/index.aspx" "Mozilla/5.0+(Windows+NT+10.0;+WOW64;+Trident/7.0;+Touch;+rv:11.0)+like+Gecko"
89.202.233.58 - - [28/Dec/2022:18:49:36 +0000] "GET footer.css HTTP/1.1" 200 170 "https://pwnedcrowdsecbank.net/index.aspx" "Mozilla/5.0+(Windows+NT+10.0;+WOW64;+Trident/7.0;+Touch;+rv:11.0)+like+Gecko"
89.202.233.58 - - [28/Dec/2022:18:49:36 +0000] "GET ignjzbmy.js?v=187113 HTTP/1.1" 200 231 "https://pwnedcrowdsecbank.net/index.aspx" "Mozilla/5.0+(Windows+NT+10.0;+WOW64;+Trident/7.0;+Touch;+rv:11.0)+like+Gecko"
89.202.233.58 - - [28/Dec/2022:18:49:36 +0000] "GET index.aspx HTTP/1.1" 301 241 "https://pwnedcrowdsecbank.net/index.aspx" "Mozilla/5.0+(Windows+NT+10.0;+WOW64;+Trident/7.0;+Touch;+rv:11.0)+like+Gecko"
52.84.168.242 - - [28/Dec/2022:18:49:36 +0000] "POST login.aspx HTTP/1.1" 401 260 "https://pwnedcrowdsecbank.net/login.aspx" "Mozilla/5.0+(compatible;+MSIE+9.0;+Windows+NT+6.1;+Win64;+x64;+Trident/5.0)"
52.84.168.242 - - [28/Dec/2022:18:49:39 +0000] "POST login.aspx HTTP/1.1" 401 203 "https://pwnedcrowdsecbank.net/login.aspx" "Mozilla/5.0+(compatible;+MSIE+9.0;+Windows+NT+6.1;+Win64;+x64;+Trident/5.0)"
52.84.168.242 - - [28/Dec/2022:18:49:42 +0000] "POST login.aspx HTTP/1.1" 401 156 "https://pwnedcrowdsecbank.net/login.aspx" "Mozilla/5.0+(compatible;+MSIE+9.0;+Windows+NT+6.1;+Win64;+x64;+Trident/5.0)"
52.84.168.242 - - [28/Dec/2022:18:49:45 +0000] "POST login.aspx HTTP/1.1" 401 170 "https://pwnedcrowdsecbank.net/login.aspx" "Mozilla/5.0+(compatible;+MSIE+9.0;+Windows+NT+6.1;+Win64;+x64;+Trident/5.0)"
52.84.168.242 - - [28/Dec/2022:18:49:47 +0000] "POST login.aspx HTTP/1.1" 401 261 "https://pwnedcrowdsecbank.net/login.aspx" "Mozilla/5.0+(compatible;+MSIE+9.0;+Windows+NT+6.1;+Win64;+x64;+Trident/5.0)"
165.193.175.206 - - [28/Dec/2022:18:49:50 +0000] "GET dypwrruj.js?v=255187 HTTP/1.1" 200 180 "https://pwnedcrowdsecbank.net/index.aspx" "Mozilla/5.0+(iPhone;+CPU+iPhone+OS+13_1_3+like+Mac+OS+X)+AppleWebKit/605.1.15+(KHTML,+like+Gecko)+Version/13.0.1+Mobile/15E148+Safari/604.1+Safari+13"
165.193.175.206 - - [28/Dec/2022:18:49:50 +0000] "GET main.css HTTP/1.1" 200 213 "https://pwnedcrowdsecbank.net/index.aspx" "Mozilla/5.0+(iPhone;+CPU+iPhone+OS+13_1_3+like+Mac+OS+X)+AppleWebKit/605.1.15+(KHTML,+like+Gecko)+Version/13.0.1+Mobile/15E148+Safari/604.1+Safari+13"
165.193.175.206 - - [28/Dec/2022:18:49:50 +0000] "GET login.aspx HTTP/1.1" 200 225 "https://pwnedcrowdsecbank.net/index.aspx" "Mozilla/5.0+(iPhone;+CPU+iPhone+OS+13_1_3+like+Mac+OS+X)+AppleWebKit/605.1.15+(KHTML,+like+Gecko)+Version/13.0.1+Mobile/15E148+Safari/604.1+Safari+13"
52.84.168.242 - - [28/Dec/2022:18:49:50 +0000] "POST login.aspx HTTP/1.1" 401 254 "https://pwnedcrowdsecbank.net/login.aspx" "Mozilla/5.0+(compatible;+MSIE+9.0;+Windows+NT+6.1;+Win64;+x64;+Trident/5.0)"
52.84.168.242 - - [28/Dec/2022:18:49:52 +0000] "POST login.aspx HTTP/1.1" 401 163 "https://pwnedcrowdsecbank.net/login.aspx" "Mozilla/5.0+(compatible;+MSIE+9.0;+Windows+NT+6.1;+Win64;+x64;+Trident/5.0)"
52.84.168.242 - - [28/Dec/2022:18:49:54 +0000] "POST login.aspx HTTP/1.1" 401 216 "https://pwnedcrowdsecbank.net/login.aspx" "Mozilla/5.0+(compatible;+MSIE+9.0;+Windows+NT+6.1;+Win64;+x64;+Trident/5.0)"
52.84.168.242 - - [28/Dec/2022:18:49:56 +0000] "POST login.aspx HTTP/1.1" 401 146 "https://pwnedcrowdsecbank.net/login.aspx" "Mozilla/5.0+(compatible;+MSIE+9.0;+Windows+NT+6.1;+Win64;+x64;+Trident/5.0)"
52.84.168.242 - - [28/Dec/2022:18:49:58 +0000] "POST login.aspx HTTP/1.1" 401 355 "https://pwnedcrowdsecbank.net/login.aspx" "Mozilla/5.0+(compatible;+MSIE+9.0;+Windows+NT+6.1;+Win64;+x64;+Trident/5.0)"
52.84.168.242 - - [28/Dec/2022:18:50:01 +0000] "POST login.aspx HTTP/1.1" 401 338 "https://pwnedcrowdsecbank.net/login.aspx" "Mozilla/5.0+(compatible;+MSIE+9.0;+Windows+NT+6.1;+Win64;+x64;+Trident/5.0)"
165.193.175.206 - lj761203 [28/Dec/2022:18:50:02 +0000] "GET zdwcwxhe.css HTTP/1.1" 200 316 "https://pwnedcrowdsecbank.net/login.aspx" "Mozilla/5.0+(iPhone;+CPU+iPhone+OS+13_1_3+like+Mac+OS+X)+AppleWebKit/605.1.15+(KHTML,+like+Gecko)+Version/13.0.1+Mobile/15E148+Safari/604.1+Safari+13"
165.193.175.206 - lj761203 [28/Dec/2022:18:50:02 +0000] "GET ssuseyxp.css HTTP/1.1" 200 350 "https://pwnedcrowdsecbank.net/login.aspx" "Mozilla/5.0+(iPhone;+CPU+iPhone+OS+13_1_3+like+Mac+OS+X)+AppleWebKit/605.1.15+(KHTML,+like+Gecko)+Version/13.0.1+Mobile/15E148+Safari/604.1+Safari+13"
165.193.175.206 - lj761203 [28/Dec/2022:18:50:02 +0000] "POST login.aspx HTTP/1.1" 301 345 "https://pwnedcrowdsecbank.net/login.aspx" "Mozilla/5.0+(iPhone;+CPU+iPhone+OS+13_1_3+like+Mac+OS+X)+AppleWebKit/605.1.15+(KHTML,+like+Gecko)+Version/13.0.1+Mobile/15E148+Safari/604.1+Safari+13"
52.84.168.242 - - [28/Dec/2022:18:50:03 +0000] "POST login.aspx HTTP/1.1" 401 309 "https://pwnedcrowdsecbank.net/login.aspx" "Mozilla/5.0+(compatible;+MSIE+9.0;+Windows+NT+6.1;+Win64;+x64;+Trident/5.0)"
89.202.233.58 - - [28/Dec/2022:18:50:05 +0000] "GET footer.css HTTP/1.1" 200 366 "https://pwnedcrowdsecbank.net/index.aspx" "Mozilla/5.0+(Windows+NT+10.0;+WOW64;+Trident/7.0;+Touch;+rv:11.0)+like+Gecko"
89.202.233.58 - - [28/Dec/2022:18:50:05 +0000] "GET template.css?v=cymseffd HTTP/1.1" 200 337 "https://pwnedcrowdsecbank.net/index.aspx" "Mozilla/5.0+(Windows+NT+10.0;+WOW64;+Trident/7.0;+Touch;+rv:11.0)+like+Gecko"
89.202.233.58 - - [28/Dec/2022:18:50:05 +0000] "GET template.css?v=eumcwknp HTTP/1.1" 200 367 "https://pwnedcrowdsecbank.net/index.aspx" "Mozilla/5.0+(Windows+NT+10.0;+WOW64;+Trident/7.0;+Touch;+rv:11.0)+like+Gecko"
89.202.233.58 - - [28/Dec/2022:18:50:05 +0000] "GET login.aspx HTTP/1.1" 200 188 "https://pwnedcrowdsecbank.net/index.aspx" "Mozilla/5.0+(Windows+NT+10.0;+WOW64;+Trident/7.0;+Touch;+rv:11.0)+like+Gecko"
52.84.168.242 - - [28/Dec/2022:18:50:06 +0000] "POST login.aspx HTTP/1.1" 401 264 "https://pwnedcrowdsecbank.net/login.aspx" "Mozilla/5.0+(compatible;+MSIE+9.0;+Windows+NT+6.1;+Win64;+x64;+Trident/5.0)"
165.193.175.206 - lj761203 [28/Dec/2022:18:50:09 +0000] "GET xxuuiovq.css HTTP/1.1" 200 288 "https://pwnedcrowdsecbank.net/login.aspx" "Mozilla/5.0+(iPhone;+CPU+iPhone+OS+13_1_3+like+Mac+OS+X)+AppleWebKit/605.1.15+(KHTML,+like+Gecko)+Version/13.0.1+Mobile/15E148+Safari/604.1+Safari+13"
165.193.175.206 - lj761203 [28/Dec/2022:18:50:09 +0000] "GET account_status.aspx HTTP/1.1" 200 316 "https://pwnedcrowdsecbank.net/login.aspx" "Mozilla/5.0+(iPhone;+CPU+iPhone+OS+13_1_3+like+Mac+OS+X)+AppleWebKit/605.1.15+(KHTML,+like+Gecko)+Version/13.0.1+Mobile/15E148+Safari/604.1+Safari+13"
52.84.168.242 - - [28/Dec/2022:18:50:09 +0000] "POST login.aspx HTTP/1.1" 401 247 "https://pwnedcrowdsecbank.net/login.aspx" "Mozilla/5.0+(compatible;+MSIE+9.0;+Windows+NT+6.1;+Win64;+x64;+Trident/5.0)"
52.84.168.242 - - [28/Dec/2022:18:50:11 +0000] "POST login.aspx HTTP/1.1" 401 341 "https://pwnedcrowdsecbank.net/login.aspx" "Mozilla/5.0+(compatible;+MSIE+9.0;+Windows+NT+6.1;+Win64;+x64;+Trident/5.0)"
165.193.175.206 - lj761203 [28/Dec/2022:18:50:12 +0000] "GET footer.css HTTP/1.1" 200 173 "https://pwnedcrowdsecbank.net/account_status.aspx" "Mozilla/5.0+(iPhone;+CPU+iPhone+OS+13_1_3+like+Mac+OS+X)+AppleWebKit/605.1.15+(KHTML,+like+Gecko)+Version/13.0.1+Mobile/15E148+Safari/604.1+Safari+13"
165.193.175.206 - lj761203 [28/Dec/2022:18:50:12 +0000] "GET lepifqrz.css HTTP/1.1" 404 131 "https://pwnedcrowdsecbank.net/account_status.aspx" "Mozilla/5.0+(iPhone;+CPU+iPhone+OS+13_1_3+like+Mac+OS+X)+AppleWebKit/605.1.15+(KHTML,+like+Gecko)+Version/13.0.1+Mobile/15E148+Safari/604.1+Safari+13"
165.193.175.206 - lj761203 [28/Dec/2022:18:50:12 +0000] "GET transactions.aspx?page=2 HTTP/1.1" 200 283 "https://pwnedcrowdsecbank.net/account_status.aspx" "Mozilla/5.0+(iPhone;+CPU+iPhone+OS+13_1_3+like+Mac+OS+X)+AppleWebKit/605.1.15+(KHTML,+like+Gecko)+Version/13.0.1+Mobile/15E148+Safari/604.1+Safari+13"
52.84.168.242 - - [28/Dec/2022:18:50:14 +0000] "POST login.aspx HTTP/1.1" 401 259 "https://pwnedcrowdsecbank.net/login.aspx" "Mozilla/5.0+(compatible;+MSIE+9.0;+Windows+NT+6.1;+Win64;+x64;+Trident/5.0)"
52.84.168.242 - - [28/Dec/2022:18:50:17 +0000] "POST login.aspx HTTP/1.1" 401 338 "https://pwnedcrowdsecbank.net/login.aspx" "Mozilla/5.0+(compatible;+MSIE+9.0;+Windows+NT+6.1;+Win64;+x64;+Trident/5.0)"
52.84.168.242 - - [28/Dec/2022:18:50:19 +0000] "POST login.aspx HTTP/1.1" 401 160 "https://pwnedcrowdsecbank.net/login.aspx" "Mozilla/5.0+(compatible;+MSIE+9.0;+Windows+NT+6.1;+Win64;+x64;+Trident/5.0)"
52.84.168.242 - - [28/Dec/2022:18:50:22 +0000] "POST login.aspx HTTP/1.1" 401 318 "https://pwnedcrowdsecbank.net/login.aspx" "Mozilla/5.0+(compatible;+MSIE+9.0;+Windows+NT+6.1;+Win64;+x64;+Trident/5.0)"
165.193.175.206 - lj761203 [28/Dec/2022:18:50:25 +0000] "GET main.css HTTP/1.1" 200 137 "https://pwnedcrowdsecbank.net/transactions.aspx" "Mozilla/5.0+(iPhone;+CPU+iPhone+OS+13_1_3+like+Mac+OS+X)+AppleWebKit/605.1.15+(KHTML,+like+Gecko)+Version/13.0.1+Mobile/15E148+Safari/604.1+Safari+13"
165.193.175.206 - lj761203 [28/Dec/2022:18:50:25 +0000] "GET transactions.aspx?page=1 HTTP/1.1" 200 278 "https://pwnedcrowdsecbank.net/transactions.aspx" "Mozilla/5.0+(iPhone;+CPU+iPhone+OS+13_1_3+like+Mac+OS+X)+AppleWebKit/605.1.15+(KHTML,+like+Gecko)+Version/13.0.1+Mobile/15E148+Safari/604.1+Safari+13"
52.84.168.242 - - [28/Dec/2022:18:50:25 +0000] "POST login.aspx HTTP/1.1" 401 281 "https://pwnedcrowdsecbank.net/login.aspx" "Mozilla/5.0+(compatible;+MSIE+9.0;+Windows+NT+6.1;+Win64;+x64;+Trident/5.0)"
89.202.233.58 - cc771991 [28/Dec/2022:18:50:26 +0000] "GET favico.ico HTTP/1.1" 200 300 "https://pwnedcrowdsecbank.net/login.aspx" "Mozilla/5.0+(Windows+NT+10.0;+WOW64;+Trident/7.0;+Touch;+rv:11.0)+like+Gecko"
89.202.233.58 - cc771991 [28/Dec/2022:18:50:26 +0000] "POST login.aspx HTTP/1.1" 301 357 "https://pwnedcrowdsecbank.net/login.aspx" "Mozilla/5.0+(Windows+NT+10.0;+WOW64;+Trident/7.0;+Touch;+rv:11.0)+like+Gecko"
52.84.168.242 - - [28/Dec/2022:18:50:26 +0000] "POST login.aspx HTTP/1.1" 401 232 "https://pwnedcrowdsecbank.net/login.aspx" "Mozilla/5.0+(compatible;+MSIE+9.0;+Windows+NT+6.1;+Win64;+x64;+Trident/5.0)"
52.84.168.242 - - [28/Dec/2022:18:50:27 +0000] "POST login.aspx HTTP/1.1" 401 218 "https://pwnedcrowdsecbank.net/login.aspx" "Mozilla/5.0+(compatible;+MSIE+9.0;+Windows+NT+6.1;+Win64;+x64;+Trident/5.0)"
52.84.168.242 - - [28/Dec/2022:18:50:29 +0000] "POST login.aspx HTTP/1.1" 401 131 "https://pwnedcrowdsecbank.net/login.aspx" "Mozilla/5.0+(compatible;+MSIE+9.0;+Windows+NT+6.1;+Win64;+x64;+Trident/5.0)"
52.84.168.242 - - [28/Dec/2022:18:50:32 +0000] "POST login.aspx HTTP/1.1" 401 169 "https://pwnedcrowdsecbank.net/login.aspx" "Mozilla/5.0+(compatible;+MSIE+9.0;+Windows+NT+6.1;+Win64;+x64;+Trident/5.0)"
52.84.168.242 - - [28/Dec/2022:18:50:34 +0000] "POST login.aspx HTTP/1.1" 401 208 "https://pwnedcrowdsecbank.net/login.aspx" "Mozilla/5.0+(compatible;+MSIE+9.0;+Windows+NT+6.1;+Win64;+x64;+Trident/5.0)"
52.84.168.242 - - [28/Dec/2022:18:50:37 +0000] "POST login.aspx HTTP/1.1" 401 178 "https://pwnedcrowdsecbank.net/login.aspx" "Mozilla/5.0+(compatible;+MSIE+9.0;+Windows+NT+6.1;+Win64;+x64;+Trident/5.0)"
52.84.168.242 - - [28/Dec/2022:18:50:38 +0000] "POST login.aspx HTTP/1.1" 401 334 "https://pwnedcrowdsecbank.net/login.aspx" "Mozilla/5.0+(compatible;+MSIE+9.0;+Windows+NT+6.1;+Win64;+x64;+Trident/5.0)"
52.84.168.242 - - [28/Dec/2022:18:50:39 +0000] "POST login.aspx HTTP/1.1" 401 254 "https://pwnedcrowdsecbank.net/login.aspx" "Mozilla/5.0+(compatible;+MSIE+9.0;+Windows+NT+6.1;+Win64;+x64;+Trident/5.0)"
89.202.233.58 - cc771991 [28/Dec/2022:18:50:41 +0000] "GET footer.css HTTP/1.1" 200 186 "https://pwnedcrowdsecbank.net/login.aspx" "Mozilla/5.0+(Windows+NT+10.0;+WOW64;+Trident/7.0;+Touch;+rv:11.0)+like+Gecko"
89.202.233.58 - cc771991 [28/Dec/2022:18:50:41 +0000] "GET favico.ico HTTP/1.1" 200 131 "https://pwnedcrowdsecbank.net/login.aspx" "Mozilla/5.0+(Windows+NT+10.0;+WOW64;+Trident/7.0;+Touch;+rv:11.0)+like+Gecko"
89.202.233.58 - cc771991 [28/Dec/2022:18:50:41 +0000] "GET template.css?v=axtvuovt HTTP/1.1" 200 353 "https://pwnedcrowdsecbank.net/login.aspx" "Mozilla/5.0+(Windows+NT+10.0;+WOW64;+Trident/7.0;+Touch;+rv:11.0)+like+Gecko"
89.202.233.58 - cc771991 [28/Dec/2022:18:50:41 +0000] "GET account_status.aspx HTTP/1.1" 200 322 "https://pwnedcrowdsecbank.net/login.aspx" "Mozilla/5.0+(Windows+NT+10.0;+WOW64;+Trident/7.0;+Touch;+rv:11.0)+like+Gecko"
52.84.168.242 - - [28/Dec/2022:18:50:41 +0000] "POST login.aspx HTTP/1.1" 401 346 "https://pwnedcrowdsecbank.net/login.aspx" "Mozilla/5.0+(compatible;+MSIE+9.0;+Windows+NT+6.1;+Win64;+x64;+Trident/5.0)"
52.84.168.242 - - [28/Dec/2022:18:50:43 +0000] "POST login.aspx HTTP/1.1" 401 350 "https://pwnedcrowdsecbank.net/login.aspx" "Mozilla/5.0+(compatible;+MSIE+9.0;+Windows+NT+6.1;+Win64;+x64;+Trident/5.0)"
89.202.233.58 - cc771991 [28/Dec/2022:18:50:46 +0000] "GET favico.ico HTTP/1.1" 200 354 "https://pwnedcrowdsecbank.net/account_status.aspx" "Mozilla/5.0+(Windows+NT+10.0;+WOW64;+Trident/7.0;+Touch;+rv:11.0)+like+Gecko"
89.202.233.58 - cc771991 [28/Dec/2022:18:50:46 +0000] "GET oczlilkb.css HTTP/1.1" 200 179 "https://pwnedcrowdsecbank.net/account_status.aspx" "Mozilla/5.0+(Windows+NT+10.0;+WOW64;+Trident/7.0;+Touch;+rv:11.0)+like+Gecko"
89.202.233.58 - cc771991 [28/Dec/2022:18:50:46 +0000] "GET transactions.aspx?page=2 HTTP/1.1" 200 308 "https://pwnedcrowdsecbank.net/account_status.aspx" "Mozilla/5.0+(Windows+NT+10.0;+WOW64;+Trident/7.0;+Touch;+rv:11.0)+like+Gecko"
